../Core/Inc/ADS1118.h:33:19:Ads1118_Configure	1
../Core/Inc/ADS1118.h:60:19:Ads1118_Transmit	2
/Users/brandonmarcus/Desktop/UCR/SPACE/monorepo/Firmware/coreutils/config/components.h:147:14:GET_SERVO_CONFIGS	1
/Users/brandonmarcus/Desktop/UCR/SPACE/monorepo/Firmware/coreutils/config/components.h:151:15:GET_THERMO_CONFIGS	1
/Users/brandonmarcus/Desktop/UCR/SPACE/monorepo/Firmware/coreutils/config/components.h:155:15:GET_HEATER_CONFIGS	1
/Users/brandonmarcus/Desktop/UCR/SPACE/monorepo/Firmware/coreutils/config/components.h:159:11:GET_PT_CONFIGS	1
/Users/brandonmarcus/Desktop/UCR/SPACE/monorepo/Firmware/coreutils/config/components.h:163:14:GET_BOARD_CONFIGS	1
/Users/brandonmarcus/Desktop/UCR/SPACE/monorepo/Firmware/coreutils/config/components.h:167:8:GET_NUM_SERVO_CONFIGS	1
/Users/brandonmarcus/Desktop/UCR/SPACE/monorepo/Firmware/coreutils/config/components.h:171:8:GET_NUM_THERMO_CONFIGS	1
/Users/brandonmarcus/Desktop/UCR/SPACE/monorepo/Firmware/coreutils/config/components.h:175:8:GET_NUM_HEATER_CONFIGS	1
/Users/brandonmarcus/Desktop/UCR/SPACE/monorepo/Firmware/coreutils/config/components.h:179:8:GET_NUM_PT_CONFIGS	1
/Users/brandonmarcus/Desktop/UCR/SPACE/monorepo/Firmware/coreutils/config/components.h:183:8:GET_NUM_BOARD_CONFIGS	1
/Users/brandonmarcus/Desktop/UCR/SPACE/monorepo/Firmware/coreutils/config/components.h:188:14:GET_SERVO_CONFIG	3
/Users/brandonmarcus/Desktop/UCR/SPACE/monorepo/Firmware/coreutils/config/components.h:197:15:GET_THERMO_CONFIG	3
/Users/brandonmarcus/Desktop/UCR/SPACE/monorepo/Firmware/coreutils/config/components.h:206:15:GET_HEATER_CONFIG	3
/Users/brandonmarcus/Desktop/UCR/SPACE/monorepo/Firmware/coreutils/config/components.h:215:11:GET_PT_CONFIG	3
/Users/brandonmarcus/Desktop/UCR/SPACE/monorepo/Firmware/coreutils/config/components.h:226:10:GET_SERVO_CAN_ID	4
/Users/brandonmarcus/Desktop/UCR/SPACE/monorepo/Firmware/coreutils/config/components.h:237:10:GET_THERMO_CAN_ID	4
/Users/brandonmarcus/Desktop/UCR/SPACE/monorepo/Firmware/coreutils/config/components.h:249:10:GET_HEATER_CAN_ID	4
/Users/brandonmarcus/Desktop/UCR/SPACE/monorepo/Firmware/coreutils/config/components.h:260:10:GET_PT_CAN_ID	4
/Users/brandonmarcus/Desktop/UCR/SPACE/monorepo/Firmware/coreutils/config/config.h:90:6:GET_BOARD_UID	1
/Users/brandonmarcus/Desktop/UCR/SPACE/monorepo/Firmware/coreutils/config/config.h:102:10:GET_CAN_ID_FROM_BOARD_UID	9
/Users/brandonmarcus/Desktop/UCR/SPACE/monorepo/Firmware/coreutils/config/config.h:140:11:GET_BOARD_ID_FROM_PNID	11
/Users/brandonmarcus/Desktop/UCR/SPACE/monorepo/Firmware/coreutils/config/config.h:185:9:GET_SHORT_BOARD_ID	3
/Users/brandonmarcus/Desktop/UCR/SPACE/monorepo/Firmware/coreutils/config/config.h:203:9:GET_SHORT_BOARD_ID_FROM_CAN_ID	1
/Users/brandonmarcus/Desktop/UCR/SPACE/monorepo/Firmware/coreutils/config/config.h:213:11:GET_BOARD_UID_FROM_CAN_ID	3
/Users/brandonmarcus/Desktop/UCR/SPACE/monorepo/Firmware/coreutils/utils/board_utils.h:40:6:STARTUP	1
/Users/brandonmarcus/Desktop/UCR/SPACE/monorepo/Firmware/coreutils/utils/board_utils.h:45:6:STATUS_IND_On	1
/Users/brandonmarcus/Desktop/UCR/SPACE/monorepo/Firmware/coreutils/utils/board_utils.h:49:6:STATUS_IND_Off	1
/Users/brandonmarcus/Desktop/UCR/SPACE/monorepo/Firmware/coreutils/utils/board_utils.h:53:6:STATUS_IND_Toggle	1
/Users/brandonmarcus/Desktop/UCR/SPACE/monorepo/Firmware/coreutils/utils/board_utils.h:57:6:Tick_SIGNAL	5
/Users/brandonmarcus/Desktop/UCR/SPACE/monorepo/Firmware/coreutils/utils/board_utils.h:92:6:CRITIAL_ERROR_GENERIC_On	1
/Users/brandonmarcus/Desktop/UCR/SPACE/monorepo/Firmware/coreutils/utils/board_utils.h:111:6:GET_BOARD_UUID	1
/Users/brandonmarcus/Desktop/UCR/SPACE/monorepo/Firmware/coreutils/utils/board_utils.h:117:6:COMPARE_UID	1
/Users/brandonmarcus/Desktop/UCR/SPACE/monorepo/Firmware/coreutils/utils/can_utils.h:31:19:send_can_msg	1
/Users/brandonmarcus/Desktop/UCR/SPACE/monorepo/Firmware/coreutils/utils/can_utils.h:44:10:build_can_extended_id	1
/Users/brandonmarcus/Desktop/UCR/SPACE/monorepo/Firmware/coreutils/utils/can_utils.h:54:6:parse_can_extended_id	1
/Users/brandonmarcus/Desktop/UCR/SPACE/monorepo/Firmware/coreutils/utils/can_utils.h:62:19:send_can_ack	1
../Core/Src/main.c:107:6:send_pt_status_can	1
../Core/Src/main.c:136:5:main	26
../Core/Src/main.c:361:6:SystemClock_Config	3
../Core/Src/main.c:399:13:MX_CAN_Init	2
../Core/Src/main.c:436:13:MX_SPI1_Init	2
../Core/Src/main.c:476:13:MX_TIM2_Init	4
../Core/Src/main.c:521:13:MX_TIM3_Init	4
../Core/Src/main.c:566:13:MX_TIM14_Init	2
../Core/Src/main.c:595:13:MX_DMA_Init	1
../Core/Src/main.c:613:13:MX_GPIO_Init	1
../Core/Src/main.c:649:7:temperature_code_to_temperature	2
../Core/Src/main.c:676:6:HAL_SPI_TxRxCpltCallback	4
../Core/Src/main.c:695:6:HAL_TIM_PeriodElapsedCallback	5
../Core/Src/main.c:732:6:HAL_CAN_RxFifo0MsgPendingCallback	5
../Core/Src/main.c:767:10:frequency_to_period_ms	1
../Core/Src/main.c:771:13:GET_PORT_A_READING	3
../Core/Src/main.c:781:13:GET_PORT_B_READING	3
../Core/Src/main.c:792:14:CONVERT_ADC_READING	1
../Core/Src/main.c:798:13:INSERT_FLOAT_TO_TX_DATA	1
../Core/Src/main.c:807:6:Error_Handler	1
