../Core/Inc/ADS1118.h:31:19:Ads1118_Configure	32	static
../Core/Inc/ADS1118.h:56:19:Ads1118_Transmit	32	static
../Core/Src/main.c:89:5:main	72	static
../Core/Src/main.c:195:6:SystemClock_Config	88	static
../Core/Src/main.c:233:13:MX_CAN_Init	8	static
../Core/Src/main.c:270:13:MX_SPI1_Init	8	static
../Core/Src/main.c:310:13:MX_TIM14_Init	8	static
../Core/Src/main.c:339:13:MX_DMA_Init	16	static
../Core/Src/main.c:357:13:MX_GPIO_Init	48	static
../Core/Src/main.c:393:7:temperature_code_to_temperature	16	static
../Core/Src/main.c:401:19:send_can_msg	56	static
../Core/Src/main.c:419:6:HAL_CAN_RxFifo0MsgPendingCallback	72	static
../Core/Src/main.c:449:6:HAL_SPI_TxRxCpltCallback	16	static
../Core/Src/main.c:453:6:HAL_TIM_PeriodElapsedCallback	16	static
../Core/Src/main.c:477:6:Error_Handler	8	static,ignoring_inline_asm
