../Core/Inc/ADS1118.h:31:19:Ads1118_Configure	32	static
../Core/Inc/ADS1118.h:56:19:Ads1118_Transmit	32	static
C:/Users/zan/Desktop/Alex/HSP/monorepo/Firmware/coreutils/config/components.h:104:14:GET_SERVO_CONFIGS	8	static
C:/Users/zan/Desktop/Alex/HSP/monorepo/Firmware/coreutils/config/components.h:108:15:GET_THERMO_CONFIGS	8	static
C:/Users/zan/Desktop/Alex/HSP/monorepo/Firmware/coreutils/config/components.h:112:15:GET_HEATER_CONFIGS	8	static
C:/Users/zan/Desktop/Alex/HSP/monorepo/Firmware/coreutils/config/components.h:116:11:GET_PT_CONFIGS	8	static
C:/Users/zan/Desktop/Alex/HSP/monorepo/Firmware/coreutils/config/components.h:120:14:GET_BOARD_CONFIGS	8	static
C:/Users/zan/Desktop/Alex/HSP/monorepo/Firmware/coreutils/config/components.h:124:8:GET_NUM_SERVO_CONFIGS	8	static
C:/Users/zan/Desktop/Alex/HSP/monorepo/Firmware/coreutils/config/components.h:128:8:GET_NUM_THERMO_CONFIGS	8	static
C:/Users/zan/Desktop/Alex/HSP/monorepo/Firmware/coreutils/config/components.h:132:8:GET_NUM_HEATER_CONFIGS	8	static
C:/Users/zan/Desktop/Alex/HSP/monorepo/Firmware/coreutils/config/components.h:136:8:GET_NUM_PT_CONFIGS	8	static
C:/Users/zan/Desktop/Alex/HSP/monorepo/Firmware/coreutils/config/components.h:140:8:GET_NUM_BOARD_CONFIGS	8	static
C:/Users/zan/Desktop/Alex/HSP/monorepo/Firmware/coreutils/config/components.h:145:14:GET_SERVO_CONFIG	24	static
C:/Users/zan/Desktop/Alex/HSP/monorepo/Firmware/coreutils/config/components.h:154:15:GET_THERMO_CONFIG	24	static
C:/Users/zan/Desktop/Alex/HSP/monorepo/Firmware/coreutils/config/components.h:163:15:GET_HEATER_CONFIG	24	static
C:/Users/zan/Desktop/Alex/HSP/monorepo/Firmware/coreutils/config/components.h:172:11:GET_PT_CONFIG	24	static
C:/Users/zan/Desktop/Alex/HSP/monorepo/Firmware/coreutils/config/components.h:183:10:GET_SERVO_CAN_ID	24	static
C:/Users/zan/Desktop/Alex/HSP/monorepo/Firmware/coreutils/config/components.h:194:10:GET_THERMO_CAN_ID	24	static
C:/Users/zan/Desktop/Alex/HSP/monorepo/Firmware/coreutils/config/components.h:206:10:GET_HEATER_CAN_ID	24	static
C:/Users/zan/Desktop/Alex/HSP/monorepo/Firmware/coreutils/config/components.h:217:10:GET_PT_CAN_ID	24	static
C:/Users/zan/Desktop/Alex/HSP/monorepo/Firmware/coreutils/config/config.h:59:6:GET_BOARD_UID	24	static
C:/Users/zan/Desktop/Alex/HSP/monorepo/Firmware/coreutils/config/config.h:71:10:GET_CAN_ID_FROM_BOARD_UID	48	static
C:/Users/zan/Desktop/Alex/HSP/monorepo/Firmware/coreutils/config/config.h:109:11:GET_BOARD_ID_FROM_PNID	48	static
C:/Users/zan/Desktop/Alex/HSP/monorepo/Firmware/coreutils/config/config.h:147:9:GET_SHORT_BOARD_ID	24	static
C:/Users/zan/Desktop/Alex/HSP/monorepo/Firmware/coreutils/config/config.h:165:9:GET_SHORT_BOARD_ID_FROM_CAN_ID	16	static
C:/Users/zan/Desktop/Alex/HSP/monorepo/Firmware/coreutils/config/config.h:175:11:GET_BOARD_UID_FROM_CAN_ID	40	static
C:/Users/zan/Desktop/Alex/HSP/monorepo/Firmware/coreutils/utils/board_utils.h:40:6:STARTUP	8	static
C:/Users/zan/Desktop/Alex/HSP/monorepo/Firmware/coreutils/utils/board_utils.h:45:6:STATUS_IND_On	8	static
C:/Users/zan/Desktop/Alex/HSP/monorepo/Firmware/coreutils/utils/board_utils.h:49:6:STATUS_IND_Off	8	static
C:/Users/zan/Desktop/Alex/HSP/monorepo/Firmware/coreutils/utils/board_utils.h:53:6:STATUS_IND_Toggle	8	static
C:/Users/zan/Desktop/Alex/HSP/monorepo/Firmware/coreutils/utils/board_utils.h:57:6:Tick_SIGNAL	24	static
C:/Users/zan/Desktop/Alex/HSP/monorepo/Firmware/coreutils/utils/board_utils.h:91:6:CRITIAL_ERROR_GENERIC_On	8	static
C:/Users/zan/Desktop/Alex/HSP/monorepo/Firmware/coreutils/utils/board_utils.h:110:6:GET_BOARD_UUID	24	static
C:/Users/zan/Desktop/Alex/HSP/monorepo/Firmware/coreutils/utils/board_utils.h:116:6:COMPARE_UID	16	static
C:/Users/zan/Desktop/Alex/HSP/monorepo/Firmware/coreutils/utils/can_utils.h:25:19:send_can_msg	56	static
C:/Users/zan/Desktop/Alex/HSP/monorepo/Firmware/coreutils/utils/can_utils.h:37:10:build_can_extended_id	32	static
C:/Users/zan/Desktop/Alex/HSP/monorepo/Firmware/coreutils/utils/can_utils.h:47:6:parse_can_extended_id	24	static
../Core/Src/main.c:115:5:main	88	static
../Core/Src/main.c:302:6:SystemClock_Config	88	static
../Core/Src/main.c:340:13:MX_CAN_Init	8	static
../Core/Src/main.c:377:13:MX_SPI1_Init	8	static
../Core/Src/main.c:417:13:MX_TIM2_Init	32	static
../Core/Src/main.c:462:13:MX_TIM3_Init	32	static
../Core/Src/main.c:507:13:MX_TIM14_Init	8	static
../Core/Src/main.c:536:13:MX_DMA_Init	16	static
../Core/Src/main.c:554:13:MX_GPIO_Init	48	static
../Core/Src/main.c:590:7:temperature_code_to_temperature	16	static
../Core/Src/main.c:616:6:HAL_SPI_TxRxCpltCallback	16	static
../Core/Src/main.c:629:6:HAL_TIM_PeriodElapsedCallback	16	static
../Core/Src/main.c:666:6:HAL_CAN_RxFifo0MsgPendingCallback	80	static
../Core/Src/main.c:701:10:frequency_to_period_ms	16	static
../Core/Src/main.c:705:13:GET_PORT_A_READING	16	static
../Core/Src/main.c:715:13:GET_PORT_B_READING	16	static
../Core/Src/main.c:726:14:CONVERT_ADC_READING	32	static
../Core/Src/main.c:732:13:INSERT_FLOAT_TO_TX_DATA	16	static
../Core/Src/main.c:741:6:Error_Handler	8	static,ignoring_inline_asm
