../Core/Inc/ADS1118.h:33:19:Ads1118_Configure	32	static
../Core/Inc/ADS1118.h:60:19:Ads1118_Transmit	32	static
/Users/brandonmarcus/Desktop/UCR/SPACE/monorepo/Firmware/coreutils/config/components.h:104:14:GET_SERVO_CONFIGS	8	static
/Users/brandonmarcus/Desktop/UCR/SPACE/monorepo/Firmware/coreutils/config/components.h:108:15:GET_THERMO_CONFIGS	8	static
/Users/brandonmarcus/Desktop/UCR/SPACE/monorepo/Firmware/coreutils/config/components.h:112:15:GET_HEATER_CONFIGS	8	static
/Users/brandonmarcus/Desktop/UCR/SPACE/monorepo/Firmware/coreutils/config/components.h:116:11:GET_PT_CONFIGS	8	static
/Users/brandonmarcus/Desktop/UCR/SPACE/monorepo/Firmware/coreutils/config/components.h:120:14:GET_BOARD_CONFIGS	8	static
/Users/brandonmarcus/Desktop/UCR/SPACE/monorepo/Firmware/coreutils/config/components.h:124:8:GET_NUM_SERVO_CONFIGS	8	static
/Users/brandonmarcus/Desktop/UCR/SPACE/monorepo/Firmware/coreutils/config/components.h:128:8:GET_NUM_THERMO_CONFIGS	8	static
/Users/brandonmarcus/Desktop/UCR/SPACE/monorepo/Firmware/coreutils/config/components.h:132:8:GET_NUM_HEATER_CONFIGS	8	static
/Users/brandonmarcus/Desktop/UCR/SPACE/monorepo/Firmware/coreutils/config/components.h:136:8:GET_NUM_PT_CONFIGS	8	static
/Users/brandonmarcus/Desktop/UCR/SPACE/monorepo/Firmware/coreutils/config/components.h:140:8:GET_NUM_BOARD_CONFIGS	8	static
/Users/brandonmarcus/Desktop/UCR/SPACE/monorepo/Firmware/coreutils/config/components.h:145:14:GET_SERVO_CONFIG	24	static
/Users/brandonmarcus/Desktop/UCR/SPACE/monorepo/Firmware/coreutils/config/components.h:154:15:GET_THERMO_CONFIG	24	static
/Users/brandonmarcus/Desktop/UCR/SPACE/monorepo/Firmware/coreutils/config/components.h:163:15:GET_HEATER_CONFIG	24	static
/Users/brandonmarcus/Desktop/UCR/SPACE/monorepo/Firmware/coreutils/config/components.h:172:11:GET_PT_CONFIG	24	static
/Users/brandonmarcus/Desktop/UCR/SPACE/monorepo/Firmware/coreutils/config/components.h:183:10:GET_SERVO_CAN_ID	24	static
/Users/brandonmarcus/Desktop/UCR/SPACE/monorepo/Firmware/coreutils/config/components.h:194:10:GET_THERMO_CAN_ID	24	static
/Users/brandonmarcus/Desktop/UCR/SPACE/monorepo/Firmware/coreutils/config/components.h:206:10:GET_HEATER_CAN_ID	24	static
/Users/brandonmarcus/Desktop/UCR/SPACE/monorepo/Firmware/coreutils/config/components.h:217:10:GET_PT_CAN_ID	24	static
/Users/brandonmarcus/Desktop/UCR/SPACE/monorepo/Firmware/coreutils/config/config.h:87:6:GET_BOARD_UID	24	static
/Users/brandonmarcus/Desktop/UCR/SPACE/monorepo/Firmware/coreutils/config/config.h:99:10:GET_CAN_ID_FROM_BOARD_UID	48	static
/Users/brandonmarcus/Desktop/UCR/SPACE/monorepo/Firmware/coreutils/config/config.h:137:11:GET_BOARD_ID_FROM_PNID	56	static
/Users/brandonmarcus/Desktop/UCR/SPACE/monorepo/Firmware/coreutils/config/config.h:182:9:GET_SHORT_BOARD_ID	24	static
/Users/brandonmarcus/Desktop/UCR/SPACE/monorepo/Firmware/coreutils/config/config.h:200:9:GET_SHORT_BOARD_ID_FROM_CAN_ID	16	static
/Users/brandonmarcus/Desktop/UCR/SPACE/monorepo/Firmware/coreutils/config/config.h:210:11:GET_BOARD_UID_FROM_CAN_ID	40	static
/Users/brandonmarcus/Desktop/UCR/SPACE/monorepo/Firmware/coreutils/utils/board_utils.h:40:6:STARTUP	8	static
/Users/brandonmarcus/Desktop/UCR/SPACE/monorepo/Firmware/coreutils/utils/board_utils.h:45:6:STATUS_IND_On	8	static
/Users/brandonmarcus/Desktop/UCR/SPACE/monorepo/Firmware/coreutils/utils/board_utils.h:49:6:STATUS_IND_Off	8	static
/Users/brandonmarcus/Desktop/UCR/SPACE/monorepo/Firmware/coreutils/utils/board_utils.h:53:6:STATUS_IND_Toggle	8	static
/Users/brandonmarcus/Desktop/UCR/SPACE/monorepo/Firmware/coreutils/utils/board_utils.h:57:6:Tick_SIGNAL	24	static
/Users/brandonmarcus/Desktop/UCR/SPACE/monorepo/Firmware/coreutils/utils/board_utils.h:92:6:CRITIAL_ERROR_GENERIC_On	8	static
/Users/brandonmarcus/Desktop/UCR/SPACE/monorepo/Firmware/coreutils/utils/board_utils.h:111:6:GET_BOARD_UUID	24	static
/Users/brandonmarcus/Desktop/UCR/SPACE/monorepo/Firmware/coreutils/utils/board_utils.h:117:6:COMPARE_UID	16	static
/Users/brandonmarcus/Desktop/UCR/SPACE/monorepo/Firmware/coreutils/utils/can_utils.h:31:19:send_can_msg	56	static
/Users/brandonmarcus/Desktop/UCR/SPACE/monorepo/Firmware/coreutils/utils/can_utils.h:43:10:build_can_extended_id	32	static
/Users/brandonmarcus/Desktop/UCR/SPACE/monorepo/Firmware/coreutils/utils/can_utils.h:53:6:parse_can_extended_id	24	static
/Users/brandonmarcus/Desktop/UCR/SPACE/monorepo/Firmware/coreutils/utils/can_utils.h:61:19:send_can_ack	32	static
../Core/Src/main.c:107:6:send_pt_status_can	64	static
../Core/Src/main.c:136:5:main	80	static
../Core/Src/main.c:360:6:SystemClock_Config	88	static
../Core/Src/main.c:398:13:MX_CAN_Init	8	static
../Core/Src/main.c:435:13:MX_SPI1_Init	8	static
../Core/Src/main.c:475:13:MX_TIM2_Init	32	static
../Core/Src/main.c:520:13:MX_TIM3_Init	32	static
../Core/Src/main.c:565:13:MX_TIM14_Init	8	static
../Core/Src/main.c:594:13:MX_DMA_Init	16	static
../Core/Src/main.c:612:13:MX_GPIO_Init	48	static
../Core/Src/main.c:648:7:temperature_code_to_temperature	16	static
../Core/Src/main.c:675:6:HAL_SPI_TxRxCpltCallback	16	static
../Core/Src/main.c:694:6:HAL_TIM_PeriodElapsedCallback	16	static
../Core/Src/main.c:731:6:HAL_CAN_RxFifo0MsgPendingCallback	80	static
../Core/Src/main.c:766:10:frequency_to_period_ms	16	static
../Core/Src/main.c:770:13:GET_PORT_A_READING	16	static
../Core/Src/main.c:780:13:GET_PORT_B_READING	16	static
../Core/Src/main.c:791:14:CONVERT_ADC_READING	32	static
../Core/Src/main.c:797:13:INSERT_FLOAT_TO_TX_DATA	16	static
../Core/Src/main.c:806:6:Error_Handler	8	static,ignoring_inline_asm
