../Core/Inc/ADS1118.h:31:19:Ads1118_Configure	32	static
../Core/Inc/ADS1118.h:56:19:Ads1118_Transmit	32	static
C:/Users/zande/Desktop/HSP/monorepo/Firmware/coreutils/config/components.h:103:14:GET_SERVO_CONFIGS	8	static
C:/Users/zande/Desktop/HSP/monorepo/Firmware/coreutils/config/components.h:107:15:GET_THERMO_CONFIGS	8	static
C:/Users/zande/Desktop/HSP/monorepo/Firmware/coreutils/config/components.h:111:15:GET_HEATER_CONFIGS	8	static
C:/Users/zande/Desktop/HSP/monorepo/Firmware/coreutils/config/components.h:115:11:GET_PT_CONFIGS	8	static
C:/Users/zande/Desktop/HSP/monorepo/Firmware/coreutils/config/components.h:119:14:GET_BOARD_CONFIGS	8	static
C:/Users/zande/Desktop/HSP/monorepo/Firmware/coreutils/config/components.h:123:8:GET_NUM_SERVO_CONFIGS	8	static
C:/Users/zande/Desktop/HSP/monorepo/Firmware/coreutils/config/components.h:127:8:GET_NUM_THERMO_CONFIGS	8	static
C:/Users/zande/Desktop/HSP/monorepo/Firmware/coreutils/config/components.h:131:8:GET_NUM_HEATER_CONFIGS	8	static
C:/Users/zande/Desktop/HSP/monorepo/Firmware/coreutils/config/components.h:135:8:GET_NUM_PT_CONFIGS	8	static
C:/Users/zande/Desktop/HSP/monorepo/Firmware/coreutils/config/components.h:139:8:GET_NUM_BOARD_CONFIGS	8	static
C:/Users/zande/Desktop/HSP/monorepo/Firmware/coreutils/config/components.h:144:14:GET_SERVO_CONFIG	24	static
C:/Users/zande/Desktop/HSP/monorepo/Firmware/coreutils/config/components.h:153:15:GET_THERMO_CONFIG	24	static
C:/Users/zande/Desktop/HSP/monorepo/Firmware/coreutils/config/components.h:162:15:GET_HEATER_CONFIG	24	static
C:/Users/zande/Desktop/HSP/monorepo/Firmware/coreutils/config/components.h:171:11:GET_PT_CONFIG	24	static
C:/Users/zande/Desktop/HSP/monorepo/Firmware/coreutils/config/components.h:182:10:GET_SERVO_CAN_ID	24	static
C:/Users/zande/Desktop/HSP/monorepo/Firmware/coreutils/config/components.h:193:10:GET_THERMO_CAN_ID	24	static
C:/Users/zande/Desktop/HSP/monorepo/Firmware/coreutils/config/components.h:205:10:GET_HEATER_CAN_ID	24	static
C:/Users/zande/Desktop/HSP/monorepo/Firmware/coreutils/config/components.h:216:10:GET_PT_CAN_ID	24	static
C:/Users/zande/Desktop/HSP/monorepo/Firmware/coreutils/config/config.h:59:6:GET_BOARD_UID	24	static
C:/Users/zande/Desktop/HSP/monorepo/Firmware/coreutils/config/config.h:71:10:GET_CAN_ID_FROM_BOARD_UID	48	static
C:/Users/zande/Desktop/HSP/monorepo/Firmware/coreutils/config/config.h:109:11:GET_BOARD_ID_FROM_PNID	48	static
C:/Users/zande/Desktop/HSP/monorepo/Firmware/coreutils/config/config.h:161:9:GET_SHORT_BOARD_ID	24	static
C:/Users/zande/Desktop/HSP/monorepo/Firmware/coreutils/config/config.h:179:9:GET_SHORT_BOARD_ID_FROM_CAN_ID	16	static
C:/Users/zande/Desktop/HSP/monorepo/Firmware/coreutils/config/config.h:189:11:GET_BOARD_UID_FROM_CAN_ID	40	static
C:/Users/zande/Desktop/HSP/monorepo/Firmware/coreutils/utils/board_utils.h:42:6:STARTUP	8	static
C:/Users/zande/Desktop/HSP/monorepo/Firmware/coreutils/utils/board_utils.h:47:6:STATUS_IND_On	8	static
C:/Users/zande/Desktop/HSP/monorepo/Firmware/coreutils/utils/board_utils.h:51:6:STATUS_IND_Off	8	static
C:/Users/zande/Desktop/HSP/monorepo/Firmware/coreutils/utils/board_utils.h:55:6:STATUS_IND_Toggle	8	static
C:/Users/zande/Desktop/HSP/monorepo/Firmware/coreutils/utils/board_utils.h:59:6:Tick_SIGNAL	24	static
C:/Users/zande/Desktop/HSP/monorepo/Firmware/coreutils/utils/board_utils.h:93:6:CRITIAL_ERROR_GENERIC_On	8	static
C:/Users/zande/Desktop/HSP/monorepo/Firmware/coreutils/utils/board_utils.h:112:6:GET_BOARD_UUID	24	static
C:/Users/zande/Desktop/HSP/monorepo/Firmware/coreutils/utils/board_utils.h:118:6:COMPARE_UID	16	static
C:/Users/zande/Desktop/HSP/monorepo/Firmware/coreutils/utils/can_utils.h:25:19:send_can_msg	56	static
C:/Users/zande/Desktop/HSP/monorepo/Firmware/coreutils/utils/can_utils.h:37:10:build_can_extended_id	32	static
C:/Users/zande/Desktop/HSP/monorepo/Firmware/coreutils/utils/can_utils.h:47:6:parse_can_extended_id	24	static
../Core/Src/main.c:96:5:main	88	static
../Core/Src/main.c:272:6:SystemClock_Config	88	static
../Core/Src/main.c:310:13:MX_CAN_Init	8	static
../Core/Src/main.c:347:13:MX_SPI1_Init	8	static
../Core/Src/main.c:387:13:MX_TIM2_Init	32	static
../Core/Src/main.c:432:13:MX_TIM3_Init	32	static
../Core/Src/main.c:477:13:MX_TIM14_Init	8	static
../Core/Src/main.c:506:13:MX_DMA_Init	16	static
../Core/Src/main.c:524:13:MX_GPIO_Init	48	static
../Core/Src/main.c:560:7:temperature_code_to_temperature	16	static
../Core/Src/main.c:586:6:HAL_SPI_TxRxCpltCallback	16	static
../Core/Src/main.c:590:6:HAL_TIM_PeriodElapsedCallback	24	static
../Core/Src/main.c:623:6:HAL_CAN_RxFifo0MsgPendingCallback	80	static
../Core/Src/main.c:658:10:frequency_to_period_ms	16	static
../Core/Src/main.c:667:6:Error_Handler	8	static,ignoring_inline_asm
