../Core/Src/stm32f0xx_it.c:75:6:NMI_Handler	8	static
../Core/Src/stm32f0xx_it.c:90:6:HardFault_Handler	8	static
../Core/Src/stm32f0xx_it.c:105:6:SVC_Handler	8	static
../Core/Src/stm32f0xx_it.c:118:6:PendSV_Handler	8	static
../Core/Src/stm32f0xx_it.c:131:6:SysTick_Handler	8	static
../Core/Src/stm32f0xx_it.c:152:6:DMA1_Channel2_3_IRQHandler	8	static
../Core/Src/stm32f0xx_it.c:167:6:TIM2_IRQHandler	8	static
../Core/Src/stm32f0xx_it.c:180:6:TIM3_IRQHandler	8	static
../Core/Src/stm32f0xx_it.c:194:6:TIM14_IRQHandler	8	static
../Core/Src/stm32f0xx_it.c:207:6:SPI1_IRQHandler	8	static
../Core/Src/stm32f0xx_it.c:221:6:CEC_CAN_IRQHandler	8	static
