../Core/Inc/deg_to_ccr.h:13:10:Deg_To_CCR	48	static
../Core/Inc/create_ack.h:13:9:Create_Ack	4	static
../Core/Inc/eo1.h:16:6:Tick_EO1	96	static
../Core/Inc/no6.h:16:6:Tick_NO6	96	static
../Core/Inc/no4.h:16:6:Tick_NO4	96	static
../Core/Inc/no3.h:16:6:Tick_NO3	96	static
../Core/Inc/no2.h:16:6:Tick_NO2	96	static
../Core/Inc/igniter.h:14:6:Tick_Igniter	16	static
../Core/Inc/servo.h:15:6:Servo_Disable	8	static
../Core/Inc/servo.h:25:6:Servo_Enable	8	static
../Core/Src/main.c:86:5:main	8	static
../Core/Src/main.c:193:6:SystemClock_Config	96	static
../Core/Src/main.c:240:13:MX_TIM1_Init	96	static
../Core/Src/main.c:314:13:MX_TIM2_Init	48	static
../Core/Src/main.c:363:13:MX_TIM3_Init	48	static
../Core/Src/main.c:412:13:MX_TIM16_Init	80	static
../Core/Src/main.c:475:13:MX_USART1_UART_Init	8	static
../Core/Src/main.c:510:13:MX_USART2_UART_Init	8	static
../Core/Src/main.c:545:13:MX_GPIO_Init	40	static
../Core/Src/main.c:588:6:HAL_UART_RxCpltCallback	16	static
../Core/Src/main.c:594:6:Tick_Components	8	static
../Core/Src/main.c:613:6:Error_Handler	4	static,ignoring_inline_asm
