../Core/Inc/deg_to_ccr.h:13:10:Deg_To_CCR	48	static
../Core/Inc/create_ack.h:13:9:Create_Ack	4	static
../Core/Inc/breakwire.h:13:15:Check_Breakwire	8	static
../Core/Inc/breakwire.h:17:6:Breakwire_LED_On	8	static
../Core/Inc/breakwire.h:21:6:Breakwire_LED_Off	8	static
../Core/Inc/breakwire.h:25:6:Tick_Breakwire_LED	24	static
../Core/Inc/eo1.h:17:6:Tick_EO1	112	static
../Core/Inc/no6.h:17:6:Tick_NO6	112	static
../Core/Inc/no4.h:16:6:Tick_NO4	96	static
../Core/Inc/no3.h:16:6:Tick_NO3	96	static
../Core/Inc/no2.h:16:6:Tick_NO2	96	static
../Core/Inc/igniter.h:14:6:Tick_Igniter	16	static
../Core/Inc/servo.h:15:6:Servo_Disable	8	static
../Core/Inc/servo.h:25:6:Servo_Enable	8	static
../Core/Src/main.c:87:5:main	8	static
../Core/Src/main.c:192:6:SystemClock_Config	96	static
../Core/Src/main.c:239:13:MX_TIM1_Init	96	static
../Core/Src/main.c:313:13:MX_TIM2_Init	48	static
../Core/Src/main.c:362:13:MX_TIM3_Init	48	static
../Core/Src/main.c:411:13:MX_TIM16_Init	80	static
../Core/Src/main.c:474:13:MX_USART1_UART_Init	8	static
../Core/Src/main.c:509:13:MX_USART2_UART_Init	8	static
../Core/Src/main.c:544:13:MX_GPIO_Init	40	static
../Core/Src/main.c:603:6:HAL_UART_RxCpltCallback	16	static
../Core/Src/main.c:609:6:Tick_Components	8	static
../Core/Src/main.c:629:6:Error_Handler	4	static,ignoring_inline_asm
