../Core/Src/main.c:74:5:main	48	static
../Core/Src/main.c:140:6:SystemClock_Config	72	static
../Core/Src/main.c:177:13:MX_CAN_Init	8	static
../Core/Src/main.c:214:13:MX_USART2_UART_Init	8	static
../Core/Src/main.c:249:13:MX_GPIO_Init	40	static
../Core/Src/main.c:275:6:HAL_CAN_RxFifo0MsgPendingCallback	16	static
../Core/Src/main.c:284:6:Parse_Config_Command	8	static
../Core/Src/main.c:291:19:send_can_msg	56	static
../Core/Src/main.c:312:6:HAL_UART_RxCpltCallback	32	static
../Core/Src/main.c:331:6:Error_Handler	4	static,ignoring_inline_asm
