C:/Users/zande/Desktop/HSP/monorepo/Firmware/coreutils/config/components.h:84:14:GET_SERVO_CONFIGS	1
C:/Users/zande/Desktop/HSP/monorepo/Firmware/coreutils/config/components.h:88:15:GET_THERMO_CONFIGS	1
C:/Users/zande/Desktop/HSP/monorepo/Firmware/coreutils/config/components.h:92:15:GET_HEATER_CONFIGS	1
C:/Users/zande/Desktop/HSP/monorepo/Firmware/coreutils/config/components.h:97:8:GET_NUM_SERVO_CONFIGS	1
C:/Users/zande/Desktop/HSP/monorepo/Firmware/coreutils/config/components.h:101:8:GET_NUM_THERMO_CONFIGS	1
C:/Users/zande/Desktop/HSP/monorepo/Firmware/coreutils/config/components.h:105:8:GET_NUM_HEATER_CONFIGS	1
C:/Users/zande/Desktop/HSP/monorepo/Firmware/coreutils/config/components.h:110:14:GET_SERVO_CONFIG	3
C:/Users/zande/Desktop/HSP/monorepo/Firmware/coreutils/config/components.h:119:15:GET_THERMO_CONFIG	3
C:/Users/zande/Desktop/HSP/monorepo/Firmware/coreutils/config/components.h:128:15:GET_HEATER_CONFIG	3
C:/Users/zande/Desktop/HSP/monorepo/Firmware/coreutils/config/components.h:139:10:GET_SERVO_CAN_ID	4
C:/Users/zande/Desktop/HSP/monorepo/Firmware/coreutils/config/components.h:151:10:GET_THERMO_CAN_ID	4
C:/Users/zande/Desktop/HSP/monorepo/Firmware/coreutils/config/components.h:163:10:GET_HEATER_CAN_ID	4
C:/Users/zande/Desktop/HSP/monorepo/Firmware/coreutils/config/config.h:60:6:GET_BOARD_UID	1
C:/Users/zande/Desktop/HSP/monorepo/Firmware/coreutils/config/config.h:72:10:GET_CAN_ID_FROM_BOARD_UID	7
C:/Users/zande/Desktop/HSP/monorepo/Firmware/coreutils/config/config.h:102:11:GET_BOARD_ID_FROM_PNID	7
C:/Users/zande/Desktop/HSP/monorepo/Firmware/coreutils/config/config.h:132:9:GET_SHORT_BOARD_ID	1
C:/Users/zande/Desktop/HSP/monorepo/Firmware/coreutils/config/config.h:143:11:GET_BOARD_UID_FROM_CAN_ID	7
C:/Users/zande/Desktop/HSP/monorepo/Firmware/coreutils/utils/board_utils.h:42:6:STARTUP	1
C:/Users/zande/Desktop/HSP/monorepo/Firmware/coreutils/utils/board_utils.h:47:6:STATUS_IND_On	1
C:/Users/zande/Desktop/HSP/monorepo/Firmware/coreutils/utils/board_utils.h:51:6:STATUS_IND_Off	1
C:/Users/zande/Desktop/HSP/monorepo/Firmware/coreutils/utils/board_utils.h:55:6:STATUS_IND_Toggle	1
C:/Users/zande/Desktop/HSP/monorepo/Firmware/coreutils/utils/board_utils.h:59:6:Tick_SIGNAL	4
C:/Users/zande/Desktop/HSP/monorepo/Firmware/coreutils/utils/board_utils.h:93:6:CRITIAL_ERROR_GENERIC_On	1
C:/Users/zande/Desktop/HSP/monorepo/Firmware/coreutils/utils/board_utils.h:112:6:GET_BOARD_UUID	1
C:/Users/zande/Desktop/HSP/monorepo/Firmware/coreutils/utils/board_utils.h:118:6:COMPARE_UID	1
C:/Users/zande/Desktop/HSP/monorepo/Firmware/coreutils/utils/can_utils.h:25:19:send_can_msg	1
C:/Users/zande/Desktop/HSP/monorepo/Firmware/coreutils/utils/can_utils.h:37:10:build_can_extended_id	1
C:/Users/zande/Desktop/HSP/monorepo/Firmware/coreutils/utils/can_utils.h:47:6:parse_can_extended_id	1
C:/Users/zande/Desktop/HSP/monorepo/Firmware/coreutils/utils/radio_utils.h:20:6:Update_Ack	2
C:/Users/zande/Desktop/HSP/monorepo/Firmware/coreutils/utils/radio_utils.h:28:9:Create_Ack	1
../Core/Src/main.c:90:6:ACTUATE_SERVO	2
../Core/Src/main.c:98:6:PAD_CONTROLLER_SETUP_ROUTINE	1
../Core/Src/main.c:107:6:FLASH_ALL	3
../Core/Src/main.c:128:5:main	20
../Core/Src/main.c:321:6:SystemClock_Config	3
../Core/Src/main.c:363:13:MX_CAN1_Init	2
../Core/Src/main.c:400:13:MX_USART6_UART_Init	2
../Core/Src/main.c:433:13:MX_GPIO_Init	1
../Core/Src/main.c:465:6:HAL_UART_RxCpltCallback	1
../Core/Src/main.c:471:6:HAL_UART_TxCpltCallback	1
../Core/Src/main.c:476:6:HAL_CAN_RxFifo0MsgPendingCallback	2
../Core/Src/main.c:489:6:HAL_CAN_TxMailbox0CompleteCallback	1
../Core/Src/main.c:499:6:Error_Handler	1
