Archive member included to satisfy reference by file (symbol)

C:/ST/STM32CubeIDE_1.16.1/STM32CubeIDE/plugins/com.st.stm32cube.ide.mcu.externaltools.gnu-tools-for-stm32.12.3.rel1.win32_1.0.200.202406191623/tools/bin/../lib/gcc/arm-none-eabi/12.3.1/../../../../arm-none-eabi/lib/thumb/v7e-m+fp/hard\libc_nano.a(libc_a-exit.o)
                              C:/ST/STM32CubeIDE_1.16.1/STM32CubeIDE/plugins/com.st.stm32cube.ide.mcu.externaltools.gnu-tools-for-stm32.12.3.rel1.win32_1.0.200.202406191623/tools/bin/../lib/gcc/arm-none-eabi/12.3.1/../../../../arm-none-eabi/lib/thumb/v7e-m+fp/hard/crt0.o (exit)
C:/ST/STM32CubeIDE_1.16.1/STM32CubeIDE/plugins/com.st.stm32cube.ide.mcu.externaltools.gnu-tools-for-stm32.12.3.rel1.win32_1.0.200.202406191623/tools/bin/../lib/gcc/arm-none-eabi/12.3.1/../../../../arm-none-eabi/lib/thumb/v7e-m+fp/hard\libc_nano.a(libc_a-findfp.o)
                              C:/ST/STM32CubeIDE_1.16.1/STM32CubeIDE/plugins/com.st.stm32cube.ide.mcu.externaltools.gnu-tools-for-stm32.12.3.rel1.win32_1.0.200.202406191623/tools/bin/../lib/gcc/arm-none-eabi/12.3.1/../../../../arm-none-eabi/lib/thumb/v7e-m+fp/hard\libc_nano.a(libc_a-exit.o) (__stdio_exit_handler)
C:/ST/STM32CubeIDE_1.16.1/STM32CubeIDE/plugins/com.st.stm32cube.ide.mcu.externaltools.gnu-tools-for-stm32.12.3.rel1.win32_1.0.200.202406191623/tools/bin/../lib/gcc/arm-none-eabi/12.3.1/../../../../arm-none-eabi/lib/thumb/v7e-m+fp/hard\libc_nano.a(libc_a-fwalk.o)
                              C:/ST/STM32CubeIDE_1.16.1/STM32CubeIDE/plugins/com.st.stm32cube.ide.mcu.externaltools.gnu-tools-for-stm32.12.3.rel1.win32_1.0.200.202406191623/tools/bin/../lib/gcc/arm-none-eabi/12.3.1/../../../../arm-none-eabi/lib/thumb/v7e-m+fp/hard\libc_nano.a(libc_a-findfp.o) (_fwalk_sglue)
C:/ST/STM32CubeIDE_1.16.1/STM32CubeIDE/plugins/com.st.stm32cube.ide.mcu.externaltools.gnu-tools-for-stm32.12.3.rel1.win32_1.0.200.202406191623/tools/bin/../lib/gcc/arm-none-eabi/12.3.1/../../../../arm-none-eabi/lib/thumb/v7e-m+fp/hard\libc_nano.a(libc_a-stdio.o)
                              C:/ST/STM32CubeIDE_1.16.1/STM32CubeIDE/plugins/com.st.stm32cube.ide.mcu.externaltools.gnu-tools-for-stm32.12.3.rel1.win32_1.0.200.202406191623/tools/bin/../lib/gcc/arm-none-eabi/12.3.1/../../../../arm-none-eabi/lib/thumb/v7e-m+fp/hard\libc_nano.a(libc_a-findfp.o) (__sread)
C:/ST/STM32CubeIDE_1.16.1/STM32CubeIDE/plugins/com.st.stm32cube.ide.mcu.externaltools.gnu-tools-for-stm32.12.3.rel1.win32_1.0.200.202406191623/tools/bin/../lib/gcc/arm-none-eabi/12.3.1/../../../../arm-none-eabi/lib/thumb/v7e-m+fp/hard\libc_nano.a(libc_a-memset.o)
                              C:/ST/STM32CubeIDE_1.16.1/STM32CubeIDE/plugins/com.st.stm32cube.ide.mcu.externaltools.gnu-tools-for-stm32.12.3.rel1.win32_1.0.200.202406191623/tools/bin/../lib/gcc/arm-none-eabi/12.3.1/../../../../arm-none-eabi/lib/thumb/v7e-m+fp/hard/crt0.o (memset)
C:/ST/STM32CubeIDE_1.16.1/STM32CubeIDE/plugins/com.st.stm32cube.ide.mcu.externaltools.gnu-tools-for-stm32.12.3.rel1.win32_1.0.200.202406191623/tools/bin/../lib/gcc/arm-none-eabi/12.3.1/../../../../arm-none-eabi/lib/thumb/v7e-m+fp/hard\libc_nano.a(libc_a-closer.o)
                              C:/ST/STM32CubeIDE_1.16.1/STM32CubeIDE/plugins/com.st.stm32cube.ide.mcu.externaltools.gnu-tools-for-stm32.12.3.rel1.win32_1.0.200.202406191623/tools/bin/../lib/gcc/arm-none-eabi/12.3.1/../../../../arm-none-eabi/lib/thumb/v7e-m+fp/hard\libc_nano.a(libc_a-stdio.o) (_close_r)
C:/ST/STM32CubeIDE_1.16.1/STM32CubeIDE/plugins/com.st.stm32cube.ide.mcu.externaltools.gnu-tools-for-stm32.12.3.rel1.win32_1.0.200.202406191623/tools/bin/../lib/gcc/arm-none-eabi/12.3.1/../../../../arm-none-eabi/lib/thumb/v7e-m+fp/hard\libc_nano.a(libc_a-reent.o)
                              C:/ST/STM32CubeIDE_1.16.1/STM32CubeIDE/plugins/com.st.stm32cube.ide.mcu.externaltools.gnu-tools-for-stm32.12.3.rel1.win32_1.0.200.202406191623/tools/bin/../lib/gcc/arm-none-eabi/12.3.1/../../../../arm-none-eabi/lib/thumb/v7e-m+fp/hard\libc_nano.a(libc_a-closer.o) (errno)
C:/ST/STM32CubeIDE_1.16.1/STM32CubeIDE/plugins/com.st.stm32cube.ide.mcu.externaltools.gnu-tools-for-stm32.12.3.rel1.win32_1.0.200.202406191623/tools/bin/../lib/gcc/arm-none-eabi/12.3.1/../../../../arm-none-eabi/lib/thumb/v7e-m+fp/hard\libc_nano.a(libc_a-impure.o)
                              C:/ST/STM32CubeIDE_1.16.1/STM32CubeIDE/plugins/com.st.stm32cube.ide.mcu.externaltools.gnu-tools-for-stm32.12.3.rel1.win32_1.0.200.202406191623/tools/bin/../lib/gcc/arm-none-eabi/12.3.1/../../../../arm-none-eabi/lib/thumb/v7e-m+fp/hard\libc_nano.a(libc_a-reent.o) (_impure_ptr)
C:/ST/STM32CubeIDE_1.16.1/STM32CubeIDE/plugins/com.st.stm32cube.ide.mcu.externaltools.gnu-tools-for-stm32.12.3.rel1.win32_1.0.200.202406191623/tools/bin/../lib/gcc/arm-none-eabi/12.3.1/../../../../arm-none-eabi/lib/thumb/v7e-m+fp/hard\libc_nano.a(libc_a-lseekr.o)
[...]
Memory Configuration

Name             Origin             Length             Attributes
CCMRAM           0x10000000         0x00001000         xrw
RAM              0x20000000         0x00003000         xrw
FLASH            0x08000000         0x00010000         xr
*default*        0x00000000         0xffffffff

Linker script and memory map

LOAD C:/ST/STM32CubeIDE_1.16.1/STM32CubeIDE/plugins/com.st.stm32cube.ide.mcu.externaltools.gnu-tools-for-stm32.12.3.rel1.win32_1.0.200.202406191623/tools/bin/../lib/gcc/arm-none-eabi/12.3.1/thumb/v7e-m+fp/hard/crti.o
LOAD C:/ST/STM32CubeIDE_1.16.1/STM32CubeIDE/plugins/com.st.stm32cube.ide.mcu.externaltools.gnu-tools-for-stm32.12.3.rel1.win32_1.0.200.202406191623/tools/bin/../lib/gcc/arm-none-eabi/12.3.1/thumb/v7e-m+fp/hard/crtbegin.o
LOAD C:/ST/STM32CubeIDE_1.16.1/STM32CubeIDE/plugins/com.st.stm32cube.ide.mcu.externaltools.gnu-tools-for-stm32.12.3.rel1.win32_1.0.200.202406191623/tools/bin/../lib/gcc/arm-none-eabi/12.3.1/../../../../arm-none-eabi/lib/thumb/v7e-m+fp/hard/crt0.o
LOAD ./Core/Src/main.o
LOAD ./Core/Src/stm32f3xx_hal_msp.o
LOAD ./Core/Src/stm32f3xx_it.o
LOAD ./Core/Src/syscalls.o
LOAD ./Core/Src/sysmem.o
LOAD ./Core/Src/system_stm32f3xx.o
LOAD ./Core/Src/tim.o
LOAD ./Core/Startup/startup_stm32f303k8tx.o
LOAD ./Drivers/STM32F3xx_HAL_Driver/Src/stm32f3xx_hal.o
LOAD ./Drivers/STM32F3xx_HAL_Driver/Src/stm32f3xx_hal_cortex.o
LOAD ./Drivers/STM32F3xx_HAL_Driver/Src/stm32f3xx_hal_dma.o
LOAD ./Drivers/STM32F3xx_HAL_Driver/Src/stm32f3xx_hal_exti.o
LOAD ./Drivers/STM32F3xx_HAL_Driver/Src/stm32f3xx_hal_flash.o
LOAD ./Drivers/STM32F3xx_HAL_Driver/Src/stm32f3xx_hal_flash_ex.o
LOAD ./Drivers/STM32F3xx_HAL_Driver/Src/stm32f3xx_hal_gpio.o
LOAD ./Drivers/STM32F3xx_HAL_Driver/Src/stm32f3xx_hal_i2c.o
LOAD ./Drivers/STM32F3xx_HAL_Driver/Src/stm32f3xx_hal_i2c_ex.o
LOAD ./Drivers/STM32F3xx_HAL_Driver/Src/stm32f3xx_hal_pwr.o
LOAD ./Drivers/STM32F3xx_HAL_Driver/Src/stm32f3xx_hal_pwr_ex.o
LOAD ./Drivers/STM32F3xx_HAL_Driver/Src/stm32f3xx_hal_rcc.o
LOAD ./Drivers/STM32F3xx_HAL_Driver/Src/stm32f3xx_hal_rcc_ex.o
LOAD ./Drivers/STM32F3xx_HAL_Driver/Src/stm32f3xx_hal_tim.o
LOAD ./Drivers/STM32F3xx_HAL_Driver/Src/stm32f3xx_hal_tim_ex.o
LOAD ./Drivers/STM32F3xx_HAL_Driver/Src/stm32f3xx_hal_uart.o
LOAD ./Drivers/STM32F3xx_HAL_Driver/Src/stm32f3xx_hal_uart_ex.o
START GROUP
LOAD C:/ST/STM32CubeIDE_1.16.1/STM32CubeIDE/plugins/com.st.stm32cube.ide.mcu.externaltools.gnu-tools-for-stm32.12.3.rel1.win32_1.0.200.202406191623/tools/bin/../lib/gcc/arm-none-eabi/12.3.1/../../../../arm-none-eabi/lib/thumb/v7e-m+fp/hard\libc_nano.a
LOAD C:/ST/STM32CubeIDE_1.16.1/STM32CubeIDE/plugins/com.st.stm32cube.ide.mcu.externaltools.gnu-tools-for-stm32.12.3.rel1.win32_1.0.200.202406191623/tools/bin/../lib/gcc/arm-none-eabi/12.3.1/../../../../arm-none-eabi/lib/thumb/v7e-m+fp/hard\libm.a
END GROUP
START GROUP
LOAD C:/ST/STM32CubeIDE_1.16.1/STM32CubeIDE/plugins/com.st.stm32cube.ide.mcu.externaltools.gnu-tools-for-stm32.12.3.rel1.win32_1.0.200.202406191623/tools/bin/../lib/gcc/arm-none-eabi/12.3.1/thumb/v7e-m+fp/hard\libgcc.a
LOAD C:/ST/STM32CubeIDE_1.16.1/STM32CubeIDE/plugins/com.st.stm32cube.ide.mcu.externaltools.gnu-tools-for-stm32.12.3.rel1.win32_1.0.200.202406191623/tools/bin/../lib/gcc/arm-none-eabi/12.3.1/../../../../arm-none-eabi/lib/thumb/v7e-m+fp/hard\libc_nano.a
END GROUP
START GROUP
LOAD C:/ST/STM32CubeIDE_1.16.1/STM32CubeIDE/plugins/com.st.stm32cube.ide.mcu.externaltools.gnu-tools-for-stm32.12.3.rel1.win32_1.0.200.202406191623/tools/bin/../lib/gcc/arm-none-eabi/12.3.1/thumb/v7e-m+fp/hard\libgcc.a
LOAD C:/ST/STM32CubeIDE_1.16.1/STM32CubeIDE/plugins/com.st.stm32cube.ide.mcu.externaltools.gnu-tools-for-stm32.12.3.rel1.win32_1.0.200.202406191623/tools/bin/../lib/gcc/arm-none-eabi/12.3.1/../../../../arm-none-eabi/lib/thumb/v7e-m+fp/hard\libc_nano.a
LOAD C:/ST/STM32CubeIDE_1.16.1/STM32CubeIDE/plugins/com.st.stm32cube.ide.mcu.externaltools.gnu-tools-for-stm32.12.3.rel1.win32_1.0.200.202406191623/tools/bin/../lib/gcc/arm-none-eabi/12.3.1/../../../../arm-none-eabi/lib/thumb/v7e-m+fp/hard\libnosys.a
END GROUP
START GROUP
LOAD C:/ST/STM32CubeIDE_1.16.1/STM32CubeIDE/plugins/com.st.stm32cube.ide.mcu.externaltools.gnu-tools-for-stm32.12.3.rel1.win32_1.0.200.202406191623/tools/bin/../lib/gcc/arm-none-eabi/12.3.1/thumb/v7e-m+fp/hard\libgcc.a
LOAD C:/ST/STM32CubeIDE_1.16.1/STM32CubeIDE/plugins/com.st.stm32cube.ide.mcu.externaltools.gnu-tools-for-stm32.12.3.rel1.win32_1.0.200.202406191623/tools/bin/../lib/gcc/arm-none-eabi/12.3.1/../../../../arm-none-eabi/lib/thumb/v7e-m+fp/hard\libc_nano.a
LOAD C:/ST/STM32CubeIDE_1.16.1/STM32CubeIDE/plugins/com.st.stm32cube.ide.mcu.externaltools.gnu-tools-for-stm32.12.3.rel1.win32_1.0.200.202406191623/tools/bin/../lib/gcc/arm-none-eabi/12.3.1/../../../../arm-none-eabi/lib/thumb/v7e-m+fp/hard\libnosys.a
END GROUP
LOAD C:/ST/STM32CubeIDE_1.16.1/STM32CubeIDE/plugins/com.st.stm32cube.ide.mcu.externaltools.gnu-tools-for-stm32.12.3.rel1.win32_1.0.200.202406191623/tools/bin/../lib/gcc/arm-none-eabi/12.3.1/thumb/v7e-m+fp/hard/crtend.o
LOAD C:/ST/STM32CubeIDE_1.16.1/STM32CubeIDE/plugins/com.st.stm32cube.ide.mcu.externaltools.gnu-tools-for-stm32.12.3.rel1.win32_1.0.200.202406191623/tools/bin/../lib/gcc/arm-none-eabi/12.3.1/thumb/v7e-m+fp/hard/crtn.o
                0x20003000                        _estack = (ORIGIN (RAM) + LENGTH (RAM))
                0x00000200                        _Min_Heap_Size = 0x200
                0x00000400                        _Min_Stack_Size = 0x400

.isr_vector     0x08000000      0x188
                0x08000000                        . = ALIGN (0x4)
 *(.isr_vector)
 .isr_vector    0x08000000      0x188 ./Core/Startup/startup_stm32f303k8tx.o
                0x08000000                g_pfnVectors
                0x08000188                        . = ALIGN (0x4)

.text           0x08000188     0x66ac
                0x08000188                        . = ALIGN (0x4)
 *(.text)
 .text          0x08000188       0x40 C:/ST/STM32CubeIDE_1.16.1/STM32CubeIDE/plugins/com.st.stm32cube.ide.mcu.externaltools.gnu-tools-for-stm32.12.3.rel1.win32_1.0.200.202406191623/tools/bin/../lib/gcc/arm-none-eabi/12.3.1/thumb/v7e-m+fp/hard/crtbegin.o
 .text          0x080001c8      0x378 C:/ST/STM32CubeIDE_1.16.1/STM32CubeIDE/plugins/com.st.stm32cube.ide.mcu.externaltools.gnu-tools-for-stm32.12.3.rel1.win32_1.0.200.202406191623/tools/bin/../lib/gcc/arm-none-eabi/12.3.1/thumb/v7e-m+fp/hard\libgcc.a(_arm_addsubdf3.o)
                0x080001c8                __aeabi_drsub
                0x080001d0                __aeabi_dsub
                0x080001d0                __subdf3
                0x080001d4                __aeabi_dadd
                0x080001d4                __adddf3
                0x0800044c                __floatunsidf
                0x0800044c                __aeabi_ui2d
                0x0800046c                __floatsidf
                0x0800046c                __aeabi_i2d
                0x08000490                __aeabi_f2d
                0x08000490                __extendsfdf2
                0x080004d4                __floatundidf
                0x080004d4                __aeabi_ul2d
                0x080004e4                __floatdidf
                0x080004e4                __aeabi_l2d
 .text          0x08000540      0x424 C:/ST/STM32CubeIDE_1.16.1/STM32CubeIDE/plugins/com.st.stm32cube.ide.mcu.externaltools.gnu-tools-for-stm32.12.3.rel1.win32_1.0.200.202406191623/tools/bin/../lib/gcc/arm-none-eabi/12.3.1/thumb/v7e-m+fp/hard\libgcc.a(_arm_muldivdf3.o)
                0x08000540                __aeabi_dmul
                0x08000540                __muldf3
                0x08000794                __divdf3
                0x08000794                __aeabi_ddiv
 .text          0x08000964       0x40 C:/ST/STM32CubeIDE_1.16.1/STM32CubeIDE/plugins/com.st.stm32cube.ide.mcu.externaltools.gnu-tools-for-stm32.12.3.rel1.win32_1.0.200.202406191623/tools/bin/../lib/gcc/arm-none-eabi/12.3.1/thumb/v7e-m+fp/hard\libgcc.a(_arm_fixunsdfsi.o)
                0x08000964                __aeabi_d2uiz
                0x08000964                __fixunsdfsi
 *(.text*)
 *fill*         0x080009a4        0x4 
 .text.Deg_To_CCR
                0x080009a8       0xa8 ./Core/Src/main.o
                0x080009a8                Deg_To_CCR
 .text.Create_Ack
                0x08000a50      0x10c ./Core/Src/main.o
                0x08000a50                Create_Ack
 .text.Tick_EO1
                0x08000b5c      0x228 ./Core/Src/main.o
                0x08000b5c                Tick_EO1
 .text.Tick_NO6
                0x08000d84      0x228 ./Core/Src/main.o
                0x08000d84                Tick_NO6
 .text.Tick_NO4
                0x08000fac      0x210 ./Core/Src/main.o
                0x08000fac                Tick_NO4
 .text.Tick_NO3
                0x080011bc      0x214 ./Core/Src/main.o
                0x080011bc                Tick_NO3
 .text.Tick_NO2
                0x080013d0      0x210 ./Core/Src/main.o
                0x080013d0                Tick_NO2
 .text.Tick_Igniter
                0x080015e0       0xec ./Core/Src/main.o
                0x080015e0                Tick_Igniter
 .text.Servo_Disable
                0x080016cc       0x4c ./Core/Src/main.o
                0x080016cc                Servo_Disable
 .text.Servo_Enable
                0x08001718       0x4c ./Core/Src/main.o
                0x08001718                Servo_Enable
 .text.main     0x08001764      0x128 ./Core/Src/main.o
                0x08001764                main
 .text.SystemClock_Config
                0x0800188c       0xb6 ./Core/Src/main.o
                0x0800188c                SystemClock_Config
 *fill*         0x08001942        0x2 
 .text.MX_TIM1_Init
                0x08001944      0x150 ./Core/Src/main.o
 .text.MX_TIM16_Init
                0x08001a94       0xf4 ./Core/Src/main.o
 .text.MX_TIM17_Init
                0x08001b88       0xf4 ./Core/Src/main.o
 .text.MX_USART1_UART_Init
                0x08001c7c       0x60 ./Core/Src/main.o
 .text.MX_USART2_UART_Init
                0x08001cdc       0x60 ./Core/Src/main.o
 .text.MX_GPIO_Init
                0x08001d3c       0xc0 ./Core/Src/main.o
 .text.HAL_UART_RxCpltCallback
                0x08001dfc       0x28 ./Core/Src/main.o
                0x08001dfc                HAL_UART_RxCpltCallback
 .text.Tick_Components
                0x08001e24       0x84 ./Core/Src/main.o
                0x08001e24                Tick_Components
 .text.Error_Handler
                0x08001ea8        0xc ./Core/Src/main.o
                0x08001ea8                Error_Handler
 .text.HAL_MspInit
                0x08001eb4       0x48 ./Core/Src/stm32f3xx_hal_msp.o
                0x08001eb4                HAL_MspInit
 .text.HAL_TIM_PWM_MspInit
                0x08001efc       0x40 ./Core/Src/stm32f3xx_hal_msp.o
                0x08001efc                HAL_TIM_PWM_MspInit
 .text.HAL_TIM_Base_MspInit
                0x08001f3c       0x68 ./Core/Src/stm32f3xx_hal_msp.o
                0x08001f3c                HAL_TIM_Base_MspInit
 .text.HAL_TIM_MspPostInit
                0x08001fa4      0x13c ./Core/Src/stm32f3xx_hal_msp.o
                0x08001fa4                HAL_TIM_MspPostInit
 .text.HAL_UART_MspInit
                0x080020e0       0xfc ./Core/Src/stm32f3xx_hal_msp.o
                0x080020e0                HAL_UART_MspInit
 .text.NMI_Handler
                0x080021dc        0x8 ./Core/Src/stm32f3xx_it.o
                0x080021dc                NMI_Handler
 .text.HardFault_Handler
                0x080021e4        0x8 ./Core/Src/stm32f3xx_it.o
                0x080021e4                HardFault_Handler
 .text.MemManage_Handler
                0x080021ec        0x8 ./Core/Src/stm32f3xx_it.o
                0x080021ec                MemManage_Handler
 .text.BusFault_Handler
                0x080021f4        0x8 ./Core/Src/stm32f3xx_it.o
                0x080021f4                BusFault_Handler
 .text.UsageFault_Handler
                0x080021fc        0x8 ./Core/Src/stm32f3xx_it.o
                0x080021fc                UsageFault_Handler
 .text.SVC_Handler
                0x08002204        0xe ./Core/Src/stm32f3xx_it.o
                0x08002204                SVC_Handler
 .text.DebugMon_Handler
                0x08002212        0xe ./Core/Src/stm32f3xx_it.o
                0x08002212                DebugMon_Handler
 .text.PendSV_Handler
                0x08002220        0xe ./Core/Src/stm32f3xx_it.o
                0x08002220                PendSV_Handler
 .text.SysTick_Handler
                0x0800222e        0xc ./Core/Src/stm32f3xx_it.o
                0x0800222e                SysTick_Handler
 *fill*         0x0800223a        0x2 
 .text.USART1_IRQHandler
                0x0800223c       0x14 ./Core/Src/stm32f3xx_it.o
                0x0800223c                USART1_IRQHandler
 .text.SystemInit
                0x08002250       0x24 ./Core/Src/system_stm32f3xx.o
                0x08002250                SystemInit
 .text.Reset_Handler
                0x08002274       0x50 ./Core/Startup/startup_stm32f303k8tx.o
                0x08002274                Reset_Handler
 .text.Default_Handler
                0x080022c4        0x2 ./Core/Startup/startup_stm32f303k8tx.o
                0x080022c4                RTC_Alarm_IRQHandler
                0x080022c4                TIM1_CC_IRQHandler
                0x080022c4                PVD_IRQHandler
                0x080022c4                TAMP_STAMP_IRQHandler
                0x080022c4                EXTI3_IRQHandler
                0x080022c4                EXTI0_IRQHandler
                0x080022c4                FPU_IRQHandler
                0x080022c4                CAN_TX_IRQHandler
                0x080022c4                TIM1_UP_TIM16_IRQHandler
                0x080022c4                ADC1_2_IRQHandler
                0x080022c4                SPI1_IRQHandler
                0x080022c4                CAN_SCE_IRQHandler
                0x080022c4                DMA1_Channel4_IRQHandler
                0x080022c4                USART3_IRQHandler
                0x080022c4                DMA1_Channel7_IRQHandler
                0x080022c4                TIM7_DAC2_IRQHandler
                0x080022c4                CAN_RX1_IRQHandler
                0x080022c4                I2C1_EV_IRQHandler
                0x080022c4                DMA1_Channel6_IRQHandler
                0x080022c4                TIM3_IRQHandler
                0x080022c4                RCC_IRQHandler
                0x080022c4                DMA1_Channel1_IRQHandler
                0x080022c4                Default_Handler
                0x080022c4                EXTI15_10_IRQHandler
                0x080022c4                COMP2_IRQHandler
                0x080022c4                TIM6_DAC1_IRQHandler
                0x080022c4                EXTI9_5_IRQHandler
                0x080022c4                RTC_WKUP_IRQHandler
                0x080022c4                DMA1_Channel5_IRQHandler
                0x080022c4                EXTI4_IRQHandler
                0x080022c4                TIM1_TRG_COM_TIM17_IRQHandler
                0x080022c4                DMA1_Channel3_IRQHandler
                0x080022c4                WWDG_IRQHandler
                0x080022c4                TIM2_IRQHandler
                0x080022c4                EXTI1_IRQHandler
                0x080022c4                COMP4_6_IRQHandler
                0x080022c4                USART2_IRQHandler
                0x080022c4                DMA1_Channel2_IRQHandler
                0x080022c4                FLASH_IRQHandler
                0x080022c4                CAN_RX0_IRQHandler
                0x080022c4                I2C1_ER_IRQHandler
                0x080022c4                EXTI2_TSC_IRQHandler
                0x080022c4                TIM1_BRK_TIM15_IRQHandler
 *fill*         0x080022c6        0x2 
 .text.HAL_Init
                0x080022c8       0x2c ./Drivers/STM32F3xx_HAL_Driver/Src/stm32f3xx_hal.o
                0x080022c8                HAL_Init
 .text.HAL_InitTick
                0x080022f4       0x60 ./Drivers/STM32F3xx_HAL_Driver/Src/stm32f3xx_hal.o
                0x080022f4                HAL_InitTick
 .text.HAL_IncTick
                0x08002354       0x28 ./Drivers/STM32F3xx_HAL_Driver/Src/stm32f3xx_hal.o
                0x08002354                HAL_IncTick
 .text.HAL_GetTick
                0x0800237c       0x18 ./Drivers/STM32F3xx_HAL_Driver/Src/stm32f3xx_hal.o
                0x0800237c                HAL_GetTick
 .text.HAL_Delay
                0x08002394       0x48 ./Drivers/STM32F3xx_HAL_Driver/Src/stm32f3xx_hal.o
                0x08002394                HAL_Delay
 .text.__NVIC_SetPriorityGrouping
                0x080023dc       0x48 ./Drivers/STM32F3xx_HAL_Driver/Src/stm32f3xx_hal_cortex.o
 .text.__NVIC_GetPriorityGrouping
                0x08002424       0x1c ./Drivers/STM32F3xx_HAL_Driver/Src/stm32f3xx_hal_cortex.o
 .text.__NVIC_EnableIRQ
                0x08002440       0x3c ./Drivers/STM32F3xx_HAL_Driver/Src/stm32f3xx_hal_cortex.o
 .text.__NVIC_SetPriority
                0x0800247c       0x54 ./Drivers/STM32F3xx_HAL_Driver/Src/stm32f3xx_hal_cortex.o
 .text.NVIC_EncodePriority
                0x080024d0       0x66 ./Drivers/STM32F3xx_HAL_Driver/Src/stm32f3xx_hal_cortex.o
 *fill*         0x08002536        0x2 
 .text.SysTick_Config
                0x08002538       0x44 ./Drivers/STM32F3xx_HAL_Driver/Src/stm32f3xx_hal_cortex.o
 .text.HAL_NVIC_SetPriorityGrouping
                0x0800257c       0x16 ./Drivers/STM32F3xx_HAL_Driver/Src/stm32f3xx_hal_cortex.o
                0x0800257c                HAL_NVIC_SetPriorityGrouping
 .text.HAL_NVIC_SetPriority
                0x08002592       0x38 ./Drivers/STM32F3xx_HAL_Driver/Src/stm32f3xx_hal_cortex.o
                0x08002592                HAL_NVIC_SetPriority
 .text.HAL_NVIC_EnableIRQ
                0x080025ca       0x1c ./Drivers/STM32F3xx_HAL_Driver/Src/stm32f3xx_hal_cortex.o
                0x080025ca                HAL_NVIC_EnableIRQ
 .text.HAL_SYSTICK_Config
                0x080025e6       0x18 ./Drivers/STM32F3xx_HAL_Driver/Src/stm32f3xx_hal_cortex.o
                0x080025e6                HAL_SYSTICK_Config
 .text.HAL_DMA_Abort
                0x080025fe       0x7c ./Drivers/STM32F3xx_HAL_Driver/Src/stm32f3xx_hal_dma.o
                0x080025fe                HAL_DMA_Abort
 .text.HAL_DMA_Abort_IT
                0x0800267a       0x7c ./Drivers/STM32F3xx_HAL_Driver/Src/stm32f3xx_hal_dma.o
                0x0800267a                HAL_DMA_Abort_IT
 *fill*         0x080026f6        0x2 
 .text.HAL_GPIO_Init
                0x080026f8      0x2e4 ./Drivers/STM32F3xx_HAL_Driver/Src/stm32f3xx_hal_gpio.o
                0x080026f8                HAL_GPIO_Init
 .text.HAL_GPIO_WritePin
                0x080029dc       0x30 ./Drivers/STM32F3xx_HAL_Driver/Src/stm32f3xx_hal_gpio.o
                0x080029dc                HAL_GPIO_WritePin
 .text.HAL_RCC_OscConfig
                0x08002a0c     0x107c ./Drivers/STM32F3xx_HAL_Driver/Src/stm32f3xx_hal_rcc.o
                0x08002a0c                HAL_RCC_OscConfig
 .text.HAL_RCC_ClockConfig
                0x08003a88      0x2f8 ./Drivers/STM32F3xx_HAL_Driver/Src/stm32f3xx_hal_rcc.o
                0x08003a88                HAL_RCC_ClockConfig
 .text.HAL_RCC_GetSysClockFreq
                0x08003d80       0xa8 ./Drivers/STM32F3xx_HAL_Driver/Src/stm32f3xx_hal_rcc.o
                0x08003d80                HAL_RCC_GetSysClockFreq
 .text.HAL_RCC_GetHCLKFreq
                0x08003e28       0x18 ./Drivers/STM32F3xx_HAL_Driver/Src/stm32f3xx_hal_rcc.o
                0x08003e28                HAL_RCC_GetHCLKFreq
 .text.HAL_RCC_GetPCLK1Freq
                0x08003e40       0x44 ./Drivers/STM32F3xx_HAL_Driver/Src/stm32f3xx_hal_rcc.o
                0x08003e40                HAL_RCC_GetPCLK1Freq
 .text.HAL_RCC_GetPCLK2Freq
                0x08003e84       0x44 ./Drivers/STM32F3xx_HAL_Driver/Src/stm32f3xx_hal_rcc.o
                0x08003e84                HAL_RCC_GetPCLK2Freq
 .text.HAL_RCCEx_PeriphCLKConfig
                0x08003ec8      0x24c ./Drivers/STM32F3xx_HAL_Driver/Src/stm32f3xx_hal_rcc_ex.o
                0x08003ec8                HAL_RCCEx_PeriphCLKConfig
 .text.HAL_TIM_Base_Init
                0x08004114       0xae ./Drivers/STM32F3xx_HAL_Driver/Src/stm32f3xx_hal_tim.o
                0x08004114                HAL_TIM_Base_Init
 .text.HAL_TIM_PWM_Init
                0x080041c2       0xae ./Drivers/STM32F3xx_HAL_Driver/Src/stm32f3xx_hal_tim.o
                0x080041c2                HAL_TIM_PWM_Init
 .text.HAL_TIM_PWM_Start
                0x08004270      0x1d8 ./Drivers/STM32F3xx_HAL_Driver/Src/stm32f3xx_hal_tim.o
                0x08004270                HAL_TIM_PWM_Start
 .text.HAL_TIM_PWM_Stop
                0x08004448      0x11c ./Drivers/STM32F3xx_HAL_Driver/Src/stm32f3xx_hal_tim.o
                0x08004448                HAL_TIM_PWM_Stop
 .text.HAL_TIM_PWM_ConfigChannel
                0x08004564      0x228 ./Drivers/STM32F3xx_HAL_Driver/Src/stm32f3xx_hal_tim.o
                0x08004564                HAL_TIM_PWM_ConfigChannel
 .text.TIM_Base_SetConfig
                0x0800478c      0x108 ./Drivers/STM32F3xx_HAL_Driver/Src/stm32f3xx_hal_tim.o
                0x0800478c                TIM_Base_SetConfig
 .text.TIM_OC1_SetConfig
                0x08004894      0x10c ./Drivers/STM32F3xx_HAL_Driver/Src/stm32f3xx_hal_tim.o
 .text.TIM_OC2_SetConfig
                0x080049a0      0x100 ./Drivers/STM32F3xx_HAL_Driver/Src/stm32f3xx_hal_tim.o
                0x080049a0                TIM_OC2_SetConfig
 .text.TIM_OC3_SetConfig
                0x08004aa0       0xfc ./Drivers/STM32F3xx_HAL_Driver/Src/stm32f3xx_hal_tim.o
 .text.TIM_OC4_SetConfig
                0x08004b9c       0xc8 ./Drivers/STM32F3xx_HAL_Driver/Src/stm32f3xx_hal_tim.o
 .text.TIM_OC5_SetConfig
                0x08004c64       0xbc ./Drivers/STM32F3xx_HAL_Driver/Src/stm32f3xx_hal_tim.o
 .text.TIM_OC6_SetConfig
                0x08004d20       0xc0 ./Drivers/STM32F3xx_HAL_Driver/Src/stm32f3xx_hal_tim.o
 .text.TIM_CCxChannelCmd
                0x08004de0       0x4a ./Drivers/STM32F3xx_HAL_Driver/Src/stm32f3xx_hal_tim.o
                0x08004de0                TIM_CCxChannelCmd
 *fill*         0x08004e2a        0x2 
 .text.HAL_TIMEx_PWMN_Start
                0x08004e2c      0x14c ./Drivers/STM32F3xx_HAL_Driver/Src/stm32f3xx_hal_tim_ex.o
                0x08004e2c                HAL_TIMEx_PWMN_Start
 .text.HAL_TIMEx_PWMN_Stop
                0x08004f78       0xba ./Drivers/STM32F3xx_HAL_Driver/Src/stm32f3xx_hal_tim_ex.o
                0x08004f78                HAL_TIMEx_PWMN_Stop
 *fill*         0x08005032        0x2 
 .text.HAL_TIMEx_MasterConfigSynchronization
                0x08005034       0xdc ./Drivers/STM32F3xx_HAL_Driver/Src/stm32f3xx_hal_tim_ex.o
                0x08005034                HAL_TIMEx_MasterConfigSynchronization
 .text.HAL_TIMEx_ConfigBreakDeadTime
                0x08005110       0xf0 ./Drivers/STM32F3xx_HAL_Driver/Src/stm32f3xx_hal_tim_ex.o
                0x08005110                HAL_TIMEx_ConfigBreakDeadTime
 .text.TIM_CCxNChannelCmd
                0x08005200       0x4a ./Drivers/STM32F3xx_HAL_Driver/Src/stm32f3xx_hal_tim_ex.o
 .text.HAL_UART_Init
                0x0800524a       0x9c ./Drivers/STM32F3xx_HAL_Driver/Src/stm32f3xx_hal_uart.o
                0x0800524a                HAL_UART_Init
 *fill*         0x080052e6        0x2 
 .text.HAL_UART_Transmit_IT
                0x080052e8       0xbc ./Drivers/STM32F3xx_HAL_Driver/Src/stm32f3xx_hal_uart.o
                0x080052e8                HAL_UART_Transmit_IT
 .text.HAL_UART_Receive_IT
                0x080053a4       0x88 ./Drivers/STM32F3xx_HAL_Driver/Src/stm32f3xx_hal_uart.o
                0x080053a4                HAL_UART_Receive_IT
 .text.HAL_UART_IRQHandler
                0x0800542c      0x5cc ./Drivers/STM32F3xx_HAL_Driver/Src/stm32f3xx_hal_uart.o
                0x0800542c                HAL_UART_IRQHandler
 .text.HAL_UART_TxCpltCallback
                0x080059f8       0x14 ./Drivers/STM32F3xx_HAL_Driver/Src/stm32f3xx_hal_uart.o
                0x080059f8                HAL_UART_TxCpltCallback
 .text.HAL_UART_ErrorCallback
                0x08005a0c       0x14 ./Drivers/STM32F3xx_HAL_Driver/Src/stm32f3xx_hal_uart.o
                0x08005a0c                HAL_UART_ErrorCallback
 .text.HAL_UARTEx_RxEventCallback
                0x08005a20       0x18 ./Drivers/STM32F3xx_HAL_Driver/Src/stm32f3xx_hal_uart.o
                0x08005a20                HAL_UARTEx_RxEventCallback
 .text.UART_SetConfig
                0x08005a38      0x26c ./Drivers/STM32F3xx_HAL_Driver/Src/stm32f3xx_hal_uart.o
                0x08005a38                UART_SetConfig
 .text.UART_AdvFeatureConfig
                0x08005ca4      0x144 ./Drivers/STM32F3xx_HAL_Driver/Src/stm32f3xx_hal_uart.o
                0x08005ca4                UART_AdvFeatureConfig
 .text.UART_CheckIdleState
                0x08005de8      0x150 ./Drivers/STM32F3xx_HAL_Driver/Src/stm32f3xx_hal_uart.o
                0x08005de8                UART_CheckIdleState
 .text.UART_WaitOnFlagUntilTimeout
                0x08005f38       0xda ./Drivers/STM32F3xx_HAL_Driver/Src/stm32f3xx_hal_uart.o
                0x08005f38                UART_WaitOnFlagUntilTimeout
 *fill*         0x08006012        0x2 
 .text.UART_Start_Receive_IT
                0x08006014      0x18c ./Drivers/STM32F3xx_HAL_Driver/Src/stm32f3xx_hal_uart.o
                0x08006014                UART_Start_Receive_IT
 .text.UART_EndRxTransfer
                0x080061a0       0xc8 ./Drivers/STM32F3xx_HAL_Driver/Src/stm32f3xx_hal_uart.o
 .text.UART_DMAAbortOnError
                0x08006268       0x2c ./Drivers/STM32F3xx_HAL_Driver/Src/stm32f3xx_hal_uart.o
 .text.UART_TxISR_8BIT
                0x08006294       0xb6 ./Drivers/STM32F3xx_HAL_Driver/Src/stm32f3xx_hal_uart.o
 .text.UART_TxISR_16BIT
                0x0800634a       0xc0 ./Drivers/STM32F3xx_HAL_Driver/Src/stm32f3xx_hal_uart.o
 .text.UART_EndTransmit_IT
                0x0800640a       0x54 ./Drivers/STM32F3xx_HAL_Driver/Src/stm32f3xx_hal_uart.o
 .text.UART_RxISR_8BIT
                0x0800645e      0x1a8 ./Drivers/STM32F3xx_HAL_Driver/Src/stm32f3xx_hal_uart.o
 .text.UART_RxISR_16BIT
                0x08006606      0x1a8 ./Drivers/STM32F3xx_HAL_Driver/Src/stm32f3xx_hal_uart.o
 .text.HAL_UARTEx_WakeupCallback
                0x080067ae       0x14 ./Drivers/STM32F3xx_HAL_Driver/Src/stm32f3xx_hal_uart_ex.o
                0x080067ae                HAL_UARTEx_WakeupCallback
 .text.memset   0x080067c2       0x10 C:/ST/STM32CubeIDE_1.16.1/STM32CubeIDE/plugins/com.st.stm32cube.ide.mcu.externaltools.gnu-tools-for-stm32.12.3.rel1.win32_1.0.200.202406191623/tools/bin/../lib/gcc/arm-none-eabi/12.3.1/../../../../arm-none-eabi/lib/thumb/v7e-m+fp/hard\libc_nano.a(libc_a-memset.o)
                0x080067c2                memset
 *fill*         0x080067d2        0x2 
 .text.__libc_init_array
                0x080067d4       0x48 C:/ST/STM32CubeIDE_1.16.1/STM32CubeIDE/plugins/com.st.stm32cube.ide.mcu.externaltools.gnu-tools-for-stm32.12.3.rel1.win32_1.0.200.202406191623/tools/bin/../lib/gcc/arm-none-eabi/12.3.1/../../../../arm-none-eabi/lib/thumb/v7e-m+fp/hard\libc_nano.a(libc_a-init.o)
                0x080067d4                __libc_init_array
 *(.glue_7)
 .glue_7        0x0800681c        0x0 linker stubs
 *(.glue_7t)
 .glue_7t       0x0800681c        0x0 linker stubs
 *(.eh_frame)
 .eh_frame      0x0800681c        0x0 C:/ST/STM32CubeIDE_1.16.1/STM32CubeIDE/plugins/com.st.stm32cube.ide.mcu.externaltools.gnu-tools-for-stm32.12.3.rel1.win32_1.0.200.202406191623/tools/bin/../lib/gcc/arm-none-eabi/12.3.1/thumb/v7e-m+fp/hard/crtbegin.o
 *(.init)
 .init          0x0800681c        0x4 C:/ST/STM32CubeIDE_1.16.1/STM32CubeIDE/plugins/com.st.stm32cube.ide.mcu.externaltools.gnu-tools-for-stm32.12.3.rel1.win32_1.0.200.202406191623/tools/bin/../lib/gcc/arm-none-eabi/12.3.1/thumb/v7e-m+fp/hard/crti.o
                0x0800681c                _init
 .init          0x08006820        0x8 C:/ST/STM32CubeIDE_1.16.1/STM32CubeIDE/plugins/com.st.stm32cube.ide.mcu.externaltools.gnu-tools-for-stm32.12.3.rel1.win32_1.0.200.202406191623/tools/bin/../lib/gcc/arm-none-eabi/12.3.1/thumb/v7e-m+fp/hard/crtn.o
 *(.fini)
 .fini          0x08006828        0x4 C:/ST/STM32CubeIDE_1.16.1/STM32CubeIDE/plugins/com.st.stm32cube.ide.mcu.externaltools.gnu-tools-for-stm32.12.3.rel1.win32_1.0.200.202406191623/tools/bin/../lib/gcc/arm-none-eabi/12.3.1/thumb/v7e-m+fp/hard/crti.o
                0x08006828                _fini
 .fini          0x0800682c        0x8 C:/ST/STM32CubeIDE_1.16.1/STM32CubeIDE/plugins/com.st.stm32cube.ide.mcu.externaltools.gnu-tools-for-stm32.12.3.rel1.win32_1.0.200.202406191623/tools/bin/../lib/gcc/arm-none-eabi/12.3.1/thumb/v7e-m+fp/hard/crtn.o
                0x08006834                        . = ALIGN (0x4)
                0x08006834                        _etext = .

.vfp11_veneer   0x08006834        0x0
 .vfp11_veneer  0x08006834        0x0 linker stubs

.v4_bx          0x08006834        0x0
 .v4_bx         0x08006834        0x0 linker stubs

.iplt           0x08006834        0x0
 .iplt          0x08006834        0x0 C:/ST/STM32CubeIDE_1.16.1/STM32CubeIDE/plugins/com.st.stm32cube.ide.mcu.externaltools.gnu-tools-for-stm32.12.3.rel1.win32_1.0.200.202406191623/tools/bin/../lib/gcc/arm-none-eabi/12.3.1/thumb/v7e-m+fp/hard/crtbegin.o

.rodata         0x08006834       0x4c
                0x08006834                        . = ALIGN (0x4)
 *(.rodata)
 .rodata        0x08006834       0x14 ./Core/Src/main.o
 *(.rodata*)
 .rodata.AHBPrescTable
                0x08006848       0x10 ./Core/Src/system_stm32f3xx.o
                0x08006848                AHBPrescTable
 .rodata.APBPrescTable
                0x08006858        0x8 ./Core/Src/system_stm32f3xx.o
                0x08006858                APBPrescTable
 .rodata.aPLLMULFactorTable
                0x08006860       0x10 ./Drivers/STM32F3xx_HAL_Driver/Src/stm32f3xx_hal_rcc.o
 .rodata.aPredivFactorTable
                0x08006870       0x10 ./Drivers/STM32F3xx_HAL_Driver/Src/stm32f3xx_hal_rcc.o
                0x08006880                        . = ALIGN (0x4)

.ARM.extab      0x08006880        0x0
                0x08006880                        . = ALIGN (0x4)
 *(.ARM.extab* .gnu.linkonce.armextab.*)
                0x08006880                        . = ALIGN (0x4)

.ARM            0x08006880        0x0
                0x08006880                        . = ALIGN (0x4)
                0x08006880                        __exidx_start = .
 *(.ARM.exidx*)
                0x08006880                        __exidx_end = .
                0x08006880                        . = ALIGN (0x4)

.preinit_array  0x08006880        0x0
                0x08006880                        . = ALIGN (0x4)
                0x08006880                        PROVIDE (__preinit_array_start = .)
 *(.preinit_array*)
                0x08006880                        PROVIDE (__preinit_array_end = .)
                0x08006880                        . = ALIGN (0x4)

.init_array     0x08006880        0x4
                0x08006880                        . = ALIGN (0x4)
                0x08006880                        PROVIDE (__init_array_start = .)
 *(SORT_BY_NAME(.init_array.*))
 *(.init_array*)
 .init_array    0x08006880        0x4 C:/ST/STM32CubeIDE_1.16.1/STM32CubeIDE/plugins/com.st.stm32cube.ide.mcu.externaltools.gnu-tools-for-stm32.12.3.rel1.win32_1.0.200.202406191623/tools/bin/../lib/gcc/arm-none-eabi/12.3.1/thumb/v7e-m+fp/hard/crtbegin.o
                0x08006884                        PROVIDE (__init_array_end = .)
                0x08006884                        . = ALIGN (0x4)

.fini_array     0x08006884        0x4
                0x08006884                        . = ALIGN (0x4)
                [!provide]                        PROVIDE (__fini_array_start = .)
 *(SORT_BY_NAME(.fini_array.*))
 *(.fini_array*)
 .fini_array    0x08006884        0x4 C:/ST/STM32CubeIDE_1.16.1/STM32CubeIDE/plugins/com.st.stm32cube.ide.mcu.externaltools.gnu-tools-for-stm32.12.3.rel1.win32_1.0.200.202406191623/tools/bin/../lib/gcc/arm-none-eabi/12.3.1/thumb/v7e-m+fp/hard/crtbegin.o
                [!provide]                        PROVIDE (__fini_array_end = .)
                0x08006888                        . = ALIGN (0x4)
                0x08006888                        _sidata = LOADADDR (.data)

.rel.dyn        0x08006888        0x0
 .rel.iplt      0x08006888        0x0 C:/ST/STM32CubeIDE_1.16.1/STM32CubeIDE/plugins/com.st.stm32cube.ide.mcu.externaltools.gnu-tools-for-stm32.12.3.rel1.win32_1.0.200.202406191623/tools/bin/../lib/gcc/arm-none-eabi/12.3.1/thumb/v7e-m+fp/hard/crtbegin.o

.data           0x20000000       0x48 load address 0x08006888
                0x20000000                        . = ALIGN (0x4)
                0x20000000                        _sdata = .
 *(.data)
 *(.data*)
 .data.servos   0x20000000       0x3c ./Core/Src/main.o
                0x20000000                servos
 .data.SystemCoreClock
                0x2000003c        0x4 ./Core/Src/system_stm32f3xx.o
                0x2000003c                SystemCoreClock
 .data.uwTickPrio
                0x20000040        0x4 ./Drivers/STM32F3xx_HAL_Driver/Src/stm32f3xx_hal.o
                0x20000040                uwTickPrio
 .data.uwTickFreq
                0x20000044        0x1 ./Drivers/STM32F3xx_HAL_Driver/Src/stm32f3xx_hal.o
                0x20000044                uwTickFreq
 *(.RamFunc)
 *(.RamFunc*)
                0x20000048                        . = ALIGN (0x4)
 *fill*         0x20000045        0x3 
                0x20000048                        _edata = .
                0x080068d0                        _siccmram = LOADADDR (.ccmram)

.igot.plt       0x20000048        0x0 load address 0x080068d0
 .igot.plt      0x20000048        0x0 C:/ST/STM32CubeIDE_1.16.1/STM32CubeIDE/plugins/com.st.stm32cube.ide.mcu.externaltools.gnu-tools-for-stm32.12.3.rel1.win32_1.0.200.202406191623/tools/bin/../lib/gcc/arm-none-eabi/12.3.1/thumb/v7e-m+fp/hard/crtbegin.o

.ccmram         0x10000000        0x0 load address 0x080068d0
                0x10000000                        . = ALIGN (0x4)
                0x10000000                        _sccmram = .
 *(.ccmram)
 *(.ccmram*)
                0x10000000                        . = ALIGN (0x4)
                0x10000000                        _eccmram = .
                0x10000000                        . = ALIGN (0x4)

.bss            0x20000048      0x258
                0x20000048                        _sbss = .
                0x20000048                        __bss_start__ = _sbss
 *(.bss)
 .bss           0x20000048       0x1c C:/ST/STM32CubeIDE_1.16.1/STM32CubeIDE/plugins/com.st.stm32cube.ide.mcu.externaltools.gnu-tools-for-stm32.12.3.rel1.win32_1.0.200.202406191623/tools/bin/../lib/gcc/arm-none-eabi/12.3.1/thumb/v7e-m+fp/hard/crtbegin.o
 *(.bss*)
 .bss.ticks     0x20000064        0x4 ./Core/Src/main.o
                0x20000064                ticks
 .bss.isCloseAll
                0x20000068        0x1 ./Core/Src/main.o
                0x20000068                isCloseAll
 .bss.isAborted
                0x20000069        0x1 ./Core/Src/main.o
                0x20000069                isAborted
 .bss.isServoEnabled
                0x2000006a        0x1 ./Core/Src/main.o
                0x2000006a                isServoEnabled
 .bss.isStarted
                0x2000006b        0x1 ./Core/Src/main.o
                0x2000006b                isStarted
 .bss.ack       0x2000006c        0x1 ./Core/Src/main.o
                0x2000006c                ack
 .bss.igniterState
                0x2000006d        0x1 ./Core/Src/main.o
                0x2000006d                igniterState
 .bss.eo1State  0x2000006e        0x1 ./Core/Src/main.o
                0x2000006e                eo1State
 .bss.no6State  0x2000006f        0x1 ./Core/Src/main.o
                0x2000006f                no6State
 .bss.no4State  0x20000070        0x1 ./Core/Src/main.o
                0x20000070                no4State
 .bss.no3State  0x20000071        0x1 ./Core/Src/main.o
                0x20000071                no3State
 .bss.no2State  0x20000072        0x1 ./Core/Src/main.o
                0x20000072                no2State
 *fill*         0x20000073        0x5 
 .bss.no2_on_time
                0x20000078        0x8 ./Core/Src/main.o
                0x20000078                no2_on_time
 .bss.no3_on_time
                0x20000080        0x8 ./Core/Src/main.o
                0x20000080                no3_on_time
 .bss.no4_on_time
                0x20000088        0x8 ./Core/Src/main.o
                0x20000088                no4_on_time
 .bss.no6_on_time
                0x20000090        0x8 ./Core/Src/main.o
                0x20000090                no6_on_time
 .bss.eo1_on_time
                0x20000098        0x8 ./Core/Src/main.o
                0x20000098                eo1_on_time
 .bss.rx_buff   0x200000a0        0x1 ./Core/Src/main.o
                0x200000a0                rx_buff
 *fill*         0x200000a1        0x3 
 .bss.tx_buff   0x200000a4        0x1 ./Core/Src/main.o
                0x200000a4                tx_buff
 *fill*         0x200000a5        0x3 
 .bss.htim1     0x200000a8       0x4c ./Core/Src/main.o
                0x200000a8                htim1
 .bss.htim16    0x200000f4       0x4c ./Core/Src/main.o
                0x200000f4                htim16
 .bss.htim17    0x20000140       0x4c ./Core/Src/main.o
                0x20000140                htim17
 .bss.huart1    0x2000018c       0x88 ./Core/Src/main.o
                0x2000018c                huart1
 .bss.huart2    0x20000214       0x88 ./Core/Src/main.o
                0x20000214                huart2
 .bss.uwTick    0x2000029c        0x4 ./Drivers/STM32F3xx_HAL_Driver/Src/stm32f3xx_hal.o
                0x2000029c                uwTick
 *(COMMON)
                0x200002a0                        . = ALIGN (0x4)
                0x200002a0                        _ebss = .
                0x200002a0                        __bss_end__ = _ebss

._user_heap_stack
                0x200002a0      0x600
                0x200002a0                        . = ALIGN (0x8)
                [!provide]                        PROVIDE (end = .)
                0x200002a0                        PROVIDE (_end = .)
                0x200004a0                        . = (. + _Min_Heap_Size)
 *fill*         0x200002a0      0x200 
                0x200008a0                        . = (. + _Min_Stack_Size)
 *fill*         0x200004a0      0x400 
                0x200008a0                        . = ALIGN (0x8)

/DISCARD/
 libc.a(*)
 libm.a(*)
 libgcc.a(*)

.ARM.attributes
                0x00000000       0x30
 *(.ARM.attributes)
 .ARM.attributes
                0x00000000       0x22 C:/ST/STM32CubeIDE_1.16.1/STM32CubeIDE/plugins/com.st.stm32cube.ide.mcu.externaltools.gnu-tools-for-stm32.12.3.rel1.win32_1.0.200.202406191623/tools/bin/../lib/gcc/arm-none-eabi/12.3.1/thumb/v7e-m+fp/hard/crti.o
 .ARM.attributes
                0x00000022       0x34 C:/ST/STM32CubeIDE_1.16.1/STM32CubeIDE/plugins/com.st.stm32cube.ide.mcu.externaltools.gnu-tools-for-stm32.12.3.rel1.win32_1.0.200.202406191623/tools/bin/../lib/gcc/arm-none-eabi/12.3.1/thumb/v7e-m+fp/hard/crtbegin.o
 .ARM.attributes
                0x00000056       0x34 ./Core/Src/main.o
 .ARM.attributes
                0x0000008a       0x34 ./Core/Src/stm32f3xx_hal_msp.o
 .ARM.attributes
                0x000000be       0x34 ./Core/Src/stm32f3xx_it.o
 .ARM.attributes
                0x000000f2       0x34 ./Core/Src/system_stm32f3xx.o
 .ARM.attributes
                0x00000126       0x21 ./Core/Startup/startup_stm32f303k8tx.o
 .ARM.attributes
                0x00000147       0x34 ./Drivers/STM32F3xx_HAL_Driver/Src/stm32f3xx_hal.o
 .ARM.attributes
                0x0000017b       0x34 ./Drivers/STM32F3xx_HAL_Driver/Src/stm32f3xx_hal_cortex.o
 .ARM.attributes
                0x000001af       0x34 ./Drivers/STM32F3xx_HAL_Driver/Src/stm32f3xx_hal_dma.o
 .ARM.attributes
                0x000001e3       0x34 ./Drivers/STM32F3xx_HAL_Driver/Src/stm32f3xx_hal_gpio.o
 .ARM.attributes
                0x00000217       0x34 ./Drivers/STM32F3xx_HAL_Driver/Src/stm32f3xx_hal_rcc.o
 .ARM.attributes
                0x0000024b       0x34 ./Drivers/STM32F3xx_HAL_Driver/Src/stm32f3xx_hal_rcc_ex.o
 .ARM.attributes
                0x0000027f       0x34 ./Drivers/STM32F3xx_HAL_Driver/Src/stm32f3xx_hal_tim.o
 .ARM.attributes
                0x000002b3       0x34 ./Drivers/STM32F3xx_HAL_Driver/Src/stm32f3xx_hal_tim_ex.o
 .ARM.attributes
                0x000002e7       0x34 ./Drivers/STM32F3xx_HAL_Driver/Src/stm32f3xx_hal_uart.o
 .ARM.attributes
                0x0000031b       0x34 ./Drivers/STM32F3xx_HAL_Driver/Src/stm32f3xx_hal_uart_ex.o
 .ARM.attributes
                0x0000034f       0x34 C:/ST/STM32CubeIDE_1.16.1/STM32CubeIDE/plugins/com.st.stm32cube.ide.mcu.externaltools.gnu-tools-for-stm32.12.3.rel1.win32_1.0.200.202406191623/tools/bin/../lib/gcc/arm-none-eabi/12.3.1/../../../../arm-none-eabi/lib/thumb/v7e-m+fp/hard\libc_nano.a(libc_a-memset.o)
 .ARM.attributes
                0x00000383       0x34 C:/ST/STM32CubeIDE_1.16.1/STM32CubeIDE/plugins/com.st.stm32cube.ide.mcu.externaltools.gnu-tools-for-stm32.12.3.rel1.win32_1.0.200.202406191623/tools/bin/../lib/gcc/arm-none-eabi/12.3.1/../../../../arm-none-eabi/lib/thumb/v7e-m+fp/hard\libc_nano.a(libc_a-init.o)
 .ARM.attributes
                0x000003b7       0x22 C:/ST/STM32CubeIDE_1.16.1/STM32CubeIDE/plugins/com.st.stm32cube.ide.mcu.externaltools.gnu-tools-for-stm32.12.3.rel1.win32_1.0.200.202406191623/tools/bin/../lib/gcc/arm-none-eabi/12.3.1/thumb/v7e-m+fp/hard\libgcc.a(_arm_addsubdf3.o)
 .ARM.attributes
                0x000003d9       0x22 C:/ST/STM32CubeIDE_1.16.1/STM32CubeIDE/plugins/com.st.stm32cube.ide.mcu.externaltools.gnu-tools-for-stm32.12.3.rel1.win32_1.0.200.202406191623/tools/bin/../lib/gcc/arm-none-eabi/12.3.1/thumb/v7e-m+fp/hard\libgcc.a(_arm_muldivdf3.o)
 .ARM.attributes
                0x000003fb       0x22 C:/ST/STM32CubeIDE_1.16.1/STM32CubeIDE/plugins/com.st.stm32cube.ide.mcu.externaltools.gnu-tools-for-stm32.12.3.rel1.win32_1.0.200.202406191623/tools/bin/../lib/gcc/arm-none-eabi/12.3.1/thumb/v7e-m+fp/hard\libgcc.a(_arm_fixunsdfsi.o)
 .ARM.attributes
                0x0000041d       0x22 C:/ST/STM32CubeIDE_1.16.1/STM32CubeIDE/plugins/com.st.stm32cube.ide.mcu.externaltools.gnu-tools-for-stm32.12.3.rel1.win32_1.0.200.202406191623/tools/bin/../lib/gcc/arm-none-eabi/12.3.1/thumb/v7e-m+fp/hard/crtn.o
OUTPUT(StaticFireFirmware303.elf elf32-littlearm)
LOAD linker stubs
LOAD C:/ST/STM32CubeIDE_1.16.1/STM32CubeIDE/plugins/com.st.stm32cube.ide.mcu.externaltools.gnu-tools-for-stm32.12.3.rel1.win32_1.0.200.202406191623/tools/bin/../lib/gcc/arm-none-eabi/12.3.1/../../../../arm-none-eabi/lib/thumb/v7e-m+fp/hard\libc.a
LOAD C:/ST/STM32CubeIDE_1.16.1/STM32CubeIDE/plugins/com.st.stm32cube.ide.mcu.externaltools.gnu-tools-for-stm32.12.3.rel1.win32_1.0.200.202406191623/tools/bin/../lib/gcc/arm-none-eabi/12.3.1/../../../../arm-none-eabi/lib/thumb/v7e-m+fp/hard\libm.a
LOAD C:/ST/STM32CubeIDE_1.16.1/STM32CubeIDE/plugins/com.st.stm32cube.ide.mcu.externaltools.gnu-tools-for-stm32.12.3.rel1.win32_1.0.200.202406191623/tools/bin/../lib/gcc/arm-none-eabi/12.3.1/thumb/v7e-m+fp/hard\libgcc.a

.debug_info     0x00000000     0xf317
 .debug_info    0x00000000     0x18fd ./Core/Src/main.o
 .debug_info    0x000018fd      0xfc4 ./Core/Src/stm32f3xx_hal_msp.o
 .debug_info    0x000028c1      0x6ee ./Core/Src/stm32f3xx_it.o
 .debug_info    0x00002faf      0x407 ./Core/Src/system_stm32f3xx.o
 .debug_info    0x000033b6       0x30 ./Core/Startup/startup_stm32f303k8tx.o
 .debug_info    0x000033e6      0x74a ./Drivers/STM32F3xx_HAL_Driver/Src/stm32f3xx_hal.o
 .debug_info    0x00003b30      0xa87 ./Drivers/STM32F3xx_HAL_Driver/Src/stm32f3xx_hal_cortex.o
 .debug_info    0x000045b7      0x6e1 ./Drivers/STM32F3xx_HAL_Driver/Src/stm32f3xx_hal_dma.o
 .debug_info    0x00004c98      0x6a6 ./Drivers/STM32F3xx_HAL_Driver/Src/stm32f3xx_hal_gpio.o
 .debug_info    0x0000533e     0x148a ./Drivers/STM32F3xx_HAL_Driver/Src/stm32f3xx_hal_rcc.o
 .debug_info    0x000067c8      0x52e ./Drivers/STM32F3xx_HAL_Driver/Src/stm32f3xx_hal_rcc_ex.o
 .debug_info    0x00006cf6     0x2a70 ./Drivers/STM32F3xx_HAL_Driver/Src/stm32f3xx_hal_tim.o
 .debug_info    0x00009766     0x156d ./Drivers/STM32F3xx_HAL_Driver/Src/stm32f3xx_hal_tim_ex.o
 .debug_info    0x0000acd3     0x39a8 ./Drivers/STM32F3xx_HAL_Driver/Src/stm32f3xx_hal_uart.o
 .debug_info    0x0000e67b      0xc9c ./Drivers/STM32F3xx_HAL_Driver/Src/stm32f3xx_hal_uart_ex.o

.debug_abbrev   0x00000000     0x212a
 .debug_abbrev  0x00000000      0x3c9 ./Core/Src/main.o
 .debug_abbrev  0x000003c9      0x220 ./Core/Src/stm32f3xx_hal_msp.o
 .debug_abbrev  0x000005e9      0x173 ./Core/Src/stm32f3xx_it.o
 .debug_abbrev  0x0000075c      0x11a ./Core/Src/system_stm32f3xx.o
 .debug_abbrev  0x00000876       0x24 ./Core/Startup/startup_stm32f303k8tx.o
 .debug_abbrev  0x0000089a      0x215 ./Drivers/STM32F3xx_HAL_Driver/Src/stm32f3xx_hal.o
 .debug_abbrev  0x00000aaf      0x2f8 ./Drivers/STM32F3xx_HAL_Driver/Src/stm32f3xx_hal_cortex.o
 .debug_abbrev  0x00000da7      0x20d ./Drivers/STM32F3xx_HAL_Driver/Src/stm32f3xx_hal_dma.o
 .debug_abbrev  0x00000fb4      0x1ca ./Drivers/STM32F3xx_HAL_Driver/Src/stm32f3xx_hal_gpio.o
 .debug_abbrev  0x0000117e      0x300 ./Drivers/STM32F3xx_HAL_Driver/Src/stm32f3xx_hal_rcc.o
 .debug_abbrev  0x0000147e      0x221 ./Drivers/STM32F3xx_HAL_Driver/Src/stm32f3xx_hal_rcc_ex.o
 .debug_abbrev  0x0000169f      0x278 ./Drivers/STM32F3xx_HAL_Driver/Src/stm32f3xx_hal_tim.o
 .debug_abbrev  0x00001917      0x283 ./Drivers/STM32F3xx_HAL_Driver/Src/stm32f3xx_hal_tim_ex.o
 .debug_abbrev  0x00001b9a      0x2d1 ./Drivers/STM32F3xx_HAL_Driver/Src/stm32f3xx_hal_uart.o
 .debug_abbrev  0x00001e6b      0x2bf ./Drivers/STM32F3xx_HAL_Driver/Src/stm32f3xx_hal_uart_ex.o

.debug_aranges  0x00000000      0xd40
 .debug_aranges
                0x00000000       0xc0 ./Core/Src/main.o
 .debug_aranges
                0x000000c0       0x58 ./Core/Src/stm32f3xx_hal_msp.o
 .debug_aranges
                0x00000118       0x68 ./Core/Src/stm32f3xx_it.o
 .debug_aranges
                0x00000180       0x28 ./Core/Src/system_stm32f3xx.o
 .debug_aranges
                0x000001a8       0x28 ./Core/Startup/startup_stm32f303k8tx.o
 .debug_aranges
                0x000001d0       0xe0 ./Drivers/STM32F3xx_HAL_Driver/Src/stm32f3xx_hal.o
 .debug_aranges
                0x000002b0      0x100 ./Drivers/STM32F3xx_HAL_Driver/Src/stm32f3xx_hal_cortex.o
 .debug_aranges
                0x000003b0       0x88 ./Drivers/STM32F3xx_HAL_Driver/Src/stm32f3xx_hal_dma.o
 .debug_aranges
                0x00000438       0x58 ./Drivers/STM32F3xx_HAL_Driver/Src/stm32f3xx_hal_gpio.o
 .debug_aranges
                0x00000490       0x88 ./Drivers/STM32F3xx_HAL_Driver/Src/stm32f3xx_hal_rcc.o
 .debug_aranges
                0x00000518       0x38 ./Drivers/STM32F3xx_HAL_Driver/Src/stm32f3xx_hal_rcc_ex.o
 .debug_aranges
                0x00000550      0x3e0 ./Drivers/STM32F3xx_HAL_Driver/Src/stm32f3xx_hal_tim.o
 .debug_aranges
                0x00000930      0x178 ./Drivers/STM32F3xx_HAL_Driver/Src/stm32f3xx_hal_tim_ex.o
 .debug_aranges
                0x00000aa8      0x228 ./Drivers/STM32F3xx_HAL_Driver/Src/stm32f3xx_hal_uart.o
 .debug_aranges
                0x00000cd0       0x70 ./Drivers/STM32F3xx_HAL_Driver/Src/stm32f3xx_hal_uart_ex.o

.debug_rnglists
                0x00000000      0xa6f
 .debug_rnglists
                0x00000000       0x9a ./Core/Src/main.o
 .debug_rnglists
                0x0000009a       0x3f ./Core/Src/stm32f3xx_hal_msp.o
 .debug_rnglists
                0x000000d9       0x49 ./Core/Src/stm32f3xx_it.o
 .debug_rnglists
                0x00000122       0x1a ./Core/Src/system_stm32f3xx.o
 .debug_rnglists
                0x0000013c       0x19 ./Core/Startup/startup_stm32f303k8tx.o
 .debug_rnglists
                0x00000155       0xa3 ./Drivers/STM32F3xx_HAL_Driver/Src/stm32f3xx_hal.o
 .debug_rnglists
                0x000001f8       0xbb ./Drivers/STM32F3xx_HAL_Driver/Src/stm32f3xx_hal_cortex.o
 .debug_rnglists
                0x000002b3       0x69 ./Drivers/STM32F3xx_HAL_Driver/Src/stm32f3xx_hal_dma.o
 .debug_rnglists
                0x0000031c       0x3f ./Drivers/STM32F3xx_HAL_Driver/Src/stm32f3xx_hal_gpio.o
 .debug_rnglists
                0x0000035b       0x66 ./Drivers/STM32F3xx_HAL_Driver/Src/stm32f3xx_hal_rcc.o
 .debug_rnglists
                0x000003c1       0x27 ./Drivers/STM32F3xx_HAL_Driver/Src/stm32f3xx_hal_rcc_ex.o
 .debug_rnglists
                0x000003e8      0x328 ./Drivers/STM32F3xx_HAL_Driver/Src/stm32f3xx_hal_tim.o
 .debug_rnglists
                0x00000710      0x131 ./Drivers/STM32F3xx_HAL_Driver/Src/stm32f3xx_hal_tim_ex.o
 .debug_rnglists
                0x00000841      0x1da ./Drivers/STM32F3xx_HAL_Driver/Src/stm32f3xx_hal_uart.o
 .debug_rnglists
                0x00000a1b       0x54 ./Drivers/STM32F3xx_HAL_Driver/Src/stm32f3xx_hal_uart_ex.o

.debug_macro    0x00000000    0x1acc7
 .debug_macro   0x00000000      0x268 ./Core/Src/main.o
 .debug_macro   0x00000268      0xab4 ./Core/Src/main.o
 .debug_macro   0x00000d1c      0x157 ./Core/Src/main.o
 .debug_macro   0x00000e73       0x2e ./Core/Src/main.o
 .debug_macro   0x00000ea1       0x28 ./Core/Src/main.o
 .debug_macro   0x00000ec9       0x22 ./Core/Src/main.o
 .debug_macro   0x00000eeb       0x8e ./Core/Src/main.o
 .debug_macro   0x00000f79       0x51 ./Core/Src/main.o
 .debug_macro   0x00000fca      0x103 ./Core/Src/main.o
 .debug_macro   0x000010cd       0x6a ./Core/Src/main.o
 .debug_macro   0x00001137      0x1df ./Core/Src/main.o
 .debug_macro   0x00001316       0x1c ./Core/Src/main.o
 .debug_macro   0x00001332       0x22 ./Core/Src/main.o
 .debug_macro   0x00001354       0xd9 ./Core/Src/main.o
 .debug_macro   0x0000142d      0xf07 ./Core/Src/main.o
 .debug_macro   0x00002334    0x10be0 ./Core/Src/main.o
 .debug_macro   0x00012f14       0x6d ./Core/Src/main.o
 .debug_macro   0x00012f81     0x3574 ./Core/Src/main.o
 .debug_macro   0x000164f5      0x189 ./Core/Src/main.o
 .debug_macro   0x0001667e       0x55 ./Core/Src/main.o
 .debug_macro   0x000166d3      0x8f8 ./Core/Src/main.o
 .debug_macro   0x00016fcb      0x304 ./Core/Src/main.o
 .debug_macro   0x000172cf      0x1b5 ./Core/Src/main.o
 .debug_macro   0x00017484      0x11b ./Core/Src/main.o
 .debug_macro   0x0001759f      0x1d5 ./Core/Src/main.o
 .debug_macro   0x00017774      0x1bc ./Core/Src/main.o
 .debug_macro   0x00017930       0x34 ./Core/Src/main.o
 .debug_macro   0x00017964       0x3c ./Core/Src/main.o
 .debug_macro   0x000179a0       0x57 ./Core/Src/main.o
 .debug_macro   0x000179f7       0xc5 ./Core/Src/main.o
 .debug_macro   0x00017abc      0x19f ./Core/Src/main.o
 .debug_macro   0x00017c5b      0x22c ./Core/Src/main.o
 .debug_macro   0x00017e87       0x5b ./Core/Src/main.o
 .debug_macro   0x00017ee2       0xa5 ./Core/Src/main.o
 .debug_macro   0x00017f87       0x81 ./Core/Src/main.o
 .debug_macro   0x00018008       0xd3 ./Core/Src/main.o
 .debug_macro   0x000180db      0xa60 ./Core/Src/main.o
 .debug_macro   0x00018b3b       0x59 ./Core/Src/main.o
 .debug_macro   0x00018b94      0x5ba ./Core/Src/main.o
 .debug_macro   0x0001914e       0x44 ./Core/Src/main.o
 .debug_macro   0x00019192      0x285 ./Core/Src/main.o
 .debug_macro   0x00019417       0x94 ./Core/Src/main.o
 .debug_macro   0x000194ab       0x22 ./Core/Src/main.o
 .debug_macro   0x000194cd       0x64 ./Core/Src/main.o
 .debug_macro   0x00019531      0x1d4 ./Core/Src/stm32f3xx_hal_msp.o
 .debug_macro   0x00019705      0x1de ./Core/Src/stm32f3xx_it.o
 .debug_macro   0x000198e3      0x1c5 ./Core/Src/system_stm32f3xx.o
 .debug_macro   0x00019aa8      0x1e9 ./Drivers/STM32F3xx_HAL_Driver/Src/stm32f3xx_hal.o
 .debug_macro   0x00019c91      0x1c5 ./Drivers/STM32F3xx_HAL_Driver/Src/stm32f3xx_hal_cortex.o
 .debug_macro   0x00019e56      0x1c5 ./Drivers/STM32F3xx_HAL_Driver/Src/stm32f3xx_hal_dma.o
 .debug_macro   0x0001a01b      0x1cc ./Drivers/STM32F3xx_HAL_Driver/Src/stm32f3xx_hal_gpio.o
 .debug_macro   0x0001a1e7      0x1e9 ./Drivers/STM32F3xx_HAL_Driver/Src/stm32f3xx_hal_rcc.o
 .debug_macro   0x0001a3d0      0x1c5 ./Drivers/STM32F3xx_HAL_Driver/Src/stm32f3xx_hal_rcc_ex.o
 .debug_macro   0x0001a595      0x1c6 ./Drivers/STM32F3xx_HAL_Driver/Src/stm32f3xx_hal_tim.o
 .debug_macro   0x0001a75b      0x1c5 ./Drivers/STM32F3xx_HAL_Driver/Src/stm32f3xx_hal_tim_ex.o
 .debug_macro   0x0001a920      0x1e2 ./Drivers/STM32F3xx_HAL_Driver/Src/stm32f3xx_hal_uart.o
 .debug_macro   0x0001ab02      0x1c5 ./Drivers/STM32F3xx_HAL_Driver/Src/stm32f3xx_hal_uart_ex.o

.debug_line     0x00000000    0x10c15
 .debug_line    0x00000000     0x1170 ./Core/Src/main.o
 .debug_line    0x00001170      0x8fd ./Core/Src/stm32f3xx_hal_msp.o
 .debug_line    0x00001a6d      0x845 ./Core/Src/stm32f3xx_it.o
 .debug_line    0x000022b2      0x7e4 ./Core/Src/system_stm32f3xx.o
 .debug_line    0x00002a96       0x7a ./Core/Startup/startup_stm32f303k8tx.o
 .debug_line    0x00002b10      0xa1c ./Drivers/STM32F3xx_HAL_Driver/Src/stm32f3xx_hal.o
 .debug_line    0x0000352c      0xc02 ./Drivers/STM32F3xx_HAL_Driver/Src/stm32f3xx_hal_cortex.o
 .debug_line    0x0000412e      0xd06 ./Drivers/STM32F3xx_HAL_Driver/Src/stm32f3xx_hal_dma.o
 .debug_line    0x00004e34      0xb7f ./Drivers/STM32F3xx_HAL_Driver/Src/stm32f3xx_hal_gpio.o
 .debug_line    0x000059b3     0x13b0 ./Drivers/STM32F3xx_HAL_Driver/Src/stm32f3xx_hal_rcc.o
 .debug_line    0x00006d63      0xaa6 ./Drivers/STM32F3xx_HAL_Driver/Src/stm32f3xx_hal_rcc_ex.o
 .debug_line    0x00007809     0x3cfa ./Drivers/STM32F3xx_HAL_Driver/Src/stm32f3xx_hal_tim.o
 .debug_line    0x0000b503     0x1a88 ./Drivers/STM32F3xx_HAL_Driver/Src/stm32f3xx_hal_tim_ex.o
 .debug_line    0x0000cf8b     0x30fa ./Drivers/STM32F3xx_HAL_Driver/Src/stm32f3xx_hal_uart.o
 .debug_line    0x00010085      0xb90 ./Drivers/STM32F3xx_HAL_Driver/Src/stm32f3xx_hal_uart_ex.o

.debug_str      0x00000000    0xa15e0
 .debug_str     0x00000000    0x9e7f9 ./Core/Src/main.o
                              0x9eb98 (size before relaxing)
 .debug_str     0x0009e7f9      0x351 ./Core/Src/stm32f3xx_hal_msp.o
                              0x9e438 (size before relaxing)
 .debug_str     0x0009eb4a       0xef ./Core/Src/stm32f3xx_it.o
                              0x9dd2d (size before relaxing)
 .debug_str     0x0009ec39       0xe9 ./Core/Src/system_stm32f3xx.o
                              0x9d726 (size before relaxing)
 .debug_str     0x0009ed22       0x44 ./Core/Startup/startup_stm32f303k8tx.o
                                 0x7b (size before relaxing)
 .debug_str     0x0009ed66      0x38b ./Drivers/STM32F3xx_HAL_Driver/Src/stm32f3xx_hal.o
                              0x9de16 (size before relaxing)
 .debug_str     0x0009f0f1      0x230 ./Drivers/STM32F3xx_HAL_Driver/Src/stm32f3xx_hal_cortex.o
                              0x9dd3b (size before relaxing)
 .debug_str     0x0009f321      0x248 ./Drivers/STM32F3xx_HAL_Driver/Src/stm32f3xx_hal_dma.o
                              0x9da6e (size before relaxing)
 .debug_str     0x0009f569      0x17f ./Drivers/STM32F3xx_HAL_Driver/Src/stm32f3xx_hal_gpio.o
                              0x9d905 (size before relaxing)
 .debug_str     0x0009f6e8      0x2c6 ./Drivers/STM32F3xx_HAL_Driver/Src/stm32f3xx_hal_rcc.o
                              0x9dbc6 (size before relaxing)
 .debug_str     0x0009f9ae       0xbe ./Drivers/STM32F3xx_HAL_Driver/Src/stm32f3xx_hal_rcc_ex.o
                              0x9d8c5 (size before relaxing)
 .debug_str     0x0009fa6c      0xdc9 ./Drivers/STM32F3xx_HAL_Driver/Src/stm32f3xx_hal_tim.o
                              0x9eb5d (size before relaxing)
 .debug_str     0x000a0835      0x3d9 ./Drivers/STM32F3xx_HAL_Driver/Src/stm32f3xx_hal_tim_ex.o
                              0x9e3a3 (size before relaxing)
 .debug_str     0x000a0c0e      0x81a ./Drivers/STM32F3xx_HAL_Driver/Src/stm32f3xx_hal_uart.o
                              0x9e449 (size before relaxing)
 .debug_str     0x000a1428      0x1b8 ./Drivers/STM32F3xx_HAL_Driver/Src/stm32f3xx_hal_uart_ex.o
                              0x9dd4e (size before relaxing)

.comment        0x00000000       0x43
 .comment       0x00000000       0x43 ./Core/Src/main.o
                                 0x44 (size before relaxing)
 .comment       0x00000043       0x44 ./Core/Src/stm32f3xx_hal_msp.o
 .comment       0x00000043       0x44 ./Core/Src/stm32f3xx_it.o
 .comment       0x00000043       0x44 ./Core/Src/system_stm32f3xx.o
 .comment       0x00000043       0x44 ./Drivers/STM32F3xx_HAL_Driver/Src/stm32f3xx_hal.o
 .comment       0x00000043       0x44 ./Drivers/STM32F3xx_HAL_Driver/Src/stm32f3xx_hal_cortex.o
 .comment       0x00000043       0x44 ./Drivers/STM32F3xx_HAL_Driver/Src/stm32f3xx_hal_dma.o
 .comment       0x00000043       0x44 ./Drivers/STM32F3xx_HAL_Driver/Src/stm32f3xx_hal_gpio.o
 .comment       0x00000043       0x44 ./Drivers/STM32F3xx_HAL_Driver/Src/stm32f3xx_hal_rcc.o
 .comment       0x00000043       0x44 ./Drivers/STM32F3xx_HAL_Driver/Src/stm32f3xx_hal_rcc_ex.o
 .comment       0x00000043       0x44 ./Drivers/STM32F3xx_HAL_Driver/Src/stm32f3xx_hal_tim.o
 .comment       0x00000043       0x44 ./Drivers/STM32F3xx_HAL_Driver/Src/stm32f3xx_hal_tim_ex.o
 .comment       0x00000043       0x44 ./Drivers/STM32F3xx_HAL_Driver/Src/stm32f3xx_hal_uart.o
 .comment       0x00000043       0x44 ./Drivers/STM32F3xx_HAL_Driver/Src/stm32f3xx_hal_uart_ex.o

.debug_frame    0x00000000     0x38fc
 .debug_frame   0x00000000      0x30c ./Core/Src/main.o
 .debug_frame   0x0000030c      0x144 ./Core/Src/stm32f3xx_hal_msp.o
 .debug_frame   0x00000450      0x120 ./Core/Src/stm32f3xx_it.o
 .debug_frame   0x00000570       0x58 ./Core/Src/system_stm32f3xx.o
 .debug_frame   0x000005c8      0x334 ./Drivers/STM32F3xx_HAL_Driver/Src/stm32f3xx_hal.o
 .debug_frame   0x000008fc      0x428 ./Drivers/STM32F3xx_HAL_Driver/Src/stm32f3xx_hal_cortex.o
 .debug_frame   0x00000d24      0x224 ./Drivers/STM32F3xx_HAL_Driver/Src/stm32f3xx_hal_dma.o
 .debug_frame   0x00000f48      0x14c ./Drivers/STM32F3xx_HAL_Driver/Src/stm32f3xx_hal_gpio.o
 .debug_frame   0x00001094      0x214 ./Drivers/STM32F3xx_HAL_Driver/Src/stm32f3xx_hal_rcc.o
 .debug_frame   0x000012a8       0xac ./Drivers/STM32F3xx_HAL_Driver/Src/stm32f3xx_hal_rcc_ex.o
 .debug_frame   0x00001354     0x1218 ./Drivers/STM32F3xx_HAL_Driver/Src/stm32f3xx_hal_tim.o
 .debug_frame   0x0000256c      0x688 ./Drivers/STM32F3xx_HAL_Driver/Src/stm32f3xx_hal_tim_ex.o
 .debug_frame   0x00002bf4      0x9e8 ./Drivers/STM32F3xx_HAL_Driver/Src/stm32f3xx_hal_uart.o
 .debug_frame   0x000035dc      0x1b4 ./Drivers/STM32F3xx_HAL_Driver/Src/stm32f3xx_hal_uart_ex.o
 .debug_frame   0x00003790       0x20 C:/ST/STM32CubeIDE_1.16.1/STM32CubeIDE/plugins/com.st.stm32cube.ide.mcu.externaltools.gnu-tools-for-stm32.12.3.rel1.win32_1.0.200.202406191623/tools/bin/../lib/gcc/arm-none-eabi/12.3.1/../../../../arm-none-eabi/lib/thumb/v7e-m+fp/hard\libc_nano.a(libc_a-memset.o)
 .debug_frame   0x000037b0       0x2c C:/ST/STM32CubeIDE_1.16.1/STM32CubeIDE/plugins/com.st.stm32cube.ide.mcu.externaltools.gnu-tools-for-stm32.12.3.rel1.win32_1.0.200.202406191623/tools/bin/../lib/gcc/arm-none-eabi/12.3.1/../../../../arm-none-eabi/lib/thumb/v7e-m+fp/hard\libc_nano.a(libc_a-init.o)
 .debug_frame   0x000037dc       0xac C:/ST/STM32CubeIDE_1.16.1/STM32CubeIDE/plugins/com.st.stm32cube.ide.mcu.externaltools.gnu-tools-for-stm32.12.3.rel1.win32_1.0.200.202406191623/tools/bin/../lib/gcc/arm-none-eabi/12.3.1/thumb/v7e-m+fp/hard\libgcc.a(_arm_addsubdf3.o)
 .debug_frame   0x00003888       0x50 C:/ST/STM32CubeIDE_1.16.1/STM32CubeIDE/plugins/com.st.stm32cube.ide.mcu.externaltools.gnu-tools-for-stm32.12.3.rel1.win32_1.0.200.202406191623/tools/bin/../lib/gcc/arm-none-eabi/12.3.1/thumb/v7e-m+fp/hard\libgcc.a(_arm_muldivdf3.o)
 .debug_frame   0x000038d8       0x24 C:/ST/STM32CubeIDE_1.16.1/STM32CubeIDE/plugins/com.st.stm32cube.ide.mcu.externaltools.gnu-tools-for-stm32.12.3.rel1.win32_1.0.200.202406191623/tools/bin/../lib/gcc/arm-none-eabi/12.3.1/thumb/v7e-m+fp/hard\libgcc.a(_arm_fixunsdfsi.o)

.debug_line_str
                0x00000000       0x5f
 .debug_line_str
                0x00000000       0x5f ./Core/Startup/startup_stm32f303k8tx.o
