Archive member included to satisfy reference by file (symbol)

/Applications/STM32CubeIDE.app/Contents/Eclipse/plugins/com.st.stm32cube.ide.mcu.externaltools.gnu-tools-for-stm32.12.3.rel1.macos64_1.1.0.202410301201/tools/bin/../lib/gcc/arm-none-eabi/12.3.1/../../../../arm-none-eabi/lib/thumb/v7e-m+fp/hard/libc_nano.a(libc_a-exit.o)
                              /Applications/STM32CubeIDE.app/Contents/Eclipse/plugins/com.st.stm32cube.ide.mcu.externaltools.gnu-tools-for-stm32.12.3.rel1.macos64_1.1.0.202410301201/tools/bin/../lib/gcc/arm-none-eabi/12.3.1/../../../../arm-none-eabi/lib/thumb/v7e-m+fp/hard/crt0.o (exit)
/Applications/STM32CubeIDE.app/Contents/Eclipse/plugins/com.st.stm32cube.ide.mcu.externaltools.gnu-tools-for-stm32.12.3.rel1.macos64_1.1.0.202410301201/tools/bin/../lib/gcc/arm-none-eabi/12.3.1/../../../../arm-none-eabi/lib/thumb/v7e-m+fp/hard/libc_nano.a(libc_a-findfp.o)
                              /Applications/STM32CubeIDE.app/Contents/Eclipse/plugins/com.st.stm32cube.ide.mcu.externaltools.gnu-tools-for-stm32.12.3.rel1.macos64_1.1.0.202410301201/tools/bin/../lib/gcc/arm-none-eabi/12.3.1/../../../../arm-none-eabi/lib/thumb/v7e-m+fp/hard/libc_nano.a(libc_a-exit.o) (__stdio_exit_handler)
/Applications/STM32CubeIDE.app/Contents/Eclipse/plugins/com.st.stm32cube.ide.mcu.externaltools.gnu-tools-for-stm32.12.3.rel1.macos64_1.1.0.202410301201/tools/bin/../lib/gcc/arm-none-eabi/12.3.1/../../../../arm-none-eabi/lib/thumb/v7e-m+fp/hard/libc_nano.a(libc_a-fwalk.o)
                              /Applications/STM32CubeIDE.app/Contents/Eclipse/plugins/com.st.stm32cube.ide.mcu.externaltools.gnu-tools-for-stm32.12.3.rel1.macos64_1.1.0.202410301201/tools/bin/../lib/gcc/arm-none-eabi/12.3.1/../../../../arm-none-eabi/lib/thumb/v7e-m+fp/hard/libc_nano.a(libc_a-findfp.o) (_fwalk_sglue)
/Applications/STM32CubeIDE.app/Contents/Eclipse/plugins/com.st.stm32cube.ide.mcu.externaltools.gnu-tools-for-stm32.12.3.rel1.macos64_1.1.0.202410301201/tools/bin/../lib/gcc/arm-none-eabi/12.3.1/../../../../arm-none-eabi/lib/thumb/v7e-m+fp/hard/libc_nano.a(libc_a-memset.o)
                              /Applications/STM32CubeIDE.app/Contents/Eclipse/plugins/com.st.stm32cube.ide.mcu.externaltools.gnu-tools-for-stm32.12.3.rel1.macos64_1.1.0.202410301201/tools/bin/../lib/gcc/arm-none-eabi/12.3.1/../../../../arm-none-eabi/lib/thumb/v7e-m+fp/hard/crt0.o (memset)
/Applications/STM32CubeIDE.app/Contents/Eclipse/plugins/com.st.stm32cube.ide.mcu.externaltools.gnu-tools-for-stm32.12.3.rel1.macos64_1.1.0.202410301201/tools/bin/../lib/gcc/arm-none-eabi/12.3.1/../../../../arm-none-eabi/lib/thumb/v7e-m+fp/hard/libc_nano.a(libc_a-impure.o)
                              /Applications/STM32CubeIDE.app/Contents/Eclipse/plugins/com.st.stm32cube.ide.mcu.externaltools.gnu-tools-for-stm32.12.3.rel1.macos64_1.1.0.202410301201/tools/bin/../lib/gcc/arm-none-eabi/12.3.1/../../../../arm-none-eabi/lib/thumb/v7e-m+fp/hard/libc_nano.a(libc_a-findfp.o) (_impure_data)
/Applications/STM32CubeIDE.app/Contents/Eclipse/plugins/com.st.stm32cube.ide.mcu.externaltools.gnu-tools-for-stm32.12.3.rel1.macos64_1.1.0.202410301201/tools/bin/../lib/gcc/arm-none-eabi/12.3.1/../../../../arm-none-eabi/lib/thumb/v7e-m+fp/hard/libc_nano.a(libc_a-errno.o)
                              ./Core/Src/syscalls.o (__errno)
/Applications/STM32CubeIDE.app/Contents/Eclipse/plugins/com.st.stm32cube.ide.mcu.externaltools.gnu-tools-for-stm32.12.3.rel1.macos64_1.1.0.202410301201/tools/bin/../lib/gcc/arm-none-eabi/12.3.1/../../../../arm-none-eabi/lib/thumb/v7e-m+fp/hard/libc_nano.a(libc_a-init.o)
                              /Applications/STM32CubeIDE.app/Contents/Eclipse/plugins/com.st.stm32cube.ide.mcu.externaltools.gnu-tools-for-stm32.12.3.rel1.macos64_1.1.0.202410301201/tools/bin/../lib/gcc/arm-none-eabi/12.3.1/../../../../arm-none-eabi/lib/thumb/v7e-m+fp/hard/crt0.o (__libc_init_array)
/Applications/STM32CubeIDE.app/Contents/Eclipse/plugins/com.st.stm32cube.ide.mcu.externaltools.gnu-tools-for-stm32.12.3.rel1.macos64_1.1.0.202410301201/tools/bin/../lib/gcc/arm-none-eabi/12.3.1/../../../../arm-none-eabi/lib/thumb/v7e-m+fp/hard/libc_nano.a(libc_a-lock.o)
                              /Applications/STM32CubeIDE.app/Contents/Eclipse/plugins/com.st.stm32cube.ide.mcu.externaltools.gnu-tools-for-stm32.12.3.rel1.macos64_1.1.0.202410301201/tools/bin/../lib/gcc/arm-none-eabi/12.3.1/../../../../arm-none-eabi/lib/thumb/v7e-m+fp/hard/libc_nano.a(libc_a-findfp.o) (__retarget_lock_init_recursive)
/Applications/STM32CubeIDE.app/Contents/Eclipse/plugins/com.st.stm32cube.ide.mcu.externaltools.gnu-tools-for-stm32.12.3.rel1.macos64_1.1.0.202410301201/tools/bin/../lib/gcc/arm-none-eabi/12.3.1/../../../../arm-none-eabi/lib/thumb/v7e-m+fp/hard/libc_nano.a(libc_a-mallocr.o)
[...]
Memory Configuration

Name             Origin             Length             Attributes
CCMRAM           0x10000000         0x00001000         xrw
RAM              0x20000000         0x00003000         xrw
FLASH            0x08000000         0x00010000         xr
*default*        0x00000000         0xffffffff

Linker script and memory map

LOAD /Applications/STM32CubeIDE.app/Contents/Eclipse/plugins/com.st.stm32cube.ide.mcu.externaltools.gnu-tools-for-stm32.12.3.rel1.macos64_1.1.0.202410301201/tools/bin/../lib/gcc/arm-none-eabi/12.3.1/thumb/v7e-m+fp/hard/crti.o
LOAD /Applications/STM32CubeIDE.app/Contents/Eclipse/plugins/com.st.stm32cube.ide.mcu.externaltools.gnu-tools-for-stm32.12.3.rel1.macos64_1.1.0.202410301201/tools/bin/../lib/gcc/arm-none-eabi/12.3.1/thumb/v7e-m+fp/hard/crtbegin.o
LOAD /Applications/STM32CubeIDE.app/Contents/Eclipse/plugins/com.st.stm32cube.ide.mcu.externaltools.gnu-tools-for-stm32.12.3.rel1.macos64_1.1.0.202410301201/tools/bin/../lib/gcc/arm-none-eabi/12.3.1/../../../../arm-none-eabi/lib/thumb/v7e-m+fp/hard/crt0.o
LOAD ./Core/Src/main.o
LOAD ./Core/Src/stm32f3xx_hal_msp.o
LOAD ./Core/Src/stm32f3xx_it.o
LOAD ./Core/Src/syscalls.o
LOAD ./Core/Src/sysmem.o
LOAD ./Core/Src/system_stm32f3xx.o
LOAD ./Core/Src/tim.o
LOAD ./Core/Startup/startup_stm32f303k8tx.o
LOAD ./Drivers/STM32F3xx_HAL_Driver/Src/stm32f3xx_hal.o
LOAD ./Drivers/STM32F3xx_HAL_Driver/Src/stm32f3xx_hal_cortex.o
LOAD ./Drivers/STM32F3xx_HAL_Driver/Src/stm32f3xx_hal_dma.o
LOAD ./Drivers/STM32F3xx_HAL_Driver/Src/stm32f3xx_hal_exti.o
LOAD ./Drivers/STM32F3xx_HAL_Driver/Src/stm32f3xx_hal_flash.o
LOAD ./Drivers/STM32F3xx_HAL_Driver/Src/stm32f3xx_hal_flash_ex.o
LOAD ./Drivers/STM32F3xx_HAL_Driver/Src/stm32f3xx_hal_gpio.o
LOAD ./Drivers/STM32F3xx_HAL_Driver/Src/stm32f3xx_hal_i2c.o
LOAD ./Drivers/STM32F3xx_HAL_Driver/Src/stm32f3xx_hal_i2c_ex.o
LOAD ./Drivers/STM32F3xx_HAL_Driver/Src/stm32f3xx_hal_pwr.o
LOAD ./Drivers/STM32F3xx_HAL_Driver/Src/stm32f3xx_hal_pwr_ex.o
LOAD ./Drivers/STM32F3xx_HAL_Driver/Src/stm32f3xx_hal_rcc.o
LOAD ./Drivers/STM32F3xx_HAL_Driver/Src/stm32f3xx_hal_rcc_ex.o
LOAD ./Drivers/STM32F3xx_HAL_Driver/Src/stm32f3xx_hal_tim.o
LOAD ./Drivers/STM32F3xx_HAL_Driver/Src/stm32f3xx_hal_tim_ex.o
LOAD ./Drivers/STM32F3xx_HAL_Driver/Src/stm32f3xx_hal_uart.o
LOAD ./Drivers/STM32F3xx_HAL_Driver/Src/stm32f3xx_hal_uart_ex.o
START GROUP
LOAD /Applications/STM32CubeIDE.app/Contents/Eclipse/plugins/com.st.stm32cube.ide.mcu.externaltools.gnu-tools-for-stm32.12.3.rel1.macos64_1.1.0.202410301201/tools/bin/../lib/gcc/arm-none-eabi/12.3.1/../../../../arm-none-eabi/lib/thumb/v7e-m+fp/hard/libc_nano.a
LOAD /Applications/STM32CubeIDE.app/Contents/Eclipse/plugins/com.st.stm32cube.ide.mcu.externaltools.gnu-tools-for-stm32.12.3.rel1.macos64_1.1.0.202410301201/tools/bin/../lib/gcc/arm-none-eabi/12.3.1/../../../../arm-none-eabi/lib/thumb/v7e-m+fp/hard/libm.a
END GROUP
START GROUP
LOAD /Applications/STM32CubeIDE.app/Contents/Eclipse/plugins/com.st.stm32cube.ide.mcu.externaltools.gnu-tools-for-stm32.12.3.rel1.macos64_1.1.0.202410301201/tools/bin/../lib/gcc/arm-none-eabi/12.3.1/thumb/v7e-m+fp/hard/libgcc.a
LOAD /Applications/STM32CubeIDE.app/Contents/Eclipse/plugins/com.st.stm32cube.ide.mcu.externaltools.gnu-tools-for-stm32.12.3.rel1.macos64_1.1.0.202410301201/tools/bin/../lib/gcc/arm-none-eabi/12.3.1/../../../../arm-none-eabi/lib/thumb/v7e-m+fp/hard/libc_nano.a
END GROUP
START GROUP
LOAD /Applications/STM32CubeIDE.app/Contents/Eclipse/plugins/com.st.stm32cube.ide.mcu.externaltools.gnu-tools-for-stm32.12.3.rel1.macos64_1.1.0.202410301201/tools/bin/../lib/gcc/arm-none-eabi/12.3.1/thumb/v7e-m+fp/hard/libgcc.a
LOAD /Applications/STM32CubeIDE.app/Contents/Eclipse/plugins/com.st.stm32cube.ide.mcu.externaltools.gnu-tools-for-stm32.12.3.rel1.macos64_1.1.0.202410301201/tools/bin/../lib/gcc/arm-none-eabi/12.3.1/../../../../arm-none-eabi/lib/thumb/v7e-m+fp/hard/libc_nano.a
LOAD /Applications/STM32CubeIDE.app/Contents/Eclipse/plugins/com.st.stm32cube.ide.mcu.externaltools.gnu-tools-for-stm32.12.3.rel1.macos64_1.1.0.202410301201/tools/bin/../lib/gcc/arm-none-eabi/12.3.1/../../../../arm-none-eabi/lib/thumb/v7e-m+fp/hard/libnosys.a
END GROUP
START GROUP
LOAD /Applications/STM32CubeIDE.app/Contents/Eclipse/plugins/com.st.stm32cube.ide.mcu.externaltools.gnu-tools-for-stm32.12.3.rel1.macos64_1.1.0.202410301201/tools/bin/../lib/gcc/arm-none-eabi/12.3.1/thumb/v7e-m+fp/hard/libgcc.a
LOAD /Applications/STM32CubeIDE.app/Contents/Eclipse/plugins/com.st.stm32cube.ide.mcu.externaltools.gnu-tools-for-stm32.12.3.rel1.macos64_1.1.0.202410301201/tools/bin/../lib/gcc/arm-none-eabi/12.3.1/../../../../arm-none-eabi/lib/thumb/v7e-m+fp/hard/libc_nano.a
LOAD /Applications/STM32CubeIDE.app/Contents/Eclipse/plugins/com.st.stm32cube.ide.mcu.externaltools.gnu-tools-for-stm32.12.3.rel1.macos64_1.1.0.202410301201/tools/bin/../lib/gcc/arm-none-eabi/12.3.1/../../../../arm-none-eabi/lib/thumb/v7e-m+fp/hard/libnosys.a
END GROUP
LOAD /Applications/STM32CubeIDE.app/Contents/Eclipse/plugins/com.st.stm32cube.ide.mcu.externaltools.gnu-tools-for-stm32.12.3.rel1.macos64_1.1.0.202410301201/tools/bin/../lib/gcc/arm-none-eabi/12.3.1/thumb/v7e-m+fp/hard/crtend.o
LOAD /Applications/STM32CubeIDE.app/Contents/Eclipse/plugins/com.st.stm32cube.ide.mcu.externaltools.gnu-tools-for-stm32.12.3.rel1.macos64_1.1.0.202410301201/tools/bin/../lib/gcc/arm-none-eabi/12.3.1/thumb/v7e-m+fp/hard/crtn.o
                0x20003000                        _estack = (ORIGIN (RAM) + LENGTH (RAM))
                0x00000200                        _Min_Heap_Size = 0x200
                0x00000400                        _Min_Stack_Size = 0x400

.isr_vector     0x08000000      0x188
                0x08000000                        . = ALIGN (0x4)
 *(.isr_vector)
 .isr_vector    0x08000000      0x188 ./Core/Startup/startup_stm32f303k8tx.o
                0x08000000                g_pfnVectors
                0x08000188                        . = ALIGN (0x4)

.text           0x08000188     0x6518
                0x08000188                        . = ALIGN (0x4)
 *(.text)
 .text          0x08000188       0x40 /Applications/STM32CubeIDE.app/Contents/Eclipse/plugins/com.st.stm32cube.ide.mcu.externaltools.gnu-tools-for-stm32.12.3.rel1.macos64_1.1.0.202410301201/tools/bin/../lib/gcc/arm-none-eabi/12.3.1/thumb/v7e-m+fp/hard/crtbegin.o
 .text          0x080001c8      0x378 /Applications/STM32CubeIDE.app/Contents/Eclipse/plugins/com.st.stm32cube.ide.mcu.externaltools.gnu-tools-for-stm32.12.3.rel1.macos64_1.1.0.202410301201/tools/bin/../lib/gcc/arm-none-eabi/12.3.1/thumb/v7e-m+fp/hard/libgcc.a(_arm_addsubdf3.o)
                0x080001c8                __aeabi_drsub
                0x080001d0                __subdf3
                0x080001d0                __aeabi_dsub
                0x080001d4                __aeabi_dadd
                0x080001d4                __adddf3
                0x0800044c                __aeabi_ui2d
                0x0800044c                __floatunsidf
                0x0800046c                __floatsidf
                0x0800046c                __aeabi_i2d
                0x08000490                __extendsfdf2
                0x08000490                __aeabi_f2d
                0x080004d4                __aeabi_ul2d
                0x080004d4                __floatundidf
                0x080004e4                __aeabi_l2d
                0x080004e4                __floatdidf
 .text          0x08000540      0x424 /Applications/STM32CubeIDE.app/Contents/Eclipse/plugins/com.st.stm32cube.ide.mcu.externaltools.gnu-tools-for-stm32.12.3.rel1.macos64_1.1.0.202410301201/tools/bin/../lib/gcc/arm-none-eabi/12.3.1/thumb/v7e-m+fp/hard/libgcc.a(_arm_muldivdf3.o)
                0x08000540                __aeabi_dmul
                0x08000540                __muldf3
                0x08000794                __aeabi_ddiv
                0x08000794                __divdf3
 .text          0x08000964       0x40 /Applications/STM32CubeIDE.app/Contents/Eclipse/plugins/com.st.stm32cube.ide.mcu.externaltools.gnu-tools-for-stm32.12.3.rel1.macos64_1.1.0.202410301201/tools/bin/../lib/gcc/arm-none-eabi/12.3.1/thumb/v7e-m+fp/hard/libgcc.a(_arm_fixunsdfsi.o)
                0x08000964                __fixunsdfsi
                0x08000964                __aeabi_d2uiz
 *(.text*)
 *fill*         0x080009a4        0x4 
 .text.Deg_To_CCR
                0x080009a8       0xa8 ./Core/Src/main.o
                0x080009a8                Deg_To_CCR
 .text.Create_Ack
                0x08000a50      0x10c ./Core/Src/main.o
                0x08000a50                Create_Ack
 .text.Tick_EO1
                0x08000b5c      0x228 ./Core/Src/main.o
                0x08000b5c                Tick_EO1
 .text.Tick_NO6
                0x08000d84      0x228 ./Core/Src/main.o
                0x08000d84                Tick_NO6
 .text.Tick_NO4
                0x08000fac      0x210 ./Core/Src/main.o
                0x08000fac                Tick_NO4
 .text.Tick_NO3
                0x080011bc      0x214 ./Core/Src/main.o
                0x080011bc                Tick_NO3
 .text.Tick_NO2
                0x080013d0      0x210 ./Core/Src/main.o
                0x080013d0                Tick_NO2
 .text.Tick_Igniter
                0x080015e0       0xec ./Core/Src/main.o
                0x080015e0                Tick_Igniter
 .text.Servo_Disable
                0x080016cc       0x50 ./Core/Src/main.o
                0x080016cc                Servo_Disable
 .text.Servo_Enable
                0x0800171c       0x50 ./Core/Src/main.o
                0x0800171c                Servo_Enable
 .text.main     0x0800176c      0x12c ./Core/Src/main.o
                0x0800176c                main
 .text.SystemClock_Config
                0x08001898       0xb6 ./Core/Src/main.o
                0x08001898                SystemClock_Config
 *fill*         0x0800194e        0x2 
 .text.MX_TIM1_Init
                0x08001950      0x138 ./Core/Src/main.o
 .text.MX_TIM2_Init
                0x08001a88       0xb4 ./Core/Src/main.o
 .text.MX_TIM3_Init
                0x08001b3c       0xb4 ./Core/Src/main.o
 .text.MX_TIM16_Init
                0x08001bf0       0xf4 ./Core/Src/main.o
 .text.MX_USART1_UART_Init
                0x08001ce4       0x60 ./Core/Src/main.o
 .text.MX_USART2_UART_Init
                0x08001d44       0x60 ./Core/Src/main.o
 .text.MX_GPIO_Init
                0x08001da4       0xc0 ./Core/Src/main.o
 .text.HAL_UART_RxCpltCallback
                0x08001e64       0x28 ./Core/Src/main.o
                0x08001e64                HAL_UART_RxCpltCallback
 .text.Tick_Components
                0x08001e8c       0x84 ./Core/Src/main.o
                0x08001e8c                Tick_Components
 .text.Error_Handler
                0x08001f10        0xc ./Core/Src/main.o
                0x08001f10                Error_Handler
 .text.HAL_MspInit
                0x08001f1c       0x48 ./Core/Src/stm32f3xx_hal_msp.o
                0x08001f1c                HAL_MspInit
 .text.HAL_TIM_PWM_MspInit
                0x08001f64       0x8c ./Core/Src/stm32f3xx_hal_msp.o
                0x08001f64                HAL_TIM_PWM_MspInit
 .text.HAL_TIM_Base_MspInit
                0x08001ff0       0x40 ./Core/Src/stm32f3xx_hal_msp.o
                0x08001ff0                HAL_TIM_Base_MspInit
 .text.HAL_TIM_MspPostInit
                0x08002030      0x170 ./Core/Src/stm32f3xx_hal_msp.o
                0x08002030                HAL_TIM_MspPostInit
 .text.HAL_UART_MspInit
                0x080021a0       0xfc ./Core/Src/stm32f3xx_hal_msp.o
                0x080021a0                HAL_UART_MspInit
 .text.NMI_Handler
                0x0800229c        0x8 ./Core/Src/stm32f3xx_it.o
                0x0800229c                NMI_Handler
 .text.HardFault_Handler
                0x080022a4        0x8 ./Core/Src/stm32f3xx_it.o
                0x080022a4                HardFault_Handler
 .text.MemManage_Handler
                0x080022ac        0x8 ./Core/Src/stm32f3xx_it.o
                0x080022ac                MemManage_Handler
 .text.BusFault_Handler
                0x080022b4        0x8 ./Core/Src/stm32f3xx_it.o
                0x080022b4                BusFault_Handler
 .text.UsageFault_Handler
                0x080022bc        0x8 ./Core/Src/stm32f3xx_it.o
                0x080022bc                UsageFault_Handler
 .text.SVC_Handler
                0x080022c4        0xe ./Core/Src/stm32f3xx_it.o
                0x080022c4                SVC_Handler
 .text.DebugMon_Handler
                0x080022d2        0xe ./Core/Src/stm32f3xx_it.o
                0x080022d2                DebugMon_Handler
 .text.PendSV_Handler
                0x080022e0        0xe ./Core/Src/stm32f3xx_it.o
                0x080022e0                PendSV_Handler
 .text.SysTick_Handler
                0x080022ee        0xc ./Core/Src/stm32f3xx_it.o
                0x080022ee                SysTick_Handler
 *fill*         0x080022fa        0x2 
 .text.USART1_IRQHandler
                0x080022fc       0x14 ./Core/Src/stm32f3xx_it.o
                0x080022fc                USART1_IRQHandler
 .text.SystemInit
                0x08002310       0x24 ./Core/Src/system_stm32f3xx.o
                0x08002310                SystemInit
 .text.Reset_Handler
                0x08002334       0x50 ./Core/Startup/startup_stm32f303k8tx.o
                0x08002334                Reset_Handler
 .text.Default_Handler
                0x08002384        0x2 ./Core/Startup/startup_stm32f303k8tx.o
                0x08002384                TIM1_BRK_TIM15_IRQHandler
                0x08002384                TIM1_CC_IRQHandler
                0x08002384                PVD_IRQHandler
                0x08002384                TAMP_STAMP_IRQHandler
                0x08002384                EXTI3_IRQHandler
                0x08002384                EXTI0_IRQHandler
                0x08002384                FPU_IRQHandler
                0x08002384                CAN_TX_IRQHandler
                0x08002384                TIM1_UP_TIM16_IRQHandler
                0x08002384                ADC1_2_IRQHandler
                0x08002384                SPI1_IRQHandler
                0x08002384                CAN_SCE_IRQHandler
                0x08002384                DMA1_Channel4_IRQHandler
                0x08002384                USART3_IRQHandler
                0x08002384                DMA1_Channel7_IRQHandler
                0x08002384                TIM7_DAC2_IRQHandler
                0x08002384                CAN_RX1_IRQHandler
                0x08002384                I2C1_EV_IRQHandler
                0x08002384                DMA1_Channel6_IRQHandler
                0x08002384                TIM3_IRQHandler
                0x08002384                RCC_IRQHandler
                0x08002384                DMA1_Channel1_IRQHandler
                0x08002384                Default_Handler
                0x08002384                EXTI15_10_IRQHandler
                0x08002384                COMP2_IRQHandler
                0x08002384                TIM6_DAC1_IRQHandler
                0x08002384                EXTI9_5_IRQHandler
                0x08002384                RTC_WKUP_IRQHandler
                0x08002384                DMA1_Channel5_IRQHandler
                0x08002384                EXTI4_IRQHandler
                0x08002384                TIM1_TRG_COM_TIM17_IRQHandler
                0x08002384                DMA1_Channel3_IRQHandler
                0x08002384                WWDG_IRQHandler
                0x08002384                TIM2_IRQHandler
                0x08002384                EXTI1_IRQHandler
                0x08002384                COMP4_6_IRQHandler
                0x08002384                USART2_IRQHandler
                0x08002384                DMA1_Channel2_IRQHandler
                0x08002384                FLASH_IRQHandler
                0x08002384                CAN_RX0_IRQHandler
                0x08002384                I2C1_ER_IRQHandler
                0x08002384                EXTI2_TSC_IRQHandler
                0x08002384                RTC_Alarm_IRQHandler
 *fill*         0x08002386        0x2 
 .text.HAL_Init
                0x08002388       0x2c ./Drivers/STM32F3xx_HAL_Driver/Src/stm32f3xx_hal.o
                0x08002388                HAL_Init
 .text.HAL_InitTick
                0x080023b4       0x60 ./Drivers/STM32F3xx_HAL_Driver/Src/stm32f3xx_hal.o
                0x080023b4                HAL_InitTick
 .text.HAL_IncTick
                0x08002414       0x28 ./Drivers/STM32F3xx_HAL_Driver/Src/stm32f3xx_hal.o
                0x08002414                HAL_IncTick
 .text.HAL_GetTick
                0x0800243c       0x18 ./Drivers/STM32F3xx_HAL_Driver/Src/stm32f3xx_hal.o
                0x0800243c                HAL_GetTick
 .text.HAL_Delay
                0x08002454       0x48 ./Drivers/STM32F3xx_HAL_Driver/Src/stm32f3xx_hal.o
                0x08002454                HAL_Delay
 .text.__NVIC_SetPriorityGrouping
                0x0800249c       0x48 ./Drivers/STM32F3xx_HAL_Driver/Src/stm32f3xx_hal_cortex.o
 .text.__NVIC_GetPriorityGrouping
                0x080024e4       0x1c ./Drivers/STM32F3xx_HAL_Driver/Src/stm32f3xx_hal_cortex.o
 .text.__NVIC_EnableIRQ
                0x08002500       0x3c ./Drivers/STM32F3xx_HAL_Driver/Src/stm32f3xx_hal_cortex.o
 .text.__NVIC_SetPriority
                0x0800253c       0x54 ./Drivers/STM32F3xx_HAL_Driver/Src/stm32f3xx_hal_cortex.o
 .text.NVIC_EncodePriority
                0x08002590       0x66 ./Drivers/STM32F3xx_HAL_Driver/Src/stm32f3xx_hal_cortex.o
 *fill*         0x080025f6        0x2 
 .text.SysTick_Config
                0x080025f8       0x44 ./Drivers/STM32F3xx_HAL_Driver/Src/stm32f3xx_hal_cortex.o
 .text.HAL_NVIC_SetPriorityGrouping
                0x0800263c       0x16 ./Drivers/STM32F3xx_HAL_Driver/Src/stm32f3xx_hal_cortex.o
                0x0800263c                HAL_NVIC_SetPriorityGrouping
 .text.HAL_NVIC_SetPriority
                0x08002652       0x38 ./Drivers/STM32F3xx_HAL_Driver/Src/stm32f3xx_hal_cortex.o
                0x08002652                HAL_NVIC_SetPriority
 .text.HAL_NVIC_EnableIRQ
                0x0800268a       0x1c ./Drivers/STM32F3xx_HAL_Driver/Src/stm32f3xx_hal_cortex.o
                0x0800268a                HAL_NVIC_EnableIRQ
 .text.HAL_SYSTICK_Config
                0x080026a6       0x18 ./Drivers/STM32F3xx_HAL_Driver/Src/stm32f3xx_hal_cortex.o
                0x080026a6                HAL_SYSTICK_Config
 .text.HAL_DMA_Abort
                0x080026be       0x7c ./Drivers/STM32F3xx_HAL_Driver/Src/stm32f3xx_hal_dma.o
                0x080026be                HAL_DMA_Abort
 .text.HAL_DMA_Abort_IT
                0x0800273a       0x7c ./Drivers/STM32F3xx_HAL_Driver/Src/stm32f3xx_hal_dma.o
                0x0800273a                HAL_DMA_Abort_IT
 *fill*         0x080027b6        0x2 
 .text.HAL_GPIO_Init
                0x080027b8      0x2e4 ./Drivers/STM32F3xx_HAL_Driver/Src/stm32f3xx_hal_gpio.o
                0x080027b8                HAL_GPIO_Init
 .text.HAL_GPIO_WritePin
                0x08002a9c       0x30 ./Drivers/STM32F3xx_HAL_Driver/Src/stm32f3xx_hal_gpio.o
                0x08002a9c                HAL_GPIO_WritePin
 .text.HAL_RCC_OscConfig
                0x08002acc     0x107c ./Drivers/STM32F3xx_HAL_Driver/Src/stm32f3xx_hal_rcc.o
                0x08002acc                HAL_RCC_OscConfig
 .text.HAL_RCC_ClockConfig
                0x08003b48      0x2f8 ./Drivers/STM32F3xx_HAL_Driver/Src/stm32f3xx_hal_rcc.o
                0x08003b48                HAL_RCC_ClockConfig
 .text.HAL_RCC_GetSysClockFreq
                0x08003e40       0xa8 ./Drivers/STM32F3xx_HAL_Driver/Src/stm32f3xx_hal_rcc.o
                0x08003e40                HAL_RCC_GetSysClockFreq
 .text.HAL_RCC_GetHCLKFreq
                0x08003ee8       0x18 ./Drivers/STM32F3xx_HAL_Driver/Src/stm32f3xx_hal_rcc.o
                0x08003ee8                HAL_RCC_GetHCLKFreq
 .text.HAL_RCC_GetPCLK1Freq
                0x08003f00       0x44 ./Drivers/STM32F3xx_HAL_Driver/Src/stm32f3xx_hal_rcc.o
                0x08003f00                HAL_RCC_GetPCLK1Freq
 .text.HAL_RCC_GetPCLK2Freq
                0x08003f44       0x44 ./Drivers/STM32F3xx_HAL_Driver/Src/stm32f3xx_hal_rcc.o
                0x08003f44                HAL_RCC_GetPCLK2Freq
 .text.HAL_RCCEx_PeriphCLKConfig
                0x08003f88      0x24c ./Drivers/STM32F3xx_HAL_Driver/Src/stm32f3xx_hal_rcc_ex.o
                0x08003f88                HAL_RCCEx_PeriphCLKConfig
 .text.HAL_TIM_Base_Init
                0x080041d4       0xae ./Drivers/STM32F3xx_HAL_Driver/Src/stm32f3xx_hal_tim.o
                0x080041d4                HAL_TIM_Base_Init
 .text.HAL_TIM_PWM_Init
                0x08004282       0xae ./Drivers/STM32F3xx_HAL_Driver/Src/stm32f3xx_hal_tim.o
                0x08004282                HAL_TIM_PWM_Init
 .text.HAL_TIM_PWM_Start
                0x08004330      0x1d8 ./Drivers/STM32F3xx_HAL_Driver/Src/stm32f3xx_hal_tim.o
                0x08004330                HAL_TIM_PWM_Start
 .text.HAL_TIM_PWM_Stop
                0x08004508      0x11c ./Drivers/STM32F3xx_HAL_Driver/Src/stm32f3xx_hal_tim.o
                0x08004508                HAL_TIM_PWM_Stop
 .text.HAL_TIM_PWM_ConfigChannel
                0x08004624      0x228 ./Drivers/STM32F3xx_HAL_Driver/Src/stm32f3xx_hal_tim.o
                0x08004624                HAL_TIM_PWM_ConfigChannel
 .text.TIM_Base_SetConfig
                0x0800484c      0x108 ./Drivers/STM32F3xx_HAL_Driver/Src/stm32f3xx_hal_tim.o
                0x0800484c                TIM_Base_SetConfig
 .text.TIM_OC1_SetConfig
                0x08004954      0x10c ./Drivers/STM32F3xx_HAL_Driver/Src/stm32f3xx_hal_tim.o
 .text.TIM_OC2_SetConfig
                0x08004a60      0x100 ./Drivers/STM32F3xx_HAL_Driver/Src/stm32f3xx_hal_tim.o
                0x08004a60                TIM_OC2_SetConfig
 .text.TIM_OC3_SetConfig
                0x08004b60       0xfc ./Drivers/STM32F3xx_HAL_Driver/Src/stm32f3xx_hal_tim.o
 .text.TIM_OC4_SetConfig
                0x08004c5c       0xc8 ./Drivers/STM32F3xx_HAL_Driver/Src/stm32f3xx_hal_tim.o
 .text.TIM_OC5_SetConfig
                0x08004d24       0xbc ./Drivers/STM32F3xx_HAL_Driver/Src/stm32f3xx_hal_tim.o
 .text.TIM_OC6_SetConfig
                0x08004de0       0xc0 ./Drivers/STM32F3xx_HAL_Driver/Src/stm32f3xx_hal_tim.o
 .text.TIM_CCxChannelCmd
                0x08004ea0       0x4a ./Drivers/STM32F3xx_HAL_Driver/Src/stm32f3xx_hal_tim.o
                0x08004ea0                TIM_CCxChannelCmd
 *fill*         0x08004eea        0x2 
 .text.HAL_TIMEx_MasterConfigSynchronization
                0x08004eec       0xdc ./Drivers/STM32F3xx_HAL_Driver/Src/stm32f3xx_hal_tim_ex.o
                0x08004eec                HAL_TIMEx_MasterConfigSynchronization
 .text.HAL_TIMEx_ConfigBreakDeadTime
                0x08004fc8       0xf0 ./Drivers/STM32F3xx_HAL_Driver/Src/stm32f3xx_hal_tim_ex.o
                0x08004fc8                HAL_TIMEx_ConfigBreakDeadTime
 .text.HAL_UART_Init
                0x080050b8       0x9c ./Drivers/STM32F3xx_HAL_Driver/Src/stm32f3xx_hal_uart.o
                0x080050b8                HAL_UART_Init
 .text.HAL_UART_Transmit_IT
                0x08005154       0xbc ./Drivers/STM32F3xx_HAL_Driver/Src/stm32f3xx_hal_uart.o
                0x08005154                HAL_UART_Transmit_IT
 .text.HAL_UART_Receive_IT
                0x08005210       0x88 ./Drivers/STM32F3xx_HAL_Driver/Src/stm32f3xx_hal_uart.o
                0x08005210                HAL_UART_Receive_IT
 .text.HAL_UART_IRQHandler
                0x08005298      0x5cc ./Drivers/STM32F3xx_HAL_Driver/Src/stm32f3xx_hal_uart.o
                0x08005298                HAL_UART_IRQHandler
 .text.HAL_UART_TxCpltCallback
                0x08005864       0x14 ./Drivers/STM32F3xx_HAL_Driver/Src/stm32f3xx_hal_uart.o
                0x08005864                HAL_UART_TxCpltCallback
 .text.HAL_UART_ErrorCallback
                0x08005878       0x14 ./Drivers/STM32F3xx_HAL_Driver/Src/stm32f3xx_hal_uart.o
                0x08005878                HAL_UART_ErrorCallback
 .text.HAL_UARTEx_RxEventCallback
                0x0800588c       0x18 ./Drivers/STM32F3xx_HAL_Driver/Src/stm32f3xx_hal_uart.o
                0x0800588c                HAL_UARTEx_RxEventCallback
 .text.UART_SetConfig
                0x080058a4      0x26c ./Drivers/STM32F3xx_HAL_Driver/Src/stm32f3xx_hal_uart.o
                0x080058a4                UART_SetConfig
 .text.UART_AdvFeatureConfig
                0x08005b10      0x144 ./Drivers/STM32F3xx_HAL_Driver/Src/stm32f3xx_hal_uart.o
                0x08005b10                UART_AdvFeatureConfig
 .text.UART_CheckIdleState
                0x08005c54      0x150 ./Drivers/STM32F3xx_HAL_Driver/Src/stm32f3xx_hal_uart.o
                0x08005c54                UART_CheckIdleState
 .text.UART_WaitOnFlagUntilTimeout
                0x08005da4       0xda ./Drivers/STM32F3xx_HAL_Driver/Src/stm32f3xx_hal_uart.o
                0x08005da4                UART_WaitOnFlagUntilTimeout
 *fill*         0x08005e7e        0x2 
 .text.UART_Start_Receive_IT
                0x08005e80      0x18c ./Drivers/STM32F3xx_HAL_Driver/Src/stm32f3xx_hal_uart.o
                0x08005e80                UART_Start_Receive_IT
 .text.UART_EndRxTransfer
                0x0800600c       0xc8 ./Drivers/STM32F3xx_HAL_Driver/Src/stm32f3xx_hal_uart.o
 .text.UART_DMAAbortOnError
                0x080060d4       0x2c ./Drivers/STM32F3xx_HAL_Driver/Src/stm32f3xx_hal_uart.o
 .text.UART_TxISR_8BIT
                0x08006100       0xb6 ./Drivers/STM32F3xx_HAL_Driver/Src/stm32f3xx_hal_uart.o
 .text.UART_TxISR_16BIT
                0x080061b6       0xc0 ./Drivers/STM32F3xx_HAL_Driver/Src/stm32f3xx_hal_uart.o
 .text.UART_EndTransmit_IT
                0x08006276       0x54 ./Drivers/STM32F3xx_HAL_Driver/Src/stm32f3xx_hal_uart.o
 .text.UART_RxISR_8BIT
                0x080062ca      0x1a8 ./Drivers/STM32F3xx_HAL_Driver/Src/stm32f3xx_hal_uart.o
 .text.UART_RxISR_16BIT
                0x08006472      0x1a8 ./Drivers/STM32F3xx_HAL_Driver/Src/stm32f3xx_hal_uart.o
 .text.HAL_UARTEx_WakeupCallback
                0x0800661a       0x14 ./Drivers/STM32F3xx_HAL_Driver/Src/stm32f3xx_hal_uart_ex.o
                0x0800661a                HAL_UARTEx_WakeupCallback
 .text.memset   0x0800662e       0x10 /Applications/STM32CubeIDE.app/Contents/Eclipse/plugins/com.st.stm32cube.ide.mcu.externaltools.gnu-tools-for-stm32.12.3.rel1.macos64_1.1.0.202410301201/tools/bin/../lib/gcc/arm-none-eabi/12.3.1/../../../../arm-none-eabi/lib/thumb/v7e-m+fp/hard/libc_nano.a(libc_a-memset.o)
                0x0800662e                memset
 *fill*         0x0800663e        0x2 
 .text.__libc_init_array
                0x08006640       0x48 /Applications/STM32CubeIDE.app/Contents/Eclipse/plugins/com.st.stm32cube.ide.mcu.externaltools.gnu-tools-for-stm32.12.3.rel1.macos64_1.1.0.202410301201/tools/bin/../lib/gcc/arm-none-eabi/12.3.1/../../../../arm-none-eabi/lib/thumb/v7e-m+fp/hard/libc_nano.a(libc_a-init.o)
                0x08006640                __libc_init_array
 *(.glue_7)
 .glue_7        0x08006688        0x0 linker stubs
 *(.glue_7t)
 .glue_7t       0x08006688        0x0 linker stubs
 *(.eh_frame)
 .eh_frame      0x08006688        0x0 /Applications/STM32CubeIDE.app/Contents/Eclipse/plugins/com.st.stm32cube.ide.mcu.externaltools.gnu-tools-for-stm32.12.3.rel1.macos64_1.1.0.202410301201/tools/bin/../lib/gcc/arm-none-eabi/12.3.1/thumb/v7e-m+fp/hard/crtbegin.o
 *(.init)
 .init          0x08006688        0x4 /Applications/STM32CubeIDE.app/Contents/Eclipse/plugins/com.st.stm32cube.ide.mcu.externaltools.gnu-tools-for-stm32.12.3.rel1.macos64_1.1.0.202410301201/tools/bin/../lib/gcc/arm-none-eabi/12.3.1/thumb/v7e-m+fp/hard/crti.o
                0x08006688                _init
 .init          0x0800668c        0x8 /Applications/STM32CubeIDE.app/Contents/Eclipse/plugins/com.st.stm32cube.ide.mcu.externaltools.gnu-tools-for-stm32.12.3.rel1.macos64_1.1.0.202410301201/tools/bin/../lib/gcc/arm-none-eabi/12.3.1/thumb/v7e-m+fp/hard/crtn.o
 *(.fini)
 .fini          0x08006694        0x4 /Applications/STM32CubeIDE.app/Contents/Eclipse/plugins/com.st.stm32cube.ide.mcu.externaltools.gnu-tools-for-stm32.12.3.rel1.macos64_1.1.0.202410301201/tools/bin/../lib/gcc/arm-none-eabi/12.3.1/thumb/v7e-m+fp/hard/crti.o
                0x08006694                _fini
 .fini          0x08006698        0x8 /Applications/STM32CubeIDE.app/Contents/Eclipse/plugins/com.st.stm32cube.ide.mcu.externaltools.gnu-tools-for-stm32.12.3.rel1.macos64_1.1.0.202410301201/tools/bin/../lib/gcc/arm-none-eabi/12.3.1/thumb/v7e-m+fp/hard/crtn.o
                0x080066a0                        . = ALIGN (0x4)
                0x080066a0                        _etext = .

.vfp11_veneer   0x080066a0        0x0
 .vfp11_veneer  0x080066a0        0x0 linker stubs

.v4_bx          0x080066a0        0x0
 .v4_bx         0x080066a0        0x0 linker stubs

.iplt           0x080066a0        0x0
 .iplt          0x080066a0        0x0 /Applications/STM32CubeIDE.app/Contents/Eclipse/plugins/com.st.stm32cube.ide.mcu.externaltools.gnu-tools-for-stm32.12.3.rel1.macos64_1.1.0.202410301201/tools/bin/../lib/gcc/arm-none-eabi/12.3.1/thumb/v7e-m+fp/hard/crtbegin.o

.rodata         0x080066a0       0x4c
                0x080066a0                        . = ALIGN (0x4)
 *(.rodata)
 .rodata        0x080066a0       0x14 ./Core/Src/main.o
 *(.rodata*)
 .rodata.AHBPrescTable
                0x080066b4       0x10 ./Core/Src/system_stm32f3xx.o
                0x080066b4                AHBPrescTable
 .rodata.APBPrescTable
                0x080066c4        0x8 ./Core/Src/system_stm32f3xx.o
                0x080066c4                APBPrescTable
 .rodata.aPLLMULFactorTable
                0x080066cc       0x10 ./Drivers/STM32F3xx_HAL_Driver/Src/stm32f3xx_hal_rcc.o
 .rodata.aPredivFactorTable
                0x080066dc       0x10 ./Drivers/STM32F3xx_HAL_Driver/Src/stm32f3xx_hal_rcc.o
                0x080066ec                        . = ALIGN (0x4)

.ARM.extab      0x080066ec        0x0
                0x080066ec                        . = ALIGN (0x4)
 *(.ARM.extab* .gnu.linkonce.armextab.*)
                0x080066ec                        . = ALIGN (0x4)

.ARM            0x080066ec        0x0
                0x080066ec                        . = ALIGN (0x4)
                0x080066ec                        __exidx_start = .
 *(.ARM.exidx*)
                0x080066ec                        __exidx_end = .
                0x080066ec                        . = ALIGN (0x4)

.preinit_array  0x080066ec        0x0
                0x080066ec                        . = ALIGN (0x4)
                0x080066ec                        PROVIDE (__preinit_array_start = .)
 *(.preinit_array*)
                0x080066ec                        PROVIDE (__preinit_array_end = .)
                0x080066ec                        . = ALIGN (0x4)

.init_array     0x080066ec        0x4
                0x080066ec                        . = ALIGN (0x4)
                0x080066ec                        PROVIDE (__init_array_start = .)
 *(SORT_BY_NAME(.init_array.*))
 *(.init_array*)
 .init_array    0x080066ec        0x4 /Applications/STM32CubeIDE.app/Contents/Eclipse/plugins/com.st.stm32cube.ide.mcu.externaltools.gnu-tools-for-stm32.12.3.rel1.macos64_1.1.0.202410301201/tools/bin/../lib/gcc/arm-none-eabi/12.3.1/thumb/v7e-m+fp/hard/crtbegin.o
                0x080066f0                        PROVIDE (__init_array_end = .)
                0x080066f0                        . = ALIGN (0x4)

.fini_array     0x080066f0        0x4
                0x080066f0                        . = ALIGN (0x4)
                [!provide]                        PROVIDE (__fini_array_start = .)
 *(SORT_BY_NAME(.fini_array.*))
 *(.fini_array*)
 .fini_array    0x080066f0        0x4 /Applications/STM32CubeIDE.app/Contents/Eclipse/plugins/com.st.stm32cube.ide.mcu.externaltools.gnu-tools-for-stm32.12.3.rel1.macos64_1.1.0.202410301201/tools/bin/../lib/gcc/arm-none-eabi/12.3.1/thumb/v7e-m+fp/hard/crtbegin.o
                [!provide]                        PROVIDE (__fini_array_end = .)
                0x080066f4                        . = ALIGN (0x4)
                0x080066f4                        _sidata = LOADADDR (.data)

.rel.dyn        0x080066f4        0x0
 .rel.iplt      0x080066f4        0x0 /Applications/STM32CubeIDE.app/Contents/Eclipse/plugins/com.st.stm32cube.ide.mcu.externaltools.gnu-tools-for-stm32.12.3.rel1.macos64_1.1.0.202410301201/tools/bin/../lib/gcc/arm-none-eabi/12.3.1/thumb/v7e-m+fp/hard/crtbegin.o

.data           0x20000000       0x48 load address 0x080066f4
                0x20000000                        . = ALIGN (0x4)
                0x20000000                        _sdata = .
 *(.data)
 *(.data*)
 .data.servos   0x20000000       0x3c ./Core/Src/main.o
                0x20000000                servos
 .data.SystemCoreClock
                0x2000003c        0x4 ./Core/Src/system_stm32f3xx.o
                0x2000003c                SystemCoreClock
 .data.uwTickPrio
                0x20000040        0x4 ./Drivers/STM32F3xx_HAL_Driver/Src/stm32f3xx_hal.o
                0x20000040                uwTickPrio
 .data.uwTickFreq
                0x20000044        0x1 ./Drivers/STM32F3xx_HAL_Driver/Src/stm32f3xx_hal.o
                0x20000044                uwTickFreq
 *(.RamFunc)
 *(.RamFunc*)
                0x20000048                        . = ALIGN (0x4)
 *fill*         0x20000045        0x3 
                0x20000048                        _edata = .
                0x0800673c                        _siccmram = LOADADDR (.ccmram)

.igot.plt       0x20000048        0x0 load address 0x0800673c
 .igot.plt      0x20000048        0x0 /Applications/STM32CubeIDE.app/Contents/Eclipse/plugins/com.st.stm32cube.ide.mcu.externaltools.gnu-tools-for-stm32.12.3.rel1.macos64_1.1.0.202410301201/tools/bin/../lib/gcc/arm-none-eabi/12.3.1/thumb/v7e-m+fp/hard/crtbegin.o

.ccmram         0x10000000        0x0 load address 0x0800673c
                0x10000000                        . = ALIGN (0x4)
                0x10000000                        _sccmram = .
 *(.ccmram)
 *(.ccmram*)
                0x10000000                        . = ALIGN (0x4)
                0x10000000                        _eccmram = .
                0x10000000                        . = ALIGN (0x4)

.bss            0x20000048      0x2a4
                0x20000048                        _sbss = .
                0x20000048                        __bss_start__ = _sbss
 *(.bss)
 .bss           0x20000048       0x1c /Applications/STM32CubeIDE.app/Contents/Eclipse/plugins/com.st.stm32cube.ide.mcu.externaltools.gnu-tools-for-stm32.12.3.rel1.macos64_1.1.0.202410301201/tools/bin/../lib/gcc/arm-none-eabi/12.3.1/thumb/v7e-m+fp/hard/crtbegin.o
 *(.bss*)
 .bss.ticks     0x20000064        0x4 ./Core/Src/main.o
                0x20000064                ticks
 .bss.isCloseAll
                0x20000068        0x1 ./Core/Src/main.o
                0x20000068                isCloseAll
 .bss.isAborted
                0x20000069        0x1 ./Core/Src/main.o
                0x20000069                isAborted
 .bss.isServoEnabled
                0x2000006a        0x1 ./Core/Src/main.o
                0x2000006a                isServoEnabled
 .bss.isStarted
                0x2000006b        0x1 ./Core/Src/main.o
                0x2000006b                isStarted
 .bss.ack       0x2000006c        0x1 ./Core/Src/main.o
                0x2000006c                ack
 .bss.igniterState
                0x2000006d        0x1 ./Core/Src/main.o
                0x2000006d                igniterState
 .bss.eo1State  0x2000006e        0x1 ./Core/Src/main.o
                0x2000006e                eo1State
 .bss.no6State  0x2000006f        0x1 ./Core/Src/main.o
                0x2000006f                no6State
 .bss.no4State  0x20000070        0x1 ./Core/Src/main.o
                0x20000070                no4State
 .bss.no3State  0x20000071        0x1 ./Core/Src/main.o
                0x20000071                no3State
 .bss.no2State  0x20000072        0x1 ./Core/Src/main.o
                0x20000072                no2State
 *fill*         0x20000073        0x5 
 .bss.no2_on_time
                0x20000078        0x8 ./Core/Src/main.o
                0x20000078                no2_on_time
 .bss.no3_on_time
                0x20000080        0x8 ./Core/Src/main.o
                0x20000080                no3_on_time
 .bss.no4_on_time
                0x20000088        0x8 ./Core/Src/main.o
                0x20000088                no4_on_time
 .bss.no6_on_time
                0x20000090        0x8 ./Core/Src/main.o
                0x20000090                no6_on_time
 .bss.eo1_on_time
                0x20000098        0x8 ./Core/Src/main.o
                0x20000098                eo1_on_time
 .bss.rx_buff   0x200000a0        0x1 ./Core/Src/main.o
                0x200000a0                rx_buff
 *fill*         0x200000a1        0x3 
 .bss.tx_buff   0x200000a4        0x1 ./Core/Src/main.o
                0x200000a4                tx_buff
 *fill*         0x200000a5        0x3 
 .bss.htim1     0x200000a8       0x4c ./Core/Src/main.o
                0x200000a8                htim1
 .bss.htim2     0x200000f4       0x4c ./Core/Src/main.o
                0x200000f4                htim2
 .bss.htim3     0x20000140       0x4c ./Core/Src/main.o
                0x20000140                htim3
 .bss.htim16    0x2000018c       0x4c ./Core/Src/main.o
                0x2000018c                htim16
 .bss.huart1    0x200001d8       0x88 ./Core/Src/main.o
                0x200001d8                huart1
 .bss.huart2    0x20000260       0x88 ./Core/Src/main.o
                0x20000260                huart2
 .bss.uwTick    0x200002e8        0x4 ./Drivers/STM32F3xx_HAL_Driver/Src/stm32f3xx_hal.o
                0x200002e8                uwTick
 *(COMMON)
                0x200002ec                        . = ALIGN (0x4)
                0x200002ec                        _ebss = .
                0x200002ec                        __bss_end__ = _ebss

._user_heap_stack
                0x200002ec      0x604
                0x200002f0                        . = ALIGN (0x8)
 *fill*         0x200002ec        0x4 
                [!provide]                        PROVIDE (end = .)
                0x200002f0                        PROVIDE (_end = .)
                0x200004f0                        . = (. + _Min_Heap_Size)
 *fill*         0x200002f0      0x200 
                0x200008f0                        . = (. + _Min_Stack_Size)
 *fill*         0x200004f0      0x400 
                0x200008f0                        . = ALIGN (0x8)

/DISCARD/
 libc.a(*)
 libm.a(*)
 libgcc.a(*)

.ARM.attributes
                0x00000000       0x30
 *(.ARM.attributes)
 .ARM.attributes
                0x00000000       0x22 /Applications/STM32CubeIDE.app/Contents/Eclipse/plugins/com.st.stm32cube.ide.mcu.externaltools.gnu-tools-for-stm32.12.3.rel1.macos64_1.1.0.202410301201/tools/bin/../lib/gcc/arm-none-eabi/12.3.1/thumb/v7e-m+fp/hard/crti.o
 .ARM.attributes
                0x00000022       0x34 /Applications/STM32CubeIDE.app/Contents/Eclipse/plugins/com.st.stm32cube.ide.mcu.externaltools.gnu-tools-for-stm32.12.3.rel1.macos64_1.1.0.202410301201/tools/bin/../lib/gcc/arm-none-eabi/12.3.1/thumb/v7e-m+fp/hard/crtbegin.o
 .ARM.attributes
                0x00000056       0x34 ./Core/Src/main.o
 .ARM.attributes
                0x0000008a       0x34 ./Core/Src/stm32f3xx_hal_msp.o
 .ARM.attributes
                0x000000be       0x34 ./Core/Src/stm32f3xx_it.o
 .ARM.attributes
                0x000000f2       0x34 ./Core/Src/system_stm32f3xx.o
 .ARM.attributes
                0x00000126       0x21 ./Core/Startup/startup_stm32f303k8tx.o
 .ARM.attributes
                0x00000147       0x34 ./Drivers/STM32F3xx_HAL_Driver/Src/stm32f3xx_hal.o
 .ARM.attributes
                0x0000017b       0x34 ./Drivers/STM32F3xx_HAL_Driver/Src/stm32f3xx_hal_cortex.o
 .ARM.attributes
                0x000001af       0x34 ./Drivers/STM32F3xx_HAL_Driver/Src/stm32f3xx_hal_dma.o
 .ARM.attributes
                0x000001e3       0x34 ./Drivers/STM32F3xx_HAL_Driver/Src/stm32f3xx_hal_gpio.o
 .ARM.attributes
                0x00000217       0x34 ./Drivers/STM32F3xx_HAL_Driver/Src/stm32f3xx_hal_rcc.o
 .ARM.attributes
                0x0000024b       0x34 ./Drivers/STM32F3xx_HAL_Driver/Src/stm32f3xx_hal_rcc_ex.o
 .ARM.attributes
                0x0000027f       0x34 ./Drivers/STM32F3xx_HAL_Driver/Src/stm32f3xx_hal_tim.o
 .ARM.attributes
                0x000002b3       0x34 ./Drivers/STM32F3xx_HAL_Driver/Src/stm32f3xx_hal_tim_ex.o
 .ARM.attributes
                0x000002e7       0x34 ./Drivers/STM32F3xx_HAL_Driver/Src/stm32f3xx_hal_uart.o
 .ARM.attributes
                0x0000031b       0x34 ./Drivers/STM32F3xx_HAL_Driver/Src/stm32f3xx_hal_uart_ex.o
 .ARM.attributes
                0x0000034f       0x34 /Applications/STM32CubeIDE.app/Contents/Eclipse/plugins/com.st.stm32cube.ide.mcu.externaltools.gnu-tools-for-stm32.12.3.rel1.macos64_1.1.0.202410301201/tools/bin/../lib/gcc/arm-none-eabi/12.3.1/../../../../arm-none-eabi/lib/thumb/v7e-m+fp/hard/libc_nano.a(libc_a-memset.o)
 .ARM.attributes
                0x00000383       0x34 /Applications/STM32CubeIDE.app/Contents/Eclipse/plugins/com.st.stm32cube.ide.mcu.externaltools.gnu-tools-for-stm32.12.3.rel1.macos64_1.1.0.202410301201/tools/bin/../lib/gcc/arm-none-eabi/12.3.1/../../../../arm-none-eabi/lib/thumb/v7e-m+fp/hard/libc_nano.a(libc_a-init.o)
 .ARM.attributes
                0x000003b7       0x22 /Applications/STM32CubeIDE.app/Contents/Eclipse/plugins/com.st.stm32cube.ide.mcu.externaltools.gnu-tools-for-stm32.12.3.rel1.macos64_1.1.0.202410301201/tools/bin/../lib/gcc/arm-none-eabi/12.3.1/thumb/v7e-m+fp/hard/libgcc.a(_arm_addsubdf3.o)
 .ARM.attributes
                0x000003d9       0x22 /Applications/STM32CubeIDE.app/Contents/Eclipse/plugins/com.st.stm32cube.ide.mcu.externaltools.gnu-tools-for-stm32.12.3.rel1.macos64_1.1.0.202410301201/tools/bin/../lib/gcc/arm-none-eabi/12.3.1/thumb/v7e-m+fp/hard/libgcc.a(_arm_muldivdf3.o)
 .ARM.attributes
                0x000003fb       0x22 /Applications/STM32CubeIDE.app/Contents/Eclipse/plugins/com.st.stm32cube.ide.mcu.externaltools.gnu-tools-for-stm32.12.3.rel1.macos64_1.1.0.202410301201/tools/bin/../lib/gcc/arm-none-eabi/12.3.1/thumb/v7e-m+fp/hard/libgcc.a(_arm_fixunsdfsi.o)
 .ARM.attributes
                0x0000041d       0x22 /Applications/STM32CubeIDE.app/Contents/Eclipse/plugins/com.st.stm32cube.ide.mcu.externaltools.gnu-tools-for-stm32.12.3.rel1.macos64_1.1.0.202410301201/tools/bin/../lib/gcc/arm-none-eabi/12.3.1/thumb/v7e-m+fp/hard/crtn.o
OUTPUT(StaticFireFirmware303.elf elf32-littlearm)
LOAD linker stubs
LOAD /Applications/STM32CubeIDE.app/Contents/Eclipse/plugins/com.st.stm32cube.ide.mcu.externaltools.gnu-tools-for-stm32.12.3.rel1.macos64_1.1.0.202410301201/tools/bin/../lib/gcc/arm-none-eabi/12.3.1/../../../../arm-none-eabi/lib/thumb/v7e-m+fp/hard/libc.a
LOAD /Applications/STM32CubeIDE.app/Contents/Eclipse/plugins/com.st.stm32cube.ide.mcu.externaltools.gnu-tools-for-stm32.12.3.rel1.macos64_1.1.0.202410301201/tools/bin/../lib/gcc/arm-none-eabi/12.3.1/../../../../arm-none-eabi/lib/thumb/v7e-m+fp/hard/libm.a
LOAD /Applications/STM32CubeIDE.app/Contents/Eclipse/plugins/com.st.stm32cube.ide.mcu.externaltools.gnu-tools-for-stm32.12.3.rel1.macos64_1.1.0.202410301201/tools/bin/../lib/gcc/arm-none-eabi/12.3.1/thumb/v7e-m+fp/hard/libgcc.a

.debug_info     0x00000000     0xf34e
 .debug_info    0x00000000     0x1914 ./Core/Src/main.o
 .debug_info    0x00001914      0xfe4 ./Core/Src/stm32f3xx_hal_msp.o
 .debug_info    0x000028f8      0x6ee ./Core/Src/stm32f3xx_it.o
 .debug_info    0x00002fe6      0x407 ./Core/Src/system_stm32f3xx.o
 .debug_info    0x000033ed       0x30 ./Core/Startup/startup_stm32f303k8tx.o
 .debug_info    0x0000341d      0x74a ./Drivers/STM32F3xx_HAL_Driver/Src/stm32f3xx_hal.o
 .debug_info    0x00003b67      0xa87 ./Drivers/STM32F3xx_HAL_Driver/Src/stm32f3xx_hal_cortex.o
 .debug_info    0x000045ee      0x6e1 ./Drivers/STM32F3xx_HAL_Driver/Src/stm32f3xx_hal_dma.o
 .debug_info    0x00004ccf      0x6a6 ./Drivers/STM32F3xx_HAL_Driver/Src/stm32f3xx_hal_gpio.o
 .debug_info    0x00005375     0x148a ./Drivers/STM32F3xx_HAL_Driver/Src/stm32f3xx_hal_rcc.o
 .debug_info    0x000067ff      0x52e ./Drivers/STM32F3xx_HAL_Driver/Src/stm32f3xx_hal_rcc_ex.o
 .debug_info    0x00006d2d     0x2a70 ./Drivers/STM32F3xx_HAL_Driver/Src/stm32f3xx_hal_tim.o
 .debug_info    0x0000979d     0x156d ./Drivers/STM32F3xx_HAL_Driver/Src/stm32f3xx_hal_tim_ex.o
 .debug_info    0x0000ad0a     0x39a8 ./Drivers/STM32F3xx_HAL_Driver/Src/stm32f3xx_hal_uart.o
 .debug_info    0x0000e6b2      0xc9c ./Drivers/STM32F3xx_HAL_Driver/Src/stm32f3xx_hal_uart_ex.o

.debug_abbrev   0x00000000     0x212c
 .debug_abbrev  0x00000000      0x3b0 ./Core/Src/main.o
 .debug_abbrev  0x000003b0      0x23b ./Core/Src/stm32f3xx_hal_msp.o
 .debug_abbrev  0x000005eb      0x173 ./Core/Src/stm32f3xx_it.o
 .debug_abbrev  0x0000075e      0x11a ./Core/Src/system_stm32f3xx.o
 .debug_abbrev  0x00000878       0x24 ./Core/Startup/startup_stm32f303k8tx.o
 .debug_abbrev  0x0000089c      0x215 ./Drivers/STM32F3xx_HAL_Driver/Src/stm32f3xx_hal.o
 .debug_abbrev  0x00000ab1      0x2f8 ./Drivers/STM32F3xx_HAL_Driver/Src/stm32f3xx_hal_cortex.o
 .debug_abbrev  0x00000da9      0x20d ./Drivers/STM32F3xx_HAL_Driver/Src/stm32f3xx_hal_dma.o
 .debug_abbrev  0x00000fb6      0x1ca ./Drivers/STM32F3xx_HAL_Driver/Src/stm32f3xx_hal_gpio.o
 .debug_abbrev  0x00001180      0x300 ./Drivers/STM32F3xx_HAL_Driver/Src/stm32f3xx_hal_rcc.o
 .debug_abbrev  0x00001480      0x221 ./Drivers/STM32F3xx_HAL_Driver/Src/stm32f3xx_hal_rcc_ex.o
 .debug_abbrev  0x000016a1      0x278 ./Drivers/STM32F3xx_HAL_Driver/Src/stm32f3xx_hal_tim.o
 .debug_abbrev  0x00001919      0x283 ./Drivers/STM32F3xx_HAL_Driver/Src/stm32f3xx_hal_tim_ex.o
 .debug_abbrev  0x00001b9c      0x2d1 ./Drivers/STM32F3xx_HAL_Driver/Src/stm32f3xx_hal_uart.o
 .debug_abbrev  0x00001e6d      0x2bf ./Drivers/STM32F3xx_HAL_Driver/Src/stm32f3xx_hal_uart_ex.o

.debug_aranges  0x00000000      0xd48
 .debug_aranges
                0x00000000       0xc8 ./Core/Src/main.o
 .debug_aranges
                0x000000c8       0x58 ./Core/Src/stm32f3xx_hal_msp.o
 .debug_aranges
                0x00000120       0x68 ./Core/Src/stm32f3xx_it.o
 .debug_aranges
                0x00000188       0x28 ./Core/Src/system_stm32f3xx.o
 .debug_aranges
                0x000001b0       0x28 ./Core/Startup/startup_stm32f303k8tx.o
 .debug_aranges
                0x000001d8       0xe0 ./Drivers/STM32F3xx_HAL_Driver/Src/stm32f3xx_hal.o
 .debug_aranges
                0x000002b8      0x100 ./Drivers/STM32F3xx_HAL_Driver/Src/stm32f3xx_hal_cortex.o
 .debug_aranges
                0x000003b8       0x88 ./Drivers/STM32F3xx_HAL_Driver/Src/stm32f3xx_hal_dma.o
 .debug_aranges
                0x00000440       0x58 ./Drivers/STM32F3xx_HAL_Driver/Src/stm32f3xx_hal_gpio.o
 .debug_aranges
                0x00000498       0x88 ./Drivers/STM32F3xx_HAL_Driver/Src/stm32f3xx_hal_rcc.o
 .debug_aranges
                0x00000520       0x38 ./Drivers/STM32F3xx_HAL_Driver/Src/stm32f3xx_hal_rcc_ex.o
 .debug_aranges
                0x00000558      0x3e0 ./Drivers/STM32F3xx_HAL_Driver/Src/stm32f3xx_hal_tim.o
 .debug_aranges
                0x00000938      0x178 ./Drivers/STM32F3xx_HAL_Driver/Src/stm32f3xx_hal_tim_ex.o
 .debug_aranges
                0x00000ab0      0x228 ./Drivers/STM32F3xx_HAL_Driver/Src/stm32f3xx_hal_uart.o
 .debug_aranges
                0x00000cd8       0x70 ./Drivers/STM32F3xx_HAL_Driver/Src/stm32f3xx_hal_uart_ex.o

.debug_rnglists
                0x00000000      0xa77
 .debug_rnglists
                0x00000000       0xa1 ./Core/Src/main.o
 .debug_rnglists
                0x000000a1       0x40 ./Core/Src/stm32f3xx_hal_msp.o
 .debug_rnglists
                0x000000e1       0x49 ./Core/Src/stm32f3xx_it.o
 .debug_rnglists
                0x0000012a       0x1a ./Core/Src/system_stm32f3xx.o
 .debug_rnglists
                0x00000144       0x19 ./Core/Startup/startup_stm32f303k8tx.o
 .debug_rnglists
                0x0000015d       0xa3 ./Drivers/STM32F3xx_HAL_Driver/Src/stm32f3xx_hal.o
 .debug_rnglists
                0x00000200       0xbb ./Drivers/STM32F3xx_HAL_Driver/Src/stm32f3xx_hal_cortex.o
 .debug_rnglists
                0x000002bb       0x69 ./Drivers/STM32F3xx_HAL_Driver/Src/stm32f3xx_hal_dma.o
 .debug_rnglists
                0x00000324       0x3f ./Drivers/STM32F3xx_HAL_Driver/Src/stm32f3xx_hal_gpio.o
 .debug_rnglists
                0x00000363       0x66 ./Drivers/STM32F3xx_HAL_Driver/Src/stm32f3xx_hal_rcc.o
 .debug_rnglists
                0x000003c9       0x27 ./Drivers/STM32F3xx_HAL_Driver/Src/stm32f3xx_hal_rcc_ex.o
 .debug_rnglists
                0x000003f0      0x328 ./Drivers/STM32F3xx_HAL_Driver/Src/stm32f3xx_hal_tim.o
 .debug_rnglists
                0x00000718      0x131 ./Drivers/STM32F3xx_HAL_Driver/Src/stm32f3xx_hal_tim_ex.o
 .debug_rnglists
                0x00000849      0x1da ./Drivers/STM32F3xx_HAL_Driver/Src/stm32f3xx_hal_uart.o
 .debug_rnglists
                0x00000a23       0x54 ./Drivers/STM32F3xx_HAL_Driver/Src/stm32f3xx_hal_uart_ex.o

.debug_macro    0x00000000    0x1acc7
 .debug_macro   0x00000000      0x268 ./Core/Src/main.o
 .debug_macro   0x00000268      0xab4 ./Core/Src/main.o
 .debug_macro   0x00000d1c      0x157 ./Core/Src/main.o
 .debug_macro   0x00000e73       0x2e ./Core/Src/main.o
 .debug_macro   0x00000ea1       0x28 ./Core/Src/main.o
 .debug_macro   0x00000ec9       0x22 ./Core/Src/main.o
 .debug_macro   0x00000eeb       0x8e ./Core/Src/main.o
 .debug_macro   0x00000f79       0x51 ./Core/Src/main.o
 .debug_macro   0x00000fca      0x103 ./Core/Src/main.o
 .debug_macro   0x000010cd       0x6a ./Core/Src/main.o
 .debug_macro   0x00001137      0x1df ./Core/Src/main.o
 .debug_macro   0x00001316       0x1c ./Core/Src/main.o
 .debug_macro   0x00001332       0x22 ./Core/Src/main.o
 .debug_macro   0x00001354       0xd9 ./Core/Src/main.o
 .debug_macro   0x0000142d      0xf07 ./Core/Src/main.o
 .debug_macro   0x00002334    0x10be0 ./Core/Src/main.o
 .debug_macro   0x00012f14       0x6d ./Core/Src/main.o
 .debug_macro   0x00012f81     0x3574 ./Core/Src/main.o
 .debug_macro   0x000164f5      0x189 ./Core/Src/main.o
 .debug_macro   0x0001667e       0x55 ./Core/Src/main.o
 .debug_macro   0x000166d3      0x8f8 ./Core/Src/main.o
 .debug_macro   0x00016fcb      0x304 ./Core/Src/main.o
 .debug_macro   0x000172cf      0x1b5 ./Core/Src/main.o
 .debug_macro   0x00017484      0x11b ./Core/Src/main.o
 .debug_macro   0x0001759f      0x1d5 ./Core/Src/main.o
 .debug_macro   0x00017774      0x1bc ./Core/Src/main.o
 .debug_macro   0x00017930       0x34 ./Core/Src/main.o
 .debug_macro   0x00017964       0x3c ./Core/Src/main.o
 .debug_macro   0x000179a0       0x57 ./Core/Src/main.o
 .debug_macro   0x000179f7       0xc5 ./Core/Src/main.o
 .debug_macro   0x00017abc      0x19f ./Core/Src/main.o
 .debug_macro   0x00017c5b      0x22c ./Core/Src/main.o
 .debug_macro   0x00017e87       0x5b ./Core/Src/main.o
 .debug_macro   0x00017ee2       0xa5 ./Core/Src/main.o
 .debug_macro   0x00017f87       0x81 ./Core/Src/main.o
 .debug_macro   0x00018008       0xd3 ./Core/Src/main.o
 .debug_macro   0x000180db      0xa60 ./Core/Src/main.o
 .debug_macro   0x00018b3b       0x59 ./Core/Src/main.o
 .debug_macro   0x00018b94      0x5ba ./Core/Src/main.o
 .debug_macro   0x0001914e       0x44 ./Core/Src/main.o
 .debug_macro   0x00019192      0x285 ./Core/Src/main.o
 .debug_macro   0x00019417       0x94 ./Core/Src/main.o
 .debug_macro   0x000194ab       0x22 ./Core/Src/main.o
 .debug_macro   0x000194cd       0x64 ./Core/Src/main.o
 .debug_macro   0x00019531      0x1d4 ./Core/Src/stm32f3xx_hal_msp.o
 .debug_macro   0x00019705      0x1de ./Core/Src/stm32f3xx_it.o
 .debug_macro   0x000198e3      0x1c5 ./Core/Src/system_stm32f3xx.o
 .debug_macro   0x00019aa8      0x1e9 ./Drivers/STM32F3xx_HAL_Driver/Src/stm32f3xx_hal.o
 .debug_macro   0x00019c91      0x1c5 ./Drivers/STM32F3xx_HAL_Driver/Src/stm32f3xx_hal_cortex.o
 .debug_macro   0x00019e56      0x1c5 ./Drivers/STM32F3xx_HAL_Driver/Src/stm32f3xx_hal_dma.o
 .debug_macro   0x0001a01b      0x1cc ./Drivers/STM32F3xx_HAL_Driver/Src/stm32f3xx_hal_gpio.o
 .debug_macro   0x0001a1e7      0x1e9 ./Drivers/STM32F3xx_HAL_Driver/Src/stm32f3xx_hal_rcc.o
 .debug_macro   0x0001a3d0      0x1c5 ./Drivers/STM32F3xx_HAL_Driver/Src/stm32f3xx_hal_rcc_ex.o
 .debug_macro   0x0001a595      0x1c6 ./Drivers/STM32F3xx_HAL_Driver/Src/stm32f3xx_hal_tim.o
 .debug_macro   0x0001a75b      0x1c5 ./Drivers/STM32F3xx_HAL_Driver/Src/stm32f3xx_hal_tim_ex.o
 .debug_macro   0x0001a920      0x1e2 ./Drivers/STM32F3xx_HAL_Driver/Src/stm32f3xx_hal_uart.o
 .debug_macro   0x0001ab02      0x1c5 ./Drivers/STM32F3xx_HAL_Driver/Src/stm32f3xx_hal_uart_ex.o

.debug_line     0x00000000    0x10637
 .debug_line    0x00000000     0x1129 ./Core/Src/main.o
 .debug_line    0x00001129      0x8ca ./Core/Src/stm32f3xx_hal_msp.o
 .debug_line    0x000019f3      0x7d2 ./Core/Src/stm32f3xx_it.o
 .debug_line    0x000021c5      0x771 ./Core/Src/system_stm32f3xx.o
 .debug_line    0x00002936       0x7a ./Core/Startup/startup_stm32f303k8tx.o
 .debug_line    0x000029b0      0x9a9 ./Drivers/STM32F3xx_HAL_Driver/Src/stm32f3xx_hal.o
 .debug_line    0x00003359      0xb8f ./Drivers/STM32F3xx_HAL_Driver/Src/stm32f3xx_hal_cortex.o
 .debug_line    0x00003ee8      0xc93 ./Drivers/STM32F3xx_HAL_Driver/Src/stm32f3xx_hal_dma.o
 .debug_line    0x00004b7b      0xb0c ./Drivers/STM32F3xx_HAL_Driver/Src/stm32f3xx_hal_gpio.o
 .debug_line    0x00005687     0x133d ./Drivers/STM32F3xx_HAL_Driver/Src/stm32f3xx_hal_rcc.o
 .debug_line    0x000069c4      0xa33 ./Drivers/STM32F3xx_HAL_Driver/Src/stm32f3xx_hal_rcc_ex.o
 .debug_line    0x000073f7     0x3c87 ./Drivers/STM32F3xx_HAL_Driver/Src/stm32f3xx_hal_tim.o
 .debug_line    0x0000b07e     0x1a15 ./Drivers/STM32F3xx_HAL_Driver/Src/stm32f3xx_hal_tim_ex.o
 .debug_line    0x0000ca93     0x3087 ./Drivers/STM32F3xx_HAL_Driver/Src/stm32f3xx_hal_uart.o
 .debug_line    0x0000fb1a      0xb1d ./Drivers/STM32F3xx_HAL_Driver/Src/stm32f3xx_hal_uart_ex.o

.debug_str      0x00000000    0xa160f
 .debug_str     0x00000000    0x9e7ff ./Core/Src/main.o
                              0x9eb9e (size before relaxing)
 .debug_str     0x0009e7ff      0x351 ./Core/Src/stm32f3xx_hal_msp.o
                              0x9e456 (size before relaxing)
 .debug_str     0x0009eb50       0xef ./Core/Src/stm32f3xx_it.o
                              0x9dd4b (size before relaxing)
 .debug_str     0x0009ec3f       0xe9 ./Core/Src/system_stm32f3xx.o
                              0x9d744 (size before relaxing)
 .debug_str     0x0009ed28       0x44 ./Core/Startup/startup_stm32f303k8tx.o
                                 0x99 (size before relaxing)
 .debug_str     0x0009ed6c      0x38b ./Drivers/STM32F3xx_HAL_Driver/Src/stm32f3xx_hal.o
                              0x9de34 (size before relaxing)
 .debug_str     0x0009f0f7      0x230 ./Drivers/STM32F3xx_HAL_Driver/Src/stm32f3xx_hal_cortex.o
                              0x9dd59 (size before relaxing)
 .debug_str     0x0009f327      0x248 ./Drivers/STM32F3xx_HAL_Driver/Src/stm32f3xx_hal_dma.o
                              0x9da8c (size before relaxing)
 .debug_str     0x0009f56f      0x17f ./Drivers/STM32F3xx_HAL_Driver/Src/stm32f3xx_hal_gpio.o
                              0x9d923 (size before relaxing)
 .debug_str     0x0009f6ee      0x2c6 ./Drivers/STM32F3xx_HAL_Driver/Src/stm32f3xx_hal_rcc.o
                              0x9dbe4 (size before relaxing)
 .debug_str     0x0009f9b4       0xbe ./Drivers/STM32F3xx_HAL_Driver/Src/stm32f3xx_hal_rcc_ex.o
                              0x9d8e3 (size before relaxing)
 .debug_str     0x0009fa72      0xdc9 ./Drivers/STM32F3xx_HAL_Driver/Src/stm32f3xx_hal_tim.o
                              0x9eb7b (size before relaxing)
 .debug_str     0x000a083b      0x402 ./Drivers/STM32F3xx_HAL_Driver/Src/stm32f3xx_hal_tim_ex.o
                              0x9e3c1 (size before relaxing)
 .debug_str     0x000a0c3d      0x81a ./Drivers/STM32F3xx_HAL_Driver/Src/stm32f3xx_hal_uart.o
                              0x9e467 (size before relaxing)
 .debug_str     0x000a1457      0x1b8 ./Drivers/STM32F3xx_HAL_Driver/Src/stm32f3xx_hal_uart_ex.o
                              0x9dd6c (size before relaxing)

.comment        0x00000000       0x43
 .comment       0x00000000       0x43 ./Core/Src/main.o
                                 0x44 (size before relaxing)
 .comment       0x00000043       0x44 ./Core/Src/stm32f3xx_hal_msp.o
 .comment       0x00000043       0x44 ./Core/Src/stm32f3xx_it.o
 .comment       0x00000043       0x44 ./Core/Src/system_stm32f3xx.o
 .comment       0x00000043       0x44 ./Drivers/STM32F3xx_HAL_Driver/Src/stm32f3xx_hal.o
 .comment       0x00000043       0x44 ./Drivers/STM32F3xx_HAL_Driver/Src/stm32f3xx_hal_cortex.o
 .comment       0x00000043       0x44 ./Drivers/STM32F3xx_HAL_Driver/Src/stm32f3xx_hal_dma.o
 .comment       0x00000043       0x44 ./Drivers/STM32F3xx_HAL_Driver/Src/stm32f3xx_hal_gpio.o
 .comment       0x00000043       0x44 ./Drivers/STM32F3xx_HAL_Driver/Src/stm32f3xx_hal_rcc.o
 .comment       0x00000043       0x44 ./Drivers/STM32F3xx_HAL_Driver/Src/stm32f3xx_hal_rcc_ex.o
 .comment       0x00000043       0x44 ./Drivers/STM32F3xx_HAL_Driver/Src/stm32f3xx_hal_tim.o
 .comment       0x00000043       0x44 ./Drivers/STM32F3xx_HAL_Driver/Src/stm32f3xx_hal_tim_ex.o
 .comment       0x00000043       0x44 ./Drivers/STM32F3xx_HAL_Driver/Src/stm32f3xx_hal_uart.o
 .comment       0x00000043       0x44 ./Drivers/STM32F3xx_HAL_Driver/Src/stm32f3xx_hal_uart_ex.o

.debug_frame    0x00000000     0x3920
 .debug_frame   0x00000000      0x330 ./Core/Src/main.o
 .debug_frame   0x00000330      0x144 ./Core/Src/stm32f3xx_hal_msp.o
 .debug_frame   0x00000474      0x120 ./Core/Src/stm32f3xx_it.o
 .debug_frame   0x00000594       0x58 ./Core/Src/system_stm32f3xx.o
 .debug_frame   0x000005ec      0x334 ./Drivers/STM32F3xx_HAL_Driver/Src/stm32f3xx_hal.o
 .debug_frame   0x00000920      0x428 ./Drivers/STM32F3xx_HAL_Driver/Src/stm32f3xx_hal_cortex.o
 .debug_frame   0x00000d48      0x224 ./Drivers/STM32F3xx_HAL_Driver/Src/stm32f3xx_hal_dma.o
 .debug_frame   0x00000f6c      0x14c ./Drivers/STM32F3xx_HAL_Driver/Src/stm32f3xx_hal_gpio.o
 .debug_frame   0x000010b8      0x214 ./Drivers/STM32F3xx_HAL_Driver/Src/stm32f3xx_hal_rcc.o
 .debug_frame   0x000012cc       0xac ./Drivers/STM32F3xx_HAL_Driver/Src/stm32f3xx_hal_rcc_ex.o
 .debug_frame   0x00001378     0x1218 ./Drivers/STM32F3xx_HAL_Driver/Src/stm32f3xx_hal_tim.o
 .debug_frame   0x00002590      0x688 ./Drivers/STM32F3xx_HAL_Driver/Src/stm32f3xx_hal_tim_ex.o
 .debug_frame   0x00002c18      0x9e8 ./Drivers/STM32F3xx_HAL_Driver/Src/stm32f3xx_hal_uart.o
 .debug_frame   0x00003600      0x1b4 ./Drivers/STM32F3xx_HAL_Driver/Src/stm32f3xx_hal_uart_ex.o
 .debug_frame   0x000037b4       0x20 /Applications/STM32CubeIDE.app/Contents/Eclipse/plugins/com.st.stm32cube.ide.mcu.externaltools.gnu-tools-for-stm32.12.3.rel1.macos64_1.1.0.202410301201/tools/bin/../lib/gcc/arm-none-eabi/12.3.1/../../../../arm-none-eabi/lib/thumb/v7e-m+fp/hard/libc_nano.a(libc_a-memset.o)
 .debug_frame   0x000037d4       0x2c /Applications/STM32CubeIDE.app/Contents/Eclipse/plugins/com.st.stm32cube.ide.mcu.externaltools.gnu-tools-for-stm32.12.3.rel1.macos64_1.1.0.202410301201/tools/bin/../lib/gcc/arm-none-eabi/12.3.1/../../../../arm-none-eabi/lib/thumb/v7e-m+fp/hard/libc_nano.a(libc_a-init.o)
 .debug_frame   0x00003800       0xac /Applications/STM32CubeIDE.app/Contents/Eclipse/plugins/com.st.stm32cube.ide.mcu.externaltools.gnu-tools-for-stm32.12.3.rel1.macos64_1.1.0.202410301201/tools/bin/../lib/gcc/arm-none-eabi/12.3.1/thumb/v7e-m+fp/hard/libgcc.a(_arm_addsubdf3.o)
 .debug_frame   0x000038ac       0x50 /Applications/STM32CubeIDE.app/Contents/Eclipse/plugins/com.st.stm32cube.ide.mcu.externaltools.gnu-tools-for-stm32.12.3.rel1.macos64_1.1.0.202410301201/tools/bin/../lib/gcc/arm-none-eabi/12.3.1/thumb/v7e-m+fp/hard/libgcc.a(_arm_muldivdf3.o)
 .debug_frame   0x000038fc       0x24 /Applications/STM32CubeIDE.app/Contents/Eclipse/plugins/com.st.stm32cube.ide.mcu.externaltools.gnu-tools-for-stm32.12.3.rel1.macos64_1.1.0.202410301201/tools/bin/../lib/gcc/arm-none-eabi/12.3.1/thumb/v7e-m+fp/hard/libgcc.a(_arm_fixunsdfsi.o)

.debug_line_str
                0x00000000       0x7d
 .debug_line_str
                0x00000000       0x7d ./Core/Startup/startup_stm32f303k8tx.o
